Running sliding ZINB CPD on dataset: SATAY_synthetic
Input file: Signal_processing/sample_data/SATAY_synthetic.csv
[ 0.  1.  2.  3.  4.  5.  6.  7.  8.  9. 10. 11. 12. 13. 14. 15. 16. 17.
 18. 19. 20. 21. 22. 23. 24. 25. 26. 27. 28. 29. 30. 31. 32. 33. 34. 35.
 36. 37. 38. 39. 40.]
Using 4 workers to process 4 window sizes in parallel
Processing window size: 80, threshold: 0.00
Processing window size: 80, threshold: 1.00
Processing window size: 80, threshold: 2.00
Processing window size: 80, threshold: 3.00
Processing window size: 80, threshold: 4.00
Processing window size: 80, threshold: 5.00
Processing window size: 80, threshold: 6.00
Processing window size: 80, threshold: 7.00
Processing window size: 80, threshold: 8.00
Processing window size: 80, threshold: 9.00
Processing window size: 80, threshold: 10.00
Processing window size: 80, threshold: 11.00
Processing window size: 80, threshold: 12.00
Processing window size: 80, threshold: 13.00
Processing window size: 80, threshold: 14.00
Processing window size: 80, threshold: 15.00
Processing window size: 80, threshold: 16.00
Processing window size: 80, threshold: 17.00
Processing window size: 80, threshold: 18.00
Processing window size: 80, threshold: 19.00
Processing window size: 80, threshold: 20.00
Processing window size: 80, threshold: 21.00
Processing window size: 80, threshold: 22.00
Processing window size: 80, threshold: 23.00
Processing window size: 80, threshold: 24.00
Processing window size: 80, threshold: 25.00
Processing window size: 80, threshold: 26.00
Processing window size: 80, threshold: 27.00
Processing window size: 80, threshold: 28.00
Processing window size: 80, threshold: 29.00
Processing window size: 80, threshold: 30.00
Processing window size: 80, threshold: 31.00
Processing window size: 80, threshold: 32.00
Processing window size: 80, threshold: 33.00
Processing window size: 80, threshold: 34.00
Processing window size: 80, threshold: 35.00
Processing window size: 80, threshold: 36.00
Processing window size: 80, threshold: 37.00
Processing window size: 80, threshold: 38.00
Processing window size: 80, threshold: 39.00
Processing window size: 80, threshold: 40.00
Processing window size: 50, threshold: 0.00
Processing window size: 50, threshold: 1.00
Processing window size: 50, threshold: 2.00
Processing window size: 50, threshold: 3.00
Processing window size: 50, threshold: 4.00
Processing window size: 50, threshold: 5.00
Processing window size: 50, threshold: 6.00
Processing window size: 50, threshold: 7.00
Processing window size: 50, threshold: 8.00
Processing window size: 50, threshold: 9.00
Processing window size: 50, threshold: 10.00
Processing window size: 50, threshold: 11.00
Processing window size: 50, threshold: 12.00
Processing window size: 50, threshold: 13.00
Processing window size: 50, threshold: 14.00
Processing window size: 50, threshold: 15.00
Processing window size: 50, threshold: 16.00
Processing window size: 50, threshold: 17.00
Processing window size: 50, threshold: 18.00
Processing window size: 50, threshold: 19.00
Processing window size: 50, threshold: 20.00
Processing window size: 50, threshold: 21.00
Processing window size: 50, threshold: 22.00
Processing window size: 50, threshold: 23.00
Processing window size: 50, threshold: 24.00
Processing window size: 50, threshold: 25.00
Processing window size: 50, threshold: 26.00
Processing window size: 50, threshold: 27.00
Processing window size: 50, threshold: 28.00
Processing window size: 50, threshold: 29.00
Processing window size: 50, threshold: 30.00
Processing window size: 50, threshold: 31.00
Processing window size: 50, threshold: 32.00
Processing window size: 50, threshold: 33.00
Processing window size: 50, threshold: 34.00
Processing window size: 50, threshold: 35.00
Processing window size: 50, threshold: 36.00
Processing window size: 50, threshold: 37.00
Processing window size: 50, threshold: 38.00
Processing window size: 50, threshold: 39.00
Processing window size: 50, threshold: 40.00
Processing window size: 30, threshold: 0.00
Processing window size: 30, threshold: 1.00
Processing window size: 30, threshold: 2.00
Processing window size: 30, threshold: 3.00
Processing window size: 30, threshold: 4.00
Processing window size: 30, threshold: 5.00
Processing window size: 30, threshold: 6.00
Processing window size: 30, threshold: 7.00
Processing window size: 30, threshold: 8.00
Processing window size: 30, threshold: 9.00
Processing window size: 30, threshold: 10.00
Processing window size: 30, threshold: 11.00
Processing window size: 30, threshold: 12.00
Processing window size: 30, threshold: 13.00
Processing window size: 30, threshold: 14.00
Processing window size: 30, threshold: 15.00
Processing window size: 30, threshold: 16.00
Processing window size: 30, threshold: 17.00
Processing window size: 30, threshold: 18.00
Processing window size: 30, threshold: 19.00
Processing window size: 30, threshold: 20.00
Processing window size: 30, threshold: 21.00
Processing window size: 30, threshold: 22.00
Processing window size: 30, threshold: 23.00
Processing window size: 30, threshold: 24.00
Processing window size: 30, threshold: 25.00
Processing window size: 30, threshold: 26.00
Processing window size: 30, threshold: 27.00
Processing window size: 30, threshold: 28.00
Processing window size: 30, threshold: 29.00
Processing window size: 30, threshold: 30.00
Processing window size: 30, threshold: 31.00
Processing window size: 30, threshold: 32.00
Processing window size: 30, threshold: 33.00
Processing window size: 30, threshold: 34.00
Processing window size: 30, threshold: 35.00
Processing window size: 30, threshold: 36.00
Processing window size: 30, threshold: 37.00
Processing window size: 30, threshold: 38.00
Processing window size: 30, threshold: 39.00
Processing window size: 30, threshold: 40.00
Processing window size: 10, threshold: 0.00
Processing window size: 10, threshold: 1.00
Processing window size: 10, threshold: 2.00
Processing window size: 10, threshold: 3.00
Processing window size: 10, threshold: 4.00
Processing window size: 10, threshold: 5.00
Processing window size: 10, threshold: 6.00
Processing window size: 10, threshold: 7.00
Processing window size: 10, threshold: 8.00
Processing window size: 10, threshold: 9.00
Processing window size: 10, threshold: 10.00
Processing window size: 10, threshold: 11.00
Processing window size: 10, threshold: 12.00
Processing window size: 10, threshold: 13.00
Processing window size: 10, threshold: 14.00
Processing window size: 10, threshold: 15.00
Processing window size: 10, threshold: 16.00
Processing window size: 10, threshold: 17.00
Processing window size: 10, threshold: 18.00
Processing window size: 10, threshold: 19.00
Processing window size: 10, threshold: 20.00
Processing window size: 10, threshold: 21.00
Processing window size: 10, threshold: 22.00
Processing window size: 10, threshold: 23.00
Processing window size: 10, threshold: 24.00
Processing window size: 10, threshold: 25.00
Processing window size: 10, threshold: 26.00
Processing window size: 10, threshold: 27.00
Processing window size: 10, threshold: 28.00
Processing window size: 10, threshold: 29.00
Processing window size: 10, threshold: 30.00
Processing window size: 10, threshold: 31.00
Processing window size: 10, threshold: 32.00
Processing window size: 10, threshold: 33.00
Processing window size: 10, threshold: 34.00
Processing window size: 10, threshold: 35.00
Processing window size: 10, threshold: 36.00
Processing window size: 10, threshold: 37.00
Processing window size: 10, threshold: 38.00
Processing window size: 10, threshold: 39.00
Processing window size: 10, threshold: 40.00
Completed processing window size: 80
Completed processing window size: 10
Completed processing window size: 30
Completed processing window size: 50
Finished processing SATAY_synthetic
