/opt/conda/lib/python3.11/site-packages/torch/nn/init.py:453: UserWarning: Initializing zero-element tensors is a no-op
  warnings.warn("Initializing zero-element tensors is a no-op")
Traceback (most recent call last):
  File "/workspace/AE/training/bayesian_hyperparameter.py", line 235, in objective
    train_metrics, val_metrics = main_with_datasets(
                                 ^^^^^^^^^^^^^^^^^^^
  File "/workspace/AE/main.py", line 109, in main_with_datasets
    _, train_metrics = train(
                       ^^^^^^
  File "/workspace/AE/training/training.py", line 131, in train
    mu, theta, pi, z = model(batch_input, size_factors)
                       ^^^^^^^^^^^^^^^^^^^^^^^^^^^^^^^^
  File "/opt/conda/lib/python3.11/site-packages/torch/nn/modules/module.py", line 1553, in _wrapped_call_impl
    return self._call_impl(*args, **kwargs)
           ^^^^^^^^^^^^^^^^^^^^^^^^^^^^^^^^
  File "/opt/conda/lib/python3.11/site-packages/torch/nn/modules/module.py", line 1562, in _call_impl
    return forward_call(*args, **kwargs)
           ^^^^^^^^^^^^^^^^^^^^^^^^^^^^^
  File "/workspace/AE/architectures/ZINBAE.py", line 111, in forward
    x = self.pool(x)  # (batch, conv_channels, pooled_seq_length)
        ^^^^^^^^^^^^
  File "/opt/conda/lib/python3.11/site-packages/torch/nn/modules/module.py", line 1553, in _wrapped_call_impl
    return self._call_impl(*args, **kwargs)
           ^^^^^^^^^^^^^^^^^^^^^^^^^^^^^^^^
  File "/opt/conda/lib/python3.11/site-packages/torch/nn/modules/module.py", line 1562, in _call_impl
    return forward_call(*args, **kwargs)
           ^^^^^^^^^^^^^^^^^^^^^^^^^^^^^
  File "/opt/conda/lib/python3.11/site-packages/torch/nn/modules/pooling.py", line 91, in forward
    return F.max_pool1d(input, self.kernel_size, self.stride,
           ^^^^^^^^^^^^^^^^^^^^^^^^^^^^^^^^^^^^^^^^^^^^^^^^^^
  File "/opt/conda/lib/python3.11/site-packages/torch/_jit_internal.py", line 503, in fn
    return if_false(*args, **kwargs)
           ^^^^^^^^^^^^^^^^^^^^^^^^^
  File "/opt/conda/lib/python3.11/site-packages/torch/nn/functional.py", line 710, in _max_pool1d
    return torch.max_pool1d(input, kernel_size, stride, padding, dilation, ceil_mode)
           ^^^^^^^^^^^^^^^^^^^^^^^^^^^^^^^^^^^^^^^^^^^^^^^^^^^^^^^^^^^^^^^^^^^^^^^^^^
RuntimeError: max_pool1d() Invalid computed output size: 0
/opt/conda/lib/python3.11/site-packages/torch/nn/init.py:453: UserWarning: Initializing zero-element tensors is a no-op
  warnings.warn("Initializing zero-element tensors is a no-op")
Traceback (most recent call last):
  File "/workspace/AE/training/bayesian_hyperparameter.py", line 235, in objective
    train_metrics, val_metrics = main_with_datasets(
                                 ^^^^^^^^^^^^^^^^^^^
  File "/workspace/AE/main.py", line 109, in main_with_datasets
    _, train_metrics = train(
                       ^^^^^^
  File "/workspace/AE/training/training.py", line 131, in train
    mu, theta, pi, z = model(batch_input, size_factors)
                       ^^^^^^^^^^^^^^^^^^^^^^^^^^^^^^^^
  File "/opt/conda/lib/python3.11/site-packages/torch/nn/modules/module.py", line 1553, in _wrapped_call_impl
    return self._call_impl(*args, **kwargs)
           ^^^^^^^^^^^^^^^^^^^^^^^^^^^^^^^^
  File "/opt/conda/lib/python3.11/site-packages/torch/nn/modules/module.py", line 1562, in _call_impl
    return forward_call(*args, **kwargs)
           ^^^^^^^^^^^^^^^^^^^^^^^^^^^^^
  File "/workspace/AE/architectures/ZINBAE.py", line 111, in forward
    x = self.pool(x)  # (batch, conv_channels, pooled_seq_length)
        ^^^^^^^^^^^^
  File "/opt/conda/lib/python3.11/site-packages/torch/nn/modules/module.py", line 1553, in _wrapped_call_impl
    return self._call_impl(*args, **kwargs)
           ^^^^^^^^^^^^^^^^^^^^^^^^^^^^^^^^
  File "/opt/conda/lib/python3.11/site-packages/torch/nn/modules/module.py", line 1562, in _call_impl
    return forward_call(*args, **kwargs)
           ^^^^^^^^^^^^^^^^^^^^^^^^^^^^^
  File "/opt/conda/lib/python3.11/site-packages/torch/nn/modules/pooling.py", line 91, in forward
    return F.max_pool1d(input, self.kernel_size, self.stride,
           ^^^^^^^^^^^^^^^^^^^^^^^^^^^^^^^^^^^^^^^^^^^^^^^^^^
  File "/opt/conda/lib/python3.11/site-packages/torch/_jit_internal.py", line 503, in fn
    return if_false(*args, **kwargs)
           ^^^^^^^^^^^^^^^^^^^^^^^^^
  File "/opt/conda/lib/python3.11/site-packages/torch/nn/functional.py", line 710, in _max_pool1d
    return torch.max_pool1d(input, kernel_size, stride, padding, dilation, ceil_mode)
           ^^^^^^^^^^^^^^^^^^^^^^^^^^^^^^^^^^^^^^^^^^^^^^^^^^^^^^^^^^^^^^^^^^^^^^^^^^
RuntimeError: max_pool1d() Invalid computed output size: 0
Traceback (most recent call last):
  File "/workspace/AE/training/bayesian_hyperparameter.py", line 565, in <module>
    result = run_bayesian_optimization(
             ^^^^^^^^^^^^^^^^^^^^^^^^^^
  File "/workspace/AE/training/bayesian_hyperparameter.py", line 436, in run_bayesian_optimization
    dump(result, result_file)
  File "/opt/conda/lib/python3.11/site-packages/skopt/utils.py", line 133, in dump
    dump_(res, filename, **kwargs)
  File "/opt/conda/lib/python3.11/site-packages/joblib/numpy_pickle.py", line 600, in dump
    NumpyPickler(f, protocol=protocol).dump(value)
  File "/opt/conda/lib/python3.11/pickle.py", line 487, in dump
    self.save(obj)
  File "/opt/conda/lib/python3.11/site-packages/joblib/numpy_pickle.py", line 395, in save
    return Pickler.save(self, obj)
           ^^^^^^^^^^^^^^^^^^^^^^^
  File "/opt/conda/lib/python3.11/pickle.py", line 603, in save
    self.save_reduce(obj=obj, *rv)
  File "/opt/conda/lib/python3.11/pickle.py", line 713, in save_reduce
    self._batch_setitems(dictitems)
  File "/opt/conda/lib/python3.11/pickle.py", line 998, in _batch_setitems
    save(v)
  File "/opt/conda/lib/python3.11/site-packages/joblib/numpy_pickle.py", line 395, in save
    return Pickler.save(self, obj)
           ^^^^^^^^^^^^^^^^^^^^^^^
  File "/opt/conda/lib/python3.11/pickle.py", line 560, in save
    f(self, obj)  # Call unbound method with explicit self
    ^^^^^^^^^^^^
  File "/opt/conda/lib/python3.11/pickle.py", line 972, in save_dict
    self._batch_setitems(obj.items())
  File "/opt/conda/lib/python3.11/pickle.py", line 998, in _batch_setitems
    save(v)
  File "/opt/conda/lib/python3.11/site-packages/joblib/numpy_pickle.py", line 395, in save
    return Pickler.save(self, obj)
           ^^^^^^^^^^^^^^^^^^^^^^^
  File "/opt/conda/lib/python3.11/pickle.py", line 560, in save
    f(self, obj)  # Call unbound method with explicit self
    ^^^^^^^^^^^^
  File "/opt/conda/lib/python3.11/pickle.py", line 972, in save_dict
    self._batch_setitems(obj.items())
  File "/opt/conda/lib/python3.11/pickle.py", line 998, in _batch_setitems
    save(v)
  File "/opt/conda/lib/python3.11/site-packages/joblib/numpy_pickle.py", line 395, in save
    return Pickler.save(self, obj)
           ^^^^^^^^^^^^^^^^^^^^^^^
  File "/opt/conda/lib/python3.11/pickle.py", line 560, in save
    f(self, obj)  # Call unbound method with explicit self
    ^^^^^^^^^^^^
  File "/opt/conda/lib/python3.11/pickle.py", line 1071, in save_global
    raise PicklingError(
_pickle.PicklingError: Can't pickle <function create_objective_function.<locals>.objective at 0x7f83cce40900>: it's not found as __main__.create_objective_function.<locals>.objective
srun: error: gpu21: task 0: Exited with exit code 1
srun: launch/slurm: _step_signal: Terminating StepId=12203953.0
