/workspace/AE/plotting/results_ZINB.py:184: UserWarning: Creating legend with loc="best" can be slow with large amounts of data.
  plt.tight_layout()
/workspace/AE/plotting/results_ZINB.py:185: UserWarning: Creating legend with loc="best" can be slow with large amounts of data.
  plt.savefig(os.path.join(save_dir, f'{prefix}_prediction_quality.png'),
/workspace/AE/plotting/results_ZINB.py:295: UserWarning: Creating legend with loc="best" can be slow with large amounts of data.
  plt.tight_layout()
/workspace/AE/plotting/results_ZINB.py:296: UserWarning: Creating legend with loc="best" can be slow with large amounts of data.
  plt.savefig(os.path.join(save_dir, f'{prefix}_zero_inflation_analysis.png'),
Traceback (most recent call last):
  File "/workspace/AE/main.py", line 261, in <module>
    main()
  File "/workspace/AE/main.py", line 233, in main
    return main_with_datasets(
           ^^^^^^^^^^^^^^^^^^^
  File "/workspace/AE/main.py", line 157, in main_with_datasets
    _, _, eval_metrics = test(
                         ^^^^^
  File "/workspace/AE/training/training.py", line 409, in test
    all_reconstructions = np.concatenate(all_reconstructions, axis=0)
                          ^^^^^^^^^^^^^^^^^^^^^^^^^^^^^^^^^^^^^^^^^^^
ValueError: need at least one array to concatenate
srun: error: gpu25: task 0: Exited with exit code 1
srun: launch/slurm: _step_signal: Terminating StepId=12223393.0
