Device: cuda

================================================================================
Determining chromosome split (will be consistent across all trials)...
================================================================================


Chromosome split determined:
  Train chromosomes: ['ChrIII', 'ChrIV', 'ChrIX', 'ChrVI', 'ChrVII', 'ChrX', 'ChrXI', 'ChrXIII', 'ChrXVI']
  Validation chromosomes: ['ChrVIII', 'ChrXIV', 'ChrXV']
  Test chromosomes: ['ChrI', 'ChrII', 'ChrV', 'ChrXII']

Chromosome split saved to: AE/results/bayesian_optimization/chromosome_split_20260225_114516.json


################################################################################
# Starting Bayesian Hyperparameter Optimization
# Optimizing metric: combined on VALIDATION set
# Number of trials: 150
# Initial random points: 20
# Random state: 42
# Parallel jobs: 1
# Checkpoint will be saved to: AE/results/bayesian_optimization/checkpoints/checkpoint_combined_20260225_114516.pkl
################################################################################

Iteration No: 1 started. Evaluating function at random point.

================================================================================
Trial with parameters:
  features: Nucl
  step_size: 0.3875760923996229
  bin_size: 16
  sample_fraction: 0.6976376184598654
  moving_average: True
  first_layer_size_factor: 14
  num_layers: 2
  use_conv: True
  conv_channel: 32
  pool_size: 6
  kernel_size: 3
  epochs: 117
  batch_size: 128
  pi_threshold: 0.30031150633640574
  learning_rate: 0.009476210031010525
  dropout_rate: 0.3087407548138583
  masked_recon_weight: 0.2796485951606247
  regularizer: l1
  regularization_weight: 1.4502303019631352e-05
================================================================================

len(layers): 2
Creating datasets with:
  features: ['Nucl']
  bin_size: 16
  moving_average: True
  data_point_length: 2000 (from 2000)
  step_size: 775 (from fraction 0.3875760923996229)
  layers: [np.int64(224), np.int64(112)] (first=224, num=2)
  stride: 1 (fixed), padding: same (fixed)
  Using pre-determined chromosome split


Clipping outliers using 95th percentile * 1.5...
strain_yTW001: Clipping values above 134.25 (P95=89.50). Clipped 27529/1193409 values (2.31%)
strain_FD: Clipping values above 71.92 (P95=47.94). Clipped 95791/4127807 values (2.32%)
strain_dnrp: Clipping values above 243.00 (P95=162.00). Clipped 25649/1119454 values (2.29%)
strain_yEK19: Clipping values above 77.10 (P95=51.40). Clipped 83713/3893623 values (2.15%)
strain_yEK23: Clipping values above 72.00 (P95=48.00). Clipped 86381/3558407 values (2.43%)
strain_yWT03a: Clipping values above 15.00 (P95=10.00). Clipped 10602/347679 values (3.05%)
strain_yWT04a: Clipping values above 58.50 (P95=39.00). Clipped 21095/725406 values (2.91%)
strain_ylic137: Clipping values above 142.50 (P95=95.00). Clipped 28746/1112684 values (2.58%)

Splitting data using pre-determined chromosomes...
Standardizing features: ['Nucl']
Column order in final array (Dataset/Chrom split): ['Value', 'Nucleosome_Distance', 'Value_Raw', 'Size_Factor']
Removing 0 empty data points out of 71496
Column order in final array (Dataset/Chrom split): ['Value', 'Nucleosome_Distance', 'Value_Raw', 'Size_Factor']
Removing 0 empty data points out of 25144
Column order in final array (Dataset/Chrom split): ['Value', 'Nucleosome_Distance', 'Value_Raw', 'Size_Factor']
Removing 0 empty data points out of 27816
Datasets created with shapes:
  Train: (71496, 2000, 4)
  Val: (25144, 2000, 4)
  Test: (27816, 2000, 4)
Datasets created:
  Train: (71496, 2000, 4), Val: (25144, 2000, 4), Test: (27816, 2000, 4)

Randomly sampled 49878/71496 samples (69.8%)
Applied denoising with 15.0% masking
Applied denoising with 15.0% masking
Number of encoder layers: 2
Number of decoder layers (excluding heads): 2
Total number of layers including latent layer: 5
Epoch [1/117], Total Loss: 3.1437, NLL: 1.9175, Masked: 3.1943, Reg: 0.332885
Epoch [2/117], Total Loss: 2.8398, NLL: 1.8081, Masked: 3.0000, Reg: 0.192786
Epoch [3/117], Total Loss: 2.7947, NLL: 1.7993, Masked: 2.9901, Reg: 0.159236
Epoch [4/117], Total Loss: 2.7753, NLL: 1.7951, Masked: 2.9843, Reg: 0.145699
Epoch [5/117], Total Loss: 2.7705, NLL: 1.7939, Masked: 2.9850, Reg: 0.141798
Epoch [6/117], Total Loss: 2.7719, NLL: 1.7938, Masked: 2.9862, Reg: 0.143047
Epoch [7/117], Total Loss: 2.7686, NLL: 1.7924, Masked: 2.9818, Reg: 0.142403
Epoch [8/117], Total Loss: 2.7670, NLL: 1.7919, Masked: 2.9793, Reg: 0.141983
Epoch [9/117], Total Loss: 2.7645, NLL: 1.7905, Masked: 2.9796, Reg: 0.140766
Epoch [10/117], Total Loss: 2.7668, NLL: 1.7904, Masked: 2.9768, Reg: 0.143986
Epoch [11/117], Total Loss: 2.7798, NLL: 1.7905, Masked: 2.9779, Reg: 0.156624
Epoch [12/117], Total Loss: 2.7719, NLL: 1.7895, Masked: 2.9726, Reg: 0.151166
Epoch [13/117], Total Loss: 2.7777, NLL: 1.7914, Masked: 2.9792, Reg: 0.153195
Epoch [14/117], Total Loss: 2.7708, NLL: 1.7895, Masked: 2.9755, Reg: 0.149159
Epoch [15/117], Total Loss: 2.7923, NLL: 1.7916, Masked: 2.9797, Reg: 0.167412
Epoch [16/117], Total Loss: 2.8077, NLL: 1.7934, Masked: 2.9829, Reg: 0.180152
Epoch [17/117], Total Loss: 2.7823, NLL: 1.7907, Masked: 2.9757, Reg: 0.159443
Epoch [18/117], Total Loss: 2.7746, NLL: 1.7908, Masked: 2.9757, Reg: 0.151609
Epoch [19/117], Total Loss: 2.7740, NLL: 1.7894, Masked: 2.9741, Reg: 0.152933
Epoch [20/117], Total Loss: 2.7712, NLL: 1.7888, Masked: 2.9743, Reg: 0.150691
Epoch [21/117], Total Loss: 2.7853, NLL: 1.7899, Masked: 2.9756, Reg: 0.163250
Epoch [22/117], Total Loss: 2.7760, NLL: 1.7904, Masked: 2.9748, Reg: 0.153737
Epoch [23/117], Total Loss: 2.7828, NLL: 1.7905, Masked: 2.9790, Reg: 0.159286
Epoch [24/117], Total Loss: 2.7840, NLL: 1.7900, Masked: 2.9757, Reg: 0.161943
Epoch [25/117], Total Loss: 2.7819, NLL: 1.7905, Masked: 2.9765, Reg: 0.159053
Epoch [26/117], Total Loss: 2.7773, NLL: 1.7891, Masked: 2.9739, Reg: 0.156563
Epoch [27/117], Total Loss: 2.7815, NLL: 1.7894, Masked: 2.9751, Reg: 0.160131
Epoch [28/117], Total Loss: 2.7805, NLL: 1.7884, Masked: 2.9726, Reg: 0.160803
Epoch [29/117], Total Loss: 2.7697, NLL: 1.7873, Masked: 2.9694, Reg: 0.152055
Epoch [30/117], Total Loss: 2.7892, NLL: 1.7893, Masked: 2.9902, Reg: 0.163654
Epoch [31/117], Total Loss: 2.7840, NLL: 1.7894, Masked: 2.9736, Reg: 0.163029
Epoch [32/117], Total Loss: 2.7827, NLL: 1.7898, Masked: 2.9736, Reg: 0.161407
Epoch [33/117], Total Loss: 2.7801, NLL: 1.7902, Masked: 2.9754, Reg: 0.157873
Epoch [34/117], Total Loss: 2.7766, NLL: 1.7889, Masked: 2.9726, Reg: 0.156441
Epoch [35/117], Total Loss: 2.7741, NLL: 1.7886, Masked: 2.9724, Reg: 0.154250
Epoch [36/117], Total Loss: 2.7745, NLL: 1.7894, Masked: 2.9716, Reg: 0.154153
Epoch [37/117], Total Loss: 2.7833, NLL: 1.7898, Masked: 2.9757, Reg: 0.161319
Epoch [38/117], Total Loss: 2.7863, NLL: 1.7898, Masked: 2.9748, Reg: 0.164627
Epoch [39/117], Total Loss: 2.7774, NLL: 1.7885, Masked: 2.9708, Reg: 0.158159
Epoch [40/117], Total Loss: 2.7839, NLL: 1.7889, Masked: 2.9728, Reg: 0.163657
Epoch [41/117], Total Loss: 2.7868, NLL: 1.7888, Masked: 2.9733, Reg: 0.166506
Epoch [42/117], Total Loss: 2.7975, NLL: 1.7901, Masked: 2.9819, Reg: 0.173534
Epoch [43/117], Total Loss: 2.7910, NLL: 1.7908, Masked: 2.9753, Reg: 0.168227
Epoch [44/117], Total Loss: 16.4047, NLL: 1.7892, Masked: 51.6556, Reg: 0.170123
Epoch [45/117], Total Loss: 2.7817, NLL: 1.7895, Masked: 2.9745, Reg: 0.160318
Epoch [46/117], Total Loss: 2.7808, NLL: 1.7887, Masked: 2.9728, Reg: 0.160694
Epoch [47/117], Total Loss: 2.7794, NLL: 1.7892, Masked: 2.9739, Reg: 0.158547
Epoch [48/117], Total Loss: 2.7788, NLL: 1.7891, Masked: 2.9713, Reg: 0.158780
Epoch [49/117], Total Loss: 2.7760, NLL: 1.7881, Masked: 2.9719, Reg: 0.156816
Epoch [50/117], Total Loss: 2.7985, NLL: 1.7911, Masked: 2.9814, Reg: 0.173640
Epoch [51/117], Total Loss: 2.7825, NLL: 1.7888, Masked: 2.9734, Reg: 0.162145
Epoch [52/117], Total Loss: 2.7818, NLL: 1.7894, Masked: 2.9737, Reg: 0.160913
Epoch [53/117], Total Loss: 2.7798, NLL: 1.7887, Masked: 2.9748, Reg: 0.159201
Epoch [54/117], Total Loss: 2.7899, NLL: 1.7910, Masked: 2.9757, Reg: 0.166683
Epoch [55/117], Total Loss: 2.7839, NLL: 1.7885, Masked: 2.9735, Reg: 0.163926
Epoch [56/117], Total Loss: 2.7848, NLL: 1.7896, Masked: 2.9760, Reg: 0.162900
Epoch [57/117], Total Loss: 2.7845, NLL: 1.7912, Masked: 2.9784, Reg: 0.160380
Epoch [58/117], Total Loss: 2.7788, NLL: 1.7890, Masked: 2.9737, Reg: 0.158203
Epoch [59/117], Total Loss: 2.7740, NLL: 1.7898, Masked: 2.9764, Reg: 0.151858
Epoch [60/117], Total Loss: 2.7762, NLL: 1.7901, Masked: 2.9759, Reg: 0.153974
Epoch [61/117], Total Loss: 2.7841, NLL: 1.7901, Masked: 2.9764, Reg: 0.161666
Epoch [62/117], Total Loss: 17.9482, NLL: 1.7900, Masked: 57.1539, Reg: 0.175185
Epoch [63/117], Total Loss: 2.7902, NLL: 1.7900, Masked: 2.9746, Reg: 0.168342
Epoch [64/117], Total Loss: 68.5379, NLL: 1.7921, Masked: 237.9613, Reg: 0.200270
Epoch [65/117], Total Loss: 2.7995, NLL: 1.7899, Masked: 2.9723, Reg: 0.178443
Epoch [66/117], Total Loss: 2.7887, NLL: 1.7897, Masked: 2.9737, Reg: 0.167396
Epoch [67/117], Total Loss: 2.7975, NLL: 1.7890, Masked: 2.9710, Reg: 0.177644
Epoch [68/117], Total Loss: 30.6361, NLL: 1.7900, Masked: 102.5157, Reg: 0.177718
Epoch [69/117], Total Loss: 2.7967, NLL: 1.7905, Masked: 2.9749, Reg: 0.174256
Epoch [70/117], Total Loss: 2.7837, NLL: 1.7895, Masked: 2.9736, Reg: 0.162650
Epoch [71/117], Total Loss: 2.7791, NLL: 1.7887, Masked: 2.9714, Reg: 0.159508
Epoch [72/117], Total Loss: 2.7810, NLL: 1.7893, Masked: 2.9731, Reg: 0.160253
Epoch [73/117], Total Loss: 2.7788, NLL: 1.7886, Masked: 2.9719, Reg: 0.159094
Epoch [74/117], Total Loss: 2.7759, NLL: 1.7883, Masked: 2.9708, Reg: 0.156813
Epoch [75/117], Total Loss: 2.7753, NLL: 1.7889, Masked: 2.9739, Reg: 0.154782
Epoch [76/117], Total Loss: 2.7790, NLL: 1.7894, Masked: 2.9720, Reg: 0.158453
Epoch [77/117], Total Loss: 2.7940, NLL: 1.7897, Masked: 2.9740, Reg: 0.172655
Epoch [78/117], Total Loss: 2.7767, NLL: 1.7880, Masked: 2.9709, Reg: 0.157878
Epoch [79/117], Total Loss: 2.7706, NLL: 1.7876, Masked: 2.9690, Reg: 0.152736
Epoch [80/117], Total Loss: 2.7741, NLL: 1.7887, Masked: 2.9703, Reg: 0.154730
Epoch [81/117], Total Loss: 2.7785, NLL: 1.7884, Masked: 2.9705, Reg: 0.159372
Epoch [82/117], Total Loss: 2.7775, NLL: 1.7893, Masked: 2.9735, Reg: 0.156644
Epoch [83/117], Total Loss: 2.7821, NLL: 1.7891, Masked: 2.9741, Reg: 0.161257
Epoch [84/117], Total Loss: 2.7836, NLL: 1.7896, Masked: 2.9749, Reg: 0.162043
Epoch [85/117], Total Loss: 2.7833, NLL: 1.7891, Masked: 2.9706, Reg: 0.163426
Epoch [86/117], Total Loss: 2.8029, NLL: 1.7912, Masked: 2.9828, Reg: 0.177507
Epoch [87/117], Total Loss: 2.7864, NLL: 1.7882, Masked: 2.9704, Reg: 0.167492
Epoch [88/117], Total Loss: 2.7810, NLL: 1.7896, Masked: 2.9745, Reg: 0.159579
Epoch [89/117], Total Loss: 2.7767, NLL: 1.7888, Masked: 2.9726, Reg: 0.156667
Epoch [90/117], Total Loss: 2.7766, NLL: 1.7883, Masked: 2.9695, Reg: 0.157838
Epoch [91/117], Total Loss: 2.7745, NLL: 1.7881, Masked: 2.9706, Reg: 0.155731
Epoch [92/117], Total Loss: 2.7756, NLL: 1.7882, Masked: 2.9702, Reg: 0.156851
Epoch [93/117], Total Loss: 2.7764, NLL: 1.7886, Masked: 2.9710, Reg: 0.156982
Epoch [94/117], Total Loss: 2.7781, NLL: 1.7886, Masked: 2.9694, Reg: 0.159053
Epoch [95/117], Total Loss: 2.8233, NLL: 1.7932, Masked: 2.9805, Reg: 0.196599
Epoch [96/117], Total Loss: 2.7904, NLL: 1.7901, Masked: 2.9729, Reg: 0.168916
Epoch [97/117], Total Loss: 2.7868, NLL: 1.7896, Masked: 2.9736, Reg: 0.165610
Epoch [98/117], Total Loss: 2.7803, NLL: 1.7898, Masked: 2.9748, Reg: 0.158603
Epoch [99/117], Total Loss: 2.7818, NLL: 1.7913, Masked: 2.9746, Reg: 0.158578
Epoch [100/117], Total Loss: 2.7779, NLL: 1.7887, Masked: 2.9701, Reg: 0.158563
Epoch [101/117], Total Loss: 2.7780, NLL: 1.7887, Masked: 2.9703, Reg: 0.158619
Epoch [102/117], Total Loss: 2.7773, NLL: 1.7898, Masked: 2.9712, Reg: 0.156562
Epoch [103/117], Total Loss: 2.7956, NLL: 1.7911, Masked: 2.9780, Reg: 0.171675
Epoch [104/117], Total Loss: 2.7937, NLL: 1.7894, Masked: 2.9726, Reg: 0.172950
Epoch [105/117], Total Loss: 2.7882, NLL: 1.7911, Masked: 2.9753, Reg: 0.165118
Epoch [106/117], Total Loss: 2.7789, NLL: 1.7886, Masked: 2.9707, Reg: 0.159539
Epoch [107/117], Total Loss: 2.7770, NLL: 1.7876, Masked: 2.9704, Reg: 0.158647
Epoch [108/117], Total Loss: 2.7868, NLL: 1.7902, Masked: 2.9729, Reg: 0.165211
Epoch [109/117], Total Loss: 2.7767, NLL: 1.7886, Masked: 2.9685, Reg: 0.157973
Epoch [110/117], Total Loss: 2.7759, NLL: 1.7893, Masked: 2.9717, Reg: 0.155613
Epoch [111/117], Total Loss: 2.7716, NLL: 1.7879, Masked: 2.9676, Reg: 0.153842
Epoch [112/117], Total Loss: 2.7803, NLL: 1.7895, Masked: 2.9739, Reg: 0.159083
Epoch [113/117], Total Loss: 2.7793, NLL: 1.7884, Masked: 2.9696, Reg: 0.160449
Epoch [114/117], Total Loss: 2.7726, NLL: 1.7887, Masked: 2.9726, Reg: 0.152691
Epoch [115/117], Total Loss: 2.7726, NLL: 1.7892, Masked: 2.9702, Reg: 0.152797
Epoch [116/117], Total Loss: 2.7767, NLL: 1.7896, Masked: 2.9724, Reg: 0.155836
Epoch [117/117], Total Loss: 2.7781, NLL: 1.7885, Masked: 2.9709, Reg: 0.158852

==================================================
EVALUATING ON TRAINING DATA
==================================================

==================================================
TEST RESULTS
==================================================
Total Loss: 2.740787
  - ZINB NLL: 1.771928
Total number of masked values: 9710067
  - Number of values with pi >= 0.30031150633640574: 0
  - Number of values with pi < 0.30031150633640574: 9710067
  - Masked Reconstruction: 2.913043
  - Regularization: 0.154231
Mean Absolute Error (MAE): 2.361552
R² Score: 0.142317
==================================================


==================================================
EVALUATING ON VALIDATION DATA
Dataset size: 25144
==================================================


==================================================
TEST RESULTS
==================================================
Total Loss: 2.719993
  - ZINB NLL: 1.781740
Total number of masked values: 4888823
  - Number of values with pi >= 0.30031150633640574: 457
  - Number of values with pi < 0.30031150633640574: 4888366
  - Masked Reconstruction: 2.803597
  - Regularization: 0.154231
Mean Absolute Error (MAE): 2.417937
R² Score: 0.156650
==================================================


==================================================
MODEL SAVED: ZINBAE_20260225_120130_conv32_layers224_112_ep117.pt
Location: AE/results/models/ZINBAE_20260225_120130_conv32_layers224_112_ep117.pt
==================================================

Using combined metric: zinb_nll (1.781740) + masked_loss (2.803597) = 4.585337

>>> Optimizing combined on VALIDATION set: 4.585337
>>> Full validation metrics: {'total_loss': 2.7199925370478835, 'zinb_nll': 1.7817395696054399, 'mae': 2.4179372787475586, 'r2': 0.15664994716644287, 'masked_loss': 2.803597446008355, 'reg_loss': 0.15423087378376085}

Iteration No: 1 ended. Evaluation done at random point.
Time taken: 709.4411
Function value obtained: 4.5853
Current minimum: 4.5853
Iteration No: 2 started. Evaluating function at random point.

================================================================================
Trial with parameters:
  features: Centr
  step_size: 0.5498957287864417
  bin_size: 2
  sample_fraction: 0.9803166391310946
  moving_average: True
  first_layer_size_factor: 13
  num_layers: 3
  use_conv: True
  conv_channel: 126
  pool_size: 5
  kernel_size: 9
  epochs: 112
  batch_size: 64
  pi_threshold: 0.3053059844639466
  learning_rate: 0.006708188643346291
  dropout_rate: 0.2816441089227697
  masked_recon_weight: 0.034806953267852735
  regularizer: l1
  regularization_weight: 0.0004132917911457906
================================================================================

len(layers): 3
Creating datasets with:
  features: ['Centr']
  bin_size: 2
  moving_average: True
  data_point_length: 2000 (from 2000)
  step_size: 1099 (from fraction 0.5498957287864417)
  layers: [np.int64(208), np.int64(104), np.int64(52)] (first=208, num=3)
  stride: 1 (fixed), padding: same (fixed)
  Using pre-determined chromosome split


Clipping outliers using 95th percentile * 1.5...
strain_yTW001: Clipping values above 134.25 (P95=89.50). Clipped 27529/1193409 values (2.31%)
strain_FD: Clipping values above 71.92 (P95=47.94). Clipped 95791/4127807 values (2.32%)
strain_dnrp: Clipping values above 243.00 (P95=162.00). Clipped 25649/1119454 values (2.29%)
strain_yEK19: Clipping values above 77.10 (P95=51.40). Clipped 83713/3893623 values (2.15%)
strain_yEK23: Clipping values above 72.00 (P95=48.00). Clipped 86381/3558407 values (2.43%)
strain_yWT03a: Clipping values above 15.00 (P95=10.00). Clipped 10602/347679 values (3.05%)
strain_yWT04a: Clipping values above 58.50 (P95=39.00). Clipped 21095/725406 values (2.91%)
strain_ylic137: Clipping values above 142.50 (P95=95.00). Clipped 28746/1112684 values (2.58%)

Splitting data using pre-determined chromosomes...
Standardizing features: ['Centr']
Column order in final array (Dataset/Chrom split): ['Value', 'Centromere_Distance', 'Value_Raw', 'Size_Factor']
Removing 0 empty data points out of 50456
Column order in final array (Dataset/Chrom split): ['Value', 'Centromere_Distance', 'Value_Raw', 'Size_Factor']
Removing 0 empty data points out of 17744
Column order in final array (Dataset/Chrom split): ['Value', 'Centromere_Distance', 'Value_Raw', 'Size_Factor']
Removing 0 empty data points out of 19640
Datasets created with shapes:
  Train: (50456, 2000, 4)
  Val: (17744, 2000, 4)
  Test: (19640, 2000, 4)
Datasets created:
  Train: (50456, 2000, 4), Val: (17744, 2000, 4), Test: (19640, 2000, 4)

Randomly sampled 49462/50456 samples (98.0%)
Applied denoising with 15.0% masking
Applied denoising with 15.0% masking
Number of encoder layers: 3
Number of decoder layers (excluding heads): 3
Total number of layers including latent layer: 7
Epoch [1/112], Total Loss: 6.9234, NLL: 1.7042, Masked: 11.3080, Reg: 4.825576
Epoch [2/112], Total Loss: 6.1507, NLL: 1.6243, Masked: 8.3389, Reg: 4.236166
Epoch [3/112], Total Loss: 6.1401, NLL: 1.6278, Masked: 8.3346, Reg: 4.222182
Epoch [4/112], Total Loss: 6.1303, NLL: 1.6299, Masked: 8.3322, Reg: 4.210325
Epoch [5/112], Total Loss: 6.1260, NLL: 1.6306, Masked: 8.3296, Reg: 4.205445
Epoch [6/112], Total Loss: 6.1302, NLL: 1.6310, Masked: 8.3322, Reg: 4.209103
Epoch [7/112], Total Loss: 6.1281, NLL: 1.6311, Masked: 8.3396, Reg: 4.206736
Epoch [8/112], Total Loss: 6.1259, NLL: 1.6311, Masked: 8.3382, Reg: 4.204605
Epoch [9/112], Total Loss: 6.1293, NLL: 1.6311, Masked: 8.3344, Reg: 4.208066
Epoch [10/112], Total Loss: 6.1349, NLL: 1.6311, Masked: 8.3340, Reg: 4.213695
Epoch [11/112], Total Loss: 6.1355, NLL: 1.6311, Masked: 8.3380, Reg: 4.214128
Epoch [12/112], Total Loss: 6.1306, NLL: 1.6311, Masked: 8.3325, Reg: 4.209493
Epoch [13/112], Total Loss: 6.1330, NLL: 1.6311, Masked: 8.3350, Reg: 4.211811
Epoch [14/112], Total Loss: 6.1359, NLL: 1.6311, Masked: 8.3356, Reg: 4.214638
Epoch [15/112], Total Loss: 6.1341, NLL: 1.6311, Masked: 8.3425, Reg: 4.212616
Epoch [16/112], Total Loss: 6.1348, NLL: 1.6311, Masked: 8.3363, Reg: 4.213531
Epoch [17/112], Total Loss: 6.1383, NLL: 1.6311, Masked: 8.3370, Reg: 4.217009
Epoch [18/112], Total Loss: 6.1429, NLL: 1.6311, Masked: 8.3328, Reg: 4.221737
Epoch [19/112], Total Loss: 6.1450, NLL: 1.6311, Masked: 8.3332, Reg: 4.223813
Epoch [20/112], Total Loss: 6.1488, NLL: 1.6311, Masked: 8.3374, Reg: 4.227457
Epoch [21/112], Total Loss: 6.1515, NLL: 1.6311, Masked: 8.3315, Reg: 4.230390
Epoch [22/112], Total Loss: 6.1531, NLL: 1.6311, Masked: 8.3349, Reg: 4.231863
Epoch [23/112], Total Loss: 6.1483, NLL: 1.6311, Masked: 8.3323, Reg: 4.227162
Epoch [24/112], Total Loss: 6.1427, NLL: 1.6311, Masked: 8.3336, Reg: 4.221569
Epoch [25/112], Total Loss: 6.1407, NLL: 1.6311, Masked: 8.3346, Reg: 4.219545
Epoch [26/112], Total Loss: 6.1433, NLL: 1.6311, Masked: 8.3335, Reg: 4.222140
Epoch [27/112], Total Loss: 6.1411, NLL: 1.6311, Masked: 8.3354, Reg: 4.219882
Epoch [28/112], Total Loss: 6.1415, NLL: 1.6311, Masked: 8.3422, Reg: 4.220016
Epoch [29/112], Total Loss: 6.1360, NLL: 1.6311, Masked: 8.3380, Reg: 4.214714
Epoch [30/112], Total Loss: 6.1338, NLL: 1.6311, Masked: 8.3352, Reg: 4.212612
Epoch [31/112], Total Loss: 6.1325, NLL: 1.6311, Masked: 8.3344, Reg: 4.211282
Epoch [32/112], Total Loss: 6.1302, NLL: 1.6311, Masked: 8.3308, Reg: 4.209105
Epoch [33/112], Total Loss: 6.1296, NLL: 1.6311, Masked: 8.3361, Reg: 4.208297
Epoch [34/112], Total Loss: 6.1245, NLL: 1.6311, Masked: 8.3337, Reg: 4.203285
Epoch [35/112], Total Loss: 6.1229, NLL: 1.6311, Masked: 8.3345, Reg: 4.201705
Epoch [36/112], Total Loss: 6.1222, NLL: 1.6311, Masked: 8.3369, Reg: 4.200936
Epoch [37/112], Total Loss: 6.1249, NLL: 1.6311, Masked: 8.3351, Reg: 4.203687
Epoch [38/112], Total Loss: 6.1304, NLL: 1.6311, Masked: 8.3383, Reg: 4.209068
Epoch [39/112], Total Loss: 6.1373, NLL: 1.6311, Masked: 8.3325, Reg: 4.216162
Epoch [40/112], Total Loss: 6.1491, NLL: 1.6311, Masked: 8.3362, Reg: 4.227864
Epoch [41/112], Total Loss: 6.1591, NLL: 1.6311, Masked: 8.3336, Reg: 4.237927
Epoch [42/112], Total Loss: 6.1665, NLL: 1.6311, Masked: 8.3353, Reg: 4.245303
Epoch [43/112], Total Loss: 6.1723, NLL: 1.6311, Masked: 8.3364, Reg: 4.251059
Epoch [44/112], Total Loss: 6.1661, NLL: 1.6311, Masked: 8.3369, Reg: 4.244807
Epoch [45/112], Total Loss: 6.1624, NLL: 1.6311, Masked: 8.3317, Reg: 4.241341
Epoch [46/112], Total Loss: 6.1535, NLL: 1.6311, Masked: 8.3384, Reg: 4.232202
Epoch [47/112], Total Loss: 6.1417, NLL: 1.6311, Masked: 8.3346, Reg: 4.220481
Epoch [48/112], Total Loss: 6.1273, NLL: 1.6311, Masked: 8.3369, Reg: 4.206001
Epoch [49/112], Total Loss: 6.1149, NLL: 1.6311, Masked: 8.3352, Reg: 4.193647
Epoch [50/112], Total Loss: 6.1084, NLL: 1.6311, Masked: 8.3348, Reg: 4.187140
Epoch [51/112], Total Loss: 6.1048, NLL: 1.6311, Masked: 8.3377, Reg: 4.183461
Epoch [52/112], Total Loss: 6.1081, NLL: 1.6311, Masked: 8.3339, Reg: 4.186889
Epoch [53/112], Total Loss: 6.1170, NLL: 1.6311, Masked: 8.3378, Reg: 4.195677
Epoch [54/112], Total Loss: 6.1282, NLL: 1.6311, Masked: 8.3347, Reg: 4.206956
Epoch [55/112], Total Loss: 6.1407, NLL: 1.6311, Masked: 8.3376, Reg: 4.219356
Epoch [56/112], Total Loss: 6.1526, NLL: 1.6311, Masked: 8.3325, Reg: 4.231496
Epoch [57/112], Total Loss: 6.1620, NLL: 1.6311, Masked: 8.3359, Reg: 4.240741
Epoch [58/112], Total Loss: 6.1649, NLL: 1.6311, Masked: 8.3341, Reg: 4.243759
Epoch [59/112], Total Loss: 6.1581, NLL: 1.6311, Masked: 8.3355, Reg: 4.236874
Epoch [60/112], Total Loss: 6.1532, NLL: 1.6311, Masked: 8.3311, Reg: 4.232142
Epoch [61/112], Total Loss: 6.1481, NLL: 1.6311, Masked: 8.3387, Reg: 4.226772
Epoch [62/112], Total Loss: 6.1425, NLL: 1.6311, Masked: 8.3392, Reg: 4.221162
Epoch [63/112], Total Loss: 6.1359, NLL: 1.6311, Masked: 8.3378, Reg: 4.214573
Epoch [64/112], Total Loss: 6.1308, NLL: 1.6311, Masked: 8.3314, Reg: 4.209696
Epoch [65/112], Total Loss: 6.1297, NLL: 1.6311, Masked: 8.3384, Reg: 4.208358
Epoch [66/112], Total Loss: 6.1344, NLL: 1.6311, Masked: 8.3348, Reg: 4.213148
Epoch [67/112], Total Loss: 6.1381, NLL: 1.6311, Masked: 8.3337, Reg: 4.216923
Epoch [68/112], Total Loss: 6.1433, NLL: 1.6311, Masked: 8.3329, Reg: 4.222198
Epoch [69/112], Total Loss: 6.1442, NLL: 1.6311, Masked: 8.3360, Reg: 4.222936
Epoch [70/112], Total Loss: 6.1455, NLL: 1.6311, Masked: 8.3338, Reg: 4.224293
Epoch [71/112], Total Loss: 6.1427, NLL: 1.6311, Masked: 8.3283, Reg: 4.221692
Epoch [72/112], Total Loss: 6.1342, NLL: 1.6311, Masked: 8.3371, Reg: 4.212866
Epoch [73/112], Total Loss: 6.1300, NLL: 1.6311, Masked: 8.3364, Reg: 4.208761
Epoch [74/112], Total Loss: 6.1228, NLL: 1.6311, Masked: 8.3297, Reg: 4.201801
Epoch [75/112], Total Loss: 6.1218, NLL: 1.6311, Masked: 8.3333, Reg: 4.200666
Epoch [76/112], Total Loss: 6.1218, NLL: 1.6311, Masked: 8.3331, Reg: 4.200681
Epoch [77/112], Total Loss: 6.1244, NLL: 1.6311, Masked: 8.3372, Reg: 4.203119
Epoch [78/112], Total Loss: 6.1317, NLL: 1.6311, Masked: 8.3368, Reg: 4.210406
Epoch [79/112], Total Loss: 6.1384, NLL: 1.6311, Masked: 8.3360, Reg: 4.217147
Epoch [80/112], Total Loss: 6.1436, NLL: 1.6311, Masked: 8.3327, Reg: 4.222510
Epoch [81/112], Total Loss: 6.1532, NLL: 1.6311, Masked: 8.3360, Reg: 4.231929
Epoch [82/112], Total Loss: 6.1581, NLL: 1.6311, Masked: 8.3336, Reg: 4.236945
Epoch [83/112], Total Loss: 6.1613, NLL: 1.6311, Masked: 8.3317, Reg: 4.240244
Epoch [84/112], Total Loss: 6.1563, NLL: 1.6311, Masked: 8.3348, Reg: 4.235054
Epoch [85/112], Total Loss: 6.1522, NLL: 1.6311, Masked: 8.3356, Reg: 4.230949
Epoch [86/112], Total Loss: 6.1502, NLL: 1.6311, Masked: 8.3355, Reg: 4.228974
Epoch [87/112], Total Loss: 6.1446, NLL: 1.6311, Masked: 8.3346, Reg: 4.223418
Epoch [88/112], Total Loss: 6.1393, NLL: 1.6311, Masked: 8.3373, Reg: 4.218043
Epoch [89/112], Total Loss: 6.1320, NLL: 1.6311, Masked: 8.3311, Reg: 4.210907
Epoch [90/112], Total Loss: 6.1285, NLL: 1.6311, Masked: 8.3323, Reg: 4.207377
Epoch [91/112], Total Loss: 6.1258, NLL: 1.6311, Masked: 8.3346, Reg: 4.204604
Epoch [92/112], Total Loss: 6.1220, NLL: 1.6311, Masked: 8.3439, Reg: 4.200516
Epoch [93/112], Total Loss: 6.1215, NLL: 1.6311, Masked: 8.3318, Reg: 4.200411
Epoch [94/112], Total Loss: 6.1221, NLL: 1.6311, Masked: 8.3337, Reg: 4.200880
Epoch [95/112], Total Loss: 6.1217, NLL: 1.6311, Masked: 8.3393, Reg: 4.200286
Epoch [96/112], Total Loss: 6.1233, NLL: 1.6311, Masked: 8.3372, Reg: 4.201958
Epoch [97/112], Total Loss: 6.1280, NLL: 1.6311, Masked: 8.3376, Reg: 4.206698
Epoch [98/112], Total Loss: 6.1369, NLL: 1.6311, Masked: 8.3321, Reg: 4.215803
Epoch [99/112], Total Loss: 6.1428, NLL: 1.6311, Masked: 8.3326, Reg: 4.221665
Epoch [100/112], Total Loss: 6.1527, NLL: 1.6311, Masked: 8.3351, Reg: 4.231498
Epoch [101/112], Total Loss: 6.1578, NLL: 1.6311, Masked: 8.3327, Reg: 4.236630
Epoch [102/112], Total Loss: 6.1629, NLL: 1.6311, Masked: 8.3325, Reg: 4.241746
Epoch [103/112], Total Loss: 6.1642, NLL: 1.6311, Masked: 8.3327, Reg: 4.243057
Epoch [104/112], Total Loss: 6.1613, NLL: 1.6311, Masked: 8.3296, Reg: 4.240240
Epoch [105/112], Total Loss: 6.1583, NLL: 1.6311, Masked: 8.3326, Reg: 4.237202
Epoch [106/112], Total Loss: 6.1495, NLL: 1.6311, Masked: 8.3302, Reg: 4.228423
Epoch [107/112], Total Loss: 6.1402, NLL: 1.6311, Masked: 8.3306, Reg: 4.219094
Epoch [108/112], Total Loss: 6.1289, NLL: 1.6311, Masked: 8.3346, Reg: 4.207664
Epoch [109/112], Total Loss: 6.1215, NLL: 1.6311, Masked: 8.3359, Reg: 4.200247
Epoch [110/112], Total Loss: 6.1169, NLL: 1.6311, Masked: 8.3355, Reg: 4.195662
Epoch [111/112], Total Loss: 6.1132, NLL: 1.6311, Masked: 8.3332, Reg: 4.192058
Epoch [112/112], Total Loss: 6.1157, NLL: 1.6311, Masked: 8.3356, Reg: 4.194486

==================================================
EVALUATING ON TRAINING DATA
==================================================

==================================================
TEST RESULTS
==================================================
Total Loss: 5.293328
  - ZINB NLL: 1.631101
Total number of masked values: 3896011
  - Number of values with pi >= 0.3053059844639466: 3896011
  - Number of values with pi < 0.3053059844639466: 0
  - Masked Reconstruction: 8.335836
  - Regularization: 3.372082
Mean Absolute Error (MAE): 2.200483
R² Score: -0.069973
==================================================


==================================================
EVALUATING ON VALIDATION DATA
Dataset size: 17744
==================================================


==================================================
TEST RESULTS
==================================================
Total Loss: 5.312125
  - ZINB NLL: 1.638948
Total number of masked values: 1405122
  - Number of values with pi >= 0.3053059844639466: 1405122
  - Number of values with pi < 0.3053059844639466: 0
  - Masked Reconstruction: 8.650438
  - Regularization: 3.372082
Mean Absolute Error (MAE): 2.282708
R² Score: -0.068225
==================================================


==================================================
MODEL SAVED: ZINBAE_20260225_121750_conv126_layers208_104_52_ep112.pt
Location: AE/results/models/ZINBAE_20260225_121750_conv126_layers208_104_52_ep112.pt
==================================================

Using combined metric: zinb_nll (1.638948) + masked_loss (8.650438) = 10.289385

>>> Optimizing combined on VALIDATION set: 10.289385
>>> Full validation metrics: {'total_loss': 5.312125147087709, 'zinb_nll': 1.6389475561026736, 'mae': 2.2827084064483643, 'r2': -0.06822490692138672, 'masked_loss': 8.650437500801464, 'reg_loss': 3.372082232208641}

Iteration No: 2 ended. Evaluation done at random point.
Time taken: 980.0061
Function value obtained: 10.2894
Current minimum: 4.5853
Iteration No: 3 started. Evaluating function at random point.

================================================================================
Trial with parameters:
  features: Centr_Nucl
  step_size: 0.7624476391190937
  bin_size: 13
  sample_fraction: 0.8748961838021234
  moving_average: True
  first_layer_size_factor: 42
  num_layers: 2
  use_conv: False
  conv_channel: 64
  pool_size: 3
  kernel_size: 7
  epochs: 34
  batch_size: 128
  pi_threshold: 0.47990165334790624
  learning_rate: 0.0001532677239138411
  dropout_rate: 0.4633294328968972
  masked_recon_weight: 0.8111253665497065
  regularizer: l1
  regularization_weight: 0.09842554332336143
================================================================================

len(layers): 2
Creating datasets with:
  features: ['Centr', 'Nucl']
  bin_size: 13
  moving_average: True
  data_point_length: 2000 (from 2000)
  step_size: 1524 (from fraction 0.7624476391190937)
  layers: [np.int64(672), np.int64(336)] (first=672, num=2)
  stride: 1 (fixed), padding: same (fixed)
  Using pre-determined chromosome split


Clipping outliers using 95th percentile * 1.5...
strain_yTW001: Clipping values above 134.25 (P95=89.50). Clipped 27529/1193409 values (2.31%)
strain_FD: Clipping values above 71.92 (P95=47.94). Clipped 95791/4127807 values (2.32%)
strain_dnrp: Clipping values above 243.00 (P95=162.00). Clipped 25649/1119454 values (2.29%)
strain_yEK19: Clipping values above 77.10 (P95=51.40). Clipped 83713/3893623 values (2.15%)
strain_yEK23: Clipping values above 72.00 (P95=48.00). Clipped 86381/3558407 values (2.43%)
strain_yWT03a: Clipping values above 15.00 (P95=10.00). Clipped 10602/347679 values (3.05%)
strain_yWT04a: Clipping values above 58.50 (P95=39.00). Clipped 21095/725406 values (2.91%)
strain_ylic137: Clipping values above 142.50 (P95=95.00). Clipped 28746/1112684 values (2.58%)

Splitting data using pre-determined chromosomes...
Standardizing features: ['Centr', 'Nucl']
Column order in final array (Dataset/Chrom split): ['Value', 'Nucleosome_Distance', 'Centromere_Distance', 'Value_Raw', 'Size_Factor']
Removing 0 empty data points out of 36416
Column order in final array (Dataset/Chrom split): ['Value', 'Nucleosome_Distance', 'Centromere_Distance', 'Value_Raw', 'Size_Factor']
Removing 0 empty data points out of 12800
Column order in final array (Dataset/Chrom split): ['Value', 'Nucleosome_Distance', 'Centromere_Distance', 'Value_Raw', 'Size_Factor']
Removing 0 empty data points out of 14176
Datasets created with shapes:
  Train: (36416, 2000, 5)
  Val: (12800, 2000, 5)
  Test: (14176, 2000, 5)
Datasets created:
  Train: (36416, 2000, 5), Val: (12800, 2000, 5), Test: (14176, 2000, 5)

Randomly sampled 31860/36416 samples (87.5%)
Applied denoising with 15.0% masking
Applied denoising with 15.0% masking
Number of encoder layers: 2
Number of decoder layers (excluding heads): 2
Total number of layers including latent layer: 5
Epoch [1/34], Total Loss: 1407.4996, NLL: 2.8063, Masked: 30.0342, Reg: 1380.331752
Epoch [2/34], Total Loss: 454.7111, NLL: 2.8016, Masked: 30.0339, Reg: 427.548252
Epoch [3/34], Total Loss: 418.2049, NLL: 2.7969, Masked: 30.0358, Reg: 391.045142
Epoch [4/34], Total Loss: 410.6736, NLL: 2.7923, Masked: 30.0308, Reg: 383.522523
Epoch [5/34], Total Loss: 403.1587, NLL: 2.7879, Masked: 30.0346, Reg: 376.009063
Epoch [6/34], Total Loss: 395.6335, NLL: 2.7834, Masked: 30.0311, Reg: 368.491092
Epoch [7/34], Total Loss: 388.1146, NLL: 2.7791, Masked: 30.0347, Reg: 360.973639
Epoch [8/34], Total Loss: 380.5928, NLL: 2.7748, Masked: 30.0281, Reg: 353.461394
Epoch [9/34], Total Loss: 373.0744, NLL: 2.7706, Masked: 30.0333, Reg: 345.942921
Epoch [10/34], Total Loss: 365.5492, NLL: 2.7665, Masked: 30.0287, Reg: 338.425589
Epoch [11/34], Total Loss: 358.0314, NLL: 2.7626, Masked: 30.0269, Reg: 330.913291
Epoch [12/34], Total Loss: 350.5185, NLL: 2.7587, Masked: 30.0396, Reg: 323.393880
Epoch [13/34], Total Loss: 342.9975, NLL: 2.7550, Masked: 30.0356, Reg: 315.879850
Epoch [14/34], Total Loss: 335.4760, NLL: 2.7513, Masked: 30.0360, Reg: 308.361710
Epoch [15/34], Total Loss: 327.9548, NLL: 2.7478, Masked: 30.0303, Reg: 300.848633
Epoch [16/34], Total Loss: 320.4286, NLL: 2.7444, Masked: 30.0254, Reg: 293.329770
Epoch [17/34], Total Loss: 312.9158, NLL: 2.7412, Masked: 30.0303, Reg: 285.816233
Epoch [18/34], Total Loss: 305.3976, NLL: 2.7382, Masked: 30.0312, Reg: 278.300291
Epoch [19/34], Total Loss: 297.8831, NLL: 2.7352, Masked: 30.0342, Reg: 270.786367
Epoch [20/34], Total Loss: 290.3616, NLL: 2.7325, Masked: 30.0304, Reg: 263.270706
Epoch [21/34], Total Loss: 282.8462, NLL: 2.7299, Masked: 30.0334, Reg: 255.755481
Epoch [22/34], Total Loss: 275.3294, NLL: 2.7274, Masked: 30.0353, Reg: 248.239586
Epoch [23/34], Total Loss: 267.8113, NLL: 2.7252, Masked: 30.0350, Reg: 240.723981
Epoch [24/34], Total Loss: 260.2866, NLL: 2.7231, Masked: 30.0233, Reg: 233.210813
Epoch [25/34], Total Loss: 252.7761, NLL: 2.7212, Masked: 30.0324, Reg: 225.694868
Epoch [26/34], Total Loss: 245.2590, NLL: 2.7195, Masked: 30.0326, Reg: 218.179185
Epoch [27/34], Total Loss: 237.7392, NLL: 2.7180, Masked: 30.0284, Reg: 210.664381
Epoch [28/34], Total Loss: 230.2279, NLL: 2.7168, Masked: 30.0303, Reg: 203.152840
Epoch [29/34], Total Loss: 222.7203, NLL: 2.7158, Masked: 30.0334, Reg: 195.643744
Epoch [30/34], Total Loss: 215.2044, NLL: 2.7149, Masked: 30.0348, Reg: 188.127556
Epoch [31/34], Total Loss: 207.6936, NLL: 2.7143, Masked: 30.0320, Reg: 180.619584
Epoch [32/34], Total Loss: 200.1786, NLL: 2.7139, Masked: 30.0320, Reg: 173.104962
Epoch [33/34], Total Loss: 192.6663, NLL: 2.7138, Masked: 30.0322, Reg: 165.592582
Epoch [34/34], Total Loss: 185.1534, NLL: 2.7139, Masked: 30.0312, Reg: 158.080355

==================================================
EVALUATING ON TRAINING DATA
==================================================

==================================================
TEST RESULTS
==================================================
Total Loss: 181.494672
  - ZINB NLL: 2.714079
Total number of masked values: 5825777
  - Number of values with pi >= 0.47990165334790624: 0
  - Number of values with pi < 0.47990165334790624: 5825777
  - Masked Reconstruction: 30.027534
  - Regularization: 154.424499
Mean Absolute Error (MAE): 26.380049
R² Score: -34.087086
==================================================


==================================================
EVALUATING ON VALIDATION DATA
Dataset size: 12800
==================================================


==================================================
TEST RESULTS
==================================================
Total Loss: 177.795213
  - ZINB NLL: 2.713707
Total number of masked values: 2339047
  - Number of values with pi >= 0.47990165334790624: 0
  - Number of values with pi < 0.47990165334790624: 2339047
  - Masked Reconstruction: 25.467095
  - Regularization: 154.424499
Mean Absolute Error (MAE): 26.316561
R² Score: -27.429424
==================================================


==================================================
MODEL SAVED: ZINBAE_20260225_122629_noconv_layers672_336_ep34.pt
Location: AE/results/models/ZINBAE_20260225_122629_noconv_layers672_336_ep34.pt
==================================================

Using combined metric: zinb_nll (2.713707) + masked_loss (25.467095) = 28.180803

>>> Optimizing combined on VALIDATION set: 28.180803
>>> Full validation metrics: {'total_loss': 177.79521286010743, 'zinb_nll': 2.713707233071327, 'mae': 26.316560745239258, 'r2': -27.429424285888672, 'masked_loss': 25.467095419168473, 'reg_loss': 154.4244990796797}

Iteration No: 3 ended. Evaluation done at random point.
Time taken: 519.4625
Function value obtained: 28.1808
Current minimum: 4.5853
Iteration No: 4 started. Evaluating function at random point.

================================================================================
Trial with parameters:
  features: Centr
  step_size: 0.970879018262012
  bin_size: 17
  sample_fraction: 0.8104900826030357
  moving_average: False
  first_layer_size_factor: 60
  num_layers: 4
  use_conv: False
  conv_channel: 47
  pool_size: 4
  kernel_size: 3
  epochs: 32
  batch_size: 64
  pi_threshold: 0.4579526072702279
  learning_rate: 7.593893885357795e-05
  dropout_rate: 0.00703991135754223
  masked_recon_weight: 0.006242659053860573
  regularizer: none
  regularization_weight: 3.398042322726326
================================================================================

len(layers): 4
Creating datasets with:
  features: ['Centr']
  bin_size: 17
  moving_average: False
  data_point_length: 2000 (from 2000)
  step_size: 1941 (from fraction 0.970879018262012)
  layers: [np.int64(960), np.int64(480), np.int64(240), np.int64(120)] (first=960, num=4)
  stride: 1 (fixed), padding: same (fixed)
  Using pre-determined chromosome split


Clipping outliers using 95th percentile * 1.5...
strain_yTW001: Clipping values above 134.25 (P95=89.50). Clipped 27529/1193409 values (2.31%)
strain_FD: Clipping values above 71.92 (P95=47.94). Clipped 95791/4127807 values (2.32%)
strain_dnrp: Clipping values above 243.00 (P95=162.00). Clipped 25649/1119454 values (2.29%)
strain_yEK19: Clipping values above 77.10 (P95=51.40). Clipped 83713/3893623 values (2.15%)
strain_yEK23: Clipping values above 72.00 (P95=48.00). Clipped 86381/3558407 values (2.43%)
strain_yWT03a: Clipping values above 15.00 (P95=10.00). Clipped 10602/347679 values (3.05%)
strain_yWT04a: Clipping values above 58.50 (P95=39.00). Clipped 21095/725406 values (2.91%)
strain_ylic137: Clipping values above 142.50 (P95=95.00). Clipped 28746/1112684 values (2.58%)

Splitting data using pre-determined chromosomes...
Standardizing features: ['Centr']
Column order in final array (Dataset/Chrom split): ['Value', 'Centromere_Distance', 'Value_Raw', 'Size_Factor']
Removing 0 empty data points out of 1720
Column order in final array (Dataset/Chrom split): ['Value', 'Centromere_Distance', 'Value_Raw', 'Size_Factor']
Removing 0 empty data points out of 608
Column order in final array (Dataset/Chrom split): ['Value', 'Centromere_Distance', 'Value_Raw', 'Size_Factor']
Removing 0 empty data points out of 664
Datasets created with shapes:
  Train: (1720, 2000, 4)
  Val: (608, 2000, 4)
  Test: (664, 2000, 4)
Datasets created:
  Train: (1720, 2000, 4), Val: (608, 2000, 4), Test: (664, 2000, 4)

Randomly sampled 1394/1720 samples (81.0%)
Applied denoising with 15.0% masking
Applied denoising with 15.0% masking
Number of encoder layers: 4
Number of decoder layers (excluding heads): 4
Total number of layers including latent layer: 9
Epoch [1/32], Total Loss: 3.0383, NLL: 2.8579, Masked: 28.9020
Epoch [2/32], Total Loss: 2.7549, NLL: 2.6269, Masked: 20.5086
Epoch [3/32], Total Loss: 2.1606, NLL: 2.1246, Masked: 5.7634
Epoch [4/32], Total Loss: 2.0017, NLL: 1.9790, Masked: 3.6357
Epoch [5/32], Total Loss: 1.9575, NLL: 1.9365, Masked: 3.3680
Epoch [6/32], Total Loss: 1.9420, NLL: 1.9212, Masked: 3.3274
Epoch [7/32], Total Loss: 1.9330, NLL: 1.9125, Masked: 3.2804
Epoch [8/32], Total Loss: 1.9198, NLL: 1.8993, Masked: 3.2869
Epoch [9/32], Total Loss: 1.9082, NLL: 1.8880, Masked: 3.2288
Epoch [10/32], Total Loss: 1.8981, NLL: 1.8779, Masked: 3.2303
Epoch [11/32], Total Loss: 1.8864, NLL: 1.8667, Masked: 3.1566
Epoch [12/32], Total Loss: 1.8787, NLL: 1.8591, Masked: 3.1526
Epoch [13/32], Total Loss: 1.8718, NLL: 1.8521, Masked: 3.1448
Epoch [14/32], Total Loss: 1.8649, NLL: 1.8454, Masked: 3.1317
Epoch [15/32], Total Loss: 1.8614, NLL: 1.8419, Masked: 3.1229
Epoch [16/32], Total Loss: 1.8559, NLL: 1.8363, Masked: 3.1285
Epoch [17/32], Total Loss: 1.8531, NLL: 1.8336, Masked: 3.1203
Epoch [18/32], Total Loss: 1.8507, NLL: 1.8312, Masked: 3.1233
Epoch [19/32], Total Loss: 1.8500, NLL: 1.8305, Masked: 3.1328
Epoch [20/32], Total Loss: 1.8472, NLL: 1.8278, Masked: 3.1169
Epoch [21/32], Total Loss: 1.8457, NLL: 1.8262, Masked: 3.1226
Epoch [22/32], Total Loss: 1.8444, NLL: 1.8249, Masked: 3.1252
Epoch [23/32], Total Loss: 1.8450, NLL: 1.8255, Masked: 3.1205
Epoch [24/32], Total Loss: 1.8438, NLL: 1.8244, Masked: 3.1215
Epoch [25/32], Total Loss: 1.8427, NLL: 1.8232, Masked: 3.1203
Epoch [26/32], Total Loss: 1.8420, NLL: 1.8225, Masked: 3.1214
Epoch [27/32], Total Loss: 1.8411, NLL: 1.8216, Masked: 3.1212
Epoch [28/32], Total Loss: 1.8404, NLL: 1.8210, Masked: 3.1216
Epoch [29/32], Total Loss: 1.8414, NLL: 1.8219, Masked: 3.1222
Epoch [30/32], Total Loss: 1.8435, NLL: 1.8240, Masked: 3.1238
Epoch [31/32], Total Loss: 1.8420, NLL: 1.8226, Masked: 3.1175
Epoch [32/32], Total Loss: 1.8399, NLL: 1.8204, Masked: 3.1191

==================================================
EVALUATING ON TRAINING DATA
==================================================

==================================================
TEST RESULTS
==================================================
Total Loss: 1.837147
  - ZINB NLL: 1.817840
Total number of masked values: 275562
  - Number of values with pi >= 0.4579526072702279: 0
  - Number of values with pi < 0.4579526072702279: 275562
  - Masked Reconstruction: 3.092761
Mean Absolute Error (MAE): 2.612543
R² Score: 0.098127
==================================================


==================================================
EVALUATING ON VALIDATION DATA
Dataset size: 608
==================================================


==================================================
TEST RESULTS
==================================================
Total Loss: 1.868280
  - ZINB NLL: 1.849844
Total number of masked values: 120903
  - Number of values with pi >= 0.4579526072702279: 0
  - Number of values with pi < 0.4579526072702279: 120903
  - Masked Reconstruction: 2.953202
Mean Absolute Error (MAE): 2.688372
R² Score: 0.082480
==================================================


==================================================
MODEL SAVED: ZINBAE_20260225_122735_noconv_layers960_480_240_120_ep32.pt
Location: AE/results/models/ZINBAE_20260225_122735_noconv_layers960_480_240_120_ep32.pt
==================================================

Using combined metric: zinb_nll (1.849844) + masked_loss (2.953202) = 4.803046

>>> Optimizing combined on VALIDATION set: 4.803046
>>> Full validation metrics: {'total_loss': 1.8682796139466136, 'zinb_nll': 1.849843796930815, 'mae': 2.6883723735809326, 'r2': 0.08247977495193481, 'masked_loss': 2.9532018397983753}

Iteration No: 4 ended. Evaluation done at random point.
Time taken: 66.0862
Function value obtained: 4.8030
Current minimum: 4.5853
Iteration No: 5 started. Evaluating function at random point.

================================================================================
Trial with parameters:
  features: Centr
  step_size: 0.9447256588850119
  bin_size: 13
  sample_fraction: 0.9362197566578357
  moving_average: False
  first_layer_size_factor: 47
  num_layers: 1
  use_conv: True
  conv_channel: 91
  pool_size: 6
  kernel_size: 7
  epochs: 63
  batch_size: 64
  pi_threshold: 0.45317074990151596
  learning_rate: 0.008225007188121396
  dropout_rate: 0.42445691213304204
  masked_recon_weight: 0.7707580772445937
  regularizer: l1
  regularization_weight: 0.0006201235996479077
================================================================================

len(layers): 1
Creating datasets with:
  features: ['Centr']
  bin_size: 13
  moving_average: False
  data_point_length: 2000 (from 2000)
  step_size: 1889 (from fraction 0.9447256588850119)
  layers: [np.int64(752)] (first=752, num=1)
  stride: 1 (fixed), padding: same (fixed)
  Using pre-determined chromosome split


Clipping outliers using 95th percentile * 1.5...
strain_yTW001: Clipping values above 134.25 (P95=89.50). Clipped 27529/1193409 values (2.31%)
strain_FD: Clipping values above 71.92 (P95=47.94). Clipped 95791/4127807 values (2.32%)
strain_dnrp: Clipping values above 243.00 (P95=162.00). Clipped 25649/1119454 values (2.29%)
strain_yEK19: Clipping values above 77.10 (P95=51.40). Clipped 83713/3893623 values (2.15%)
strain_yEK23: Clipping values above 72.00 (P95=48.00). Clipped 86381/3558407 values (2.43%)
strain_yWT03a: Clipping values above 15.00 (P95=10.00). Clipped 10602/347679 values (3.05%)
strain_yWT04a: Clipping values above 58.50 (P95=39.00). Clipped 21095/725406 values (2.91%)
strain_ylic137: Clipping values above 142.50 (P95=95.00). Clipped 28746/1112684 values (2.58%)

Splitting data using pre-determined chromosomes...
Standardizing features: ['Centr']
Column order in final array (Dataset/Chrom split): ['Value', 'Centromere_Distance', 'Value_Raw', 'Size_Factor']
Removing 0 empty data points out of 2288
Column order in final array (Dataset/Chrom split): ['Value', 'Centromere_Distance', 'Value_Raw', 'Size_Factor']
Removing 0 empty data points out of 800
Column order in final array (Dataset/Chrom split): ['Value', 'Centromere_Distance', 'Value_Raw', 'Size_Factor']
Removing 0 empty data points out of 896
Datasets created with shapes:
  Train: (2288, 2000, 4)
  Val: (800, 2000, 4)
  Test: (896, 2000, 4)
Datasets created:
  Train: (2288, 2000, 4), Val: (800, 2000, 4), Test: (896, 2000, 4)

Randomly sampled 2142/2288 samples (93.6%)
Applied denoising with 15.0% masking
Applied denoising with 15.0% masking
Number of encoder layers: 1
Number of decoder layers (excluding heads): 1
Total number of layers including latent layer: 3
Epoch [1/63], Total Loss: 99444.7602, NLL: 5.6051, Masked: 128879.3643, Reg: 104.342000
Epoch [2/63], Total Loss: 157110.2227, NLL: 11.9258, Masked: 203689.1784, Reg: 103.213715
Epoch [3/63], Total Loss: 143309.2499, NLL: 18.6688, Masked: 185634.7678, Reg: 211.083577
Epoch [4/63], Total Loss: 63914.7224, NLL: 6.4420, Masked: 82648.7409, Reg: 206.094005
Epoch [5/63], Total Loss: 234177.4022, NLL: 89.7045, Masked: 303211.4957, Reg: 384.983970
Epoch [6/63], Total Loss: 8355.5521, NLL: 7.2449, Masked: 10320.3451, Reg: 393.817598
Epoch [7/63], Total Loss: 193.7707, NLL: 2.2244, Masked: 3.6006, Reg: 188.771086
Epoch [8/63], Total Loss: 1228.1739, NLL: 2.2287, Masked: 1430.6901, Reg: 123.229287
Epoch [9/63], Total Loss: 72.6565, NLL: 2.2188, Masked: 3.5428, Reg: 67.707007
Epoch [10/63], Total Loss: 53.5393, NLL: 2.2082, Masked: 4.4909, Reg: 47.869652
Epoch [11/63], Total Loss: 2868.0309, NLL: 2.2241, Masked: 3629.7056, Reg: 68.181702
Epoch [12/63], Total Loss: 23835.3409, NLL: 3.6333, Masked: 30817.8552, Reg: 78.596583
Epoch [13/63], Total Loss: 86.7056, NLL: 2.2189, Masked: 14.7421, Reg: 73.124109
Epoch [14/63], Total Loss: 5509.7315, NLL: 2.2649, Masked: 7069.6566, Reg: 58.471675
Epoch [15/63], Total Loss: 12044.4119, NLL: 2.4769, Masked: 15569.8257, Reg: 41.366051
Epoch [16/63], Total Loss: 95697.7734, NLL: 11.3411, Masked: 123892.5481, Reg: 195.247421
Epoch [17/63], Total Loss: 6417.9973, NLL: 2.7158, Masked: 8102.2795, Reg: 170.383892
Epoch [18/63], Total Loss: 2017.8246, NLL: 2.2085, Masked: 2505.5197, Reg: 84.466357
Epoch [19/63], Total Loss: 2016.2963, NLL: 2.2380, Masked: 2559.1019, Reg: 41.609714
Epoch [20/63], Total Loss: 16457.1872, NLL: 2.2750, Masked: 21267.5626, Reg: 62.766070
Epoch [21/63], Total Loss: 44.2122, NLL: 2.2111, Masked: 3.6333, Reg: 39.200660
Epoch [22/63], Total Loss: 32.2758, NLL: 2.2143, Masked: 3.3445, Reg: 27.483700
Epoch [23/63], Total Loss: 68.6516, NLL: 2.2364, Masked: 20.8464, Reg: 50.347724
Epoch [24/63], Total Loss: 962.8933, NLL: 2.2202, Masked: 1197.0577, Reg: 38.031187
Epoch [25/63], Total Loss: 65.7254, NLL: 2.2340, Masked: 36.2399, Reg: 35.559258
Epoch [26/63], Total Loss: 974.9604, NLL: 2.2291, Masked: 1207.7460, Reg: 41.851276
Epoch [27/63], Total Loss: 41.7341, NLL: 2.2209, Masked: 3.6623, Reg: 36.690460
Epoch [28/63], Total Loss: 954.5738, NLL: 2.2269, Masked: 1192.6049, Reg: 33.136985
Epoch [29/63], Total Loss: 30.9943, NLL: 2.2086, Masked: 3.3655, Reg: 26.191693
Epoch [30/63], Total Loss: 3019.3880, NLL: 2.2506, Masked: 3865.4623, Reg: 37.800877
Epoch [31/63], Total Loss: 45.2634, NLL: 2.2297, Masked: 3.5193, Reg: 40.321129
Epoch [32/63], Total Loss: 6036.1396, NLL: 2.2372, Masked: 7778.4067, Reg: 38.632499
Epoch [33/63], Total Loss: 1179.8181, NLL: 2.2249, Masked: 1480.2009, Reg: 36.716426
Epoch [34/63], Total Loss: 32.1541, NLL: 2.2298, Masked: 3.3344, Reg: 27.354332
Epoch [35/63], Total Loss: 31.4306, NLL: 2.2357, Masked: 3.3517, Reg: 26.611584
Epoch [36/63], Total Loss: 31.5693, NLL: 2.2383, Masked: 3.3746, Reg: 26.730003
Epoch [37/63], Total Loss: 31.5427, NLL: 2.2368, Masked: 3.4766, Reg: 26.626310
Epoch [38/63], Total Loss: 271.6749, NLL: 2.2410, Masked: 304.7062, Reg: 34.579091
Epoch [39/63], Total Loss: 64.8501, NLL: 2.2359, Masked: 42.8071, Reg: 29.620302
Epoch [40/63], Total Loss: 37.1247, NLL: 2.2378, Masked: 10.8560, Reg: 26.519550
Epoch [41/63], Total Loss: 43.4108, NLL: 2.2429, Masked: 11.6555, Reg: 32.184427
Epoch [42/63], Total Loss: 32.2376, NLL: 2.2365, Masked: 3.3234, Reg: 27.439550
Epoch [43/63], Total Loss: 36.1169, NLL: 2.2380, Masked: 3.4538, Reg: 31.216835
Epoch [44/63], Total Loss: 948.7429, NLL: 2.2400, Masked: 1193.7040, Reg: 26.445878
Epoch [45/63], Total Loss: 33.1318, NLL: 2.2431, Masked: 3.3491, Reg: 28.307357
Epoch [46/63], Total Loss: 37.6119, NLL: 2.2455, Masked: 4.8803, Reg: 31.604885
Epoch [47/63], Total Loss: 32.7411, NLL: 2.2430, Masked: 3.3985, Reg: 27.878678
Epoch [48/63], Total Loss: 39.0703, NLL: 2.2427, Masked: 3.6999, Reg: 33.975917
Epoch [49/63], Total Loss: 2023.1974, NLL: 2.2479, Masked: 2555.3453, Reg: 51.396603
Epoch [50/63], Total Loss: 51.1380, NLL: 2.2352, Masked: 3.7447, Reg: 46.016545
Epoch [51/63], Total Loss: 33.6901, NLL: 2.2419, Masked: 3.4017, Reg: 28.826259
Epoch [52/63], Total Loss: 31.2765, NLL: 2.2416, Masked: 3.4994, Reg: 26.337683
Epoch [53/63], Total Loss: 36.9604, NLL: 2.2394, Masked: 4.0442, Reg: 31.603867
Epoch [54/63], Total Loss: 30.2449, NLL: 2.2464, Masked: 3.3767, Reg: 25.395885
Epoch [55/63], Total Loss: 100.9825, NLL: 2.2418, Masked: 92.5507, Reg: 27.406526
Epoch [56/63], Total Loss: 30.6365, NLL: 2.2455, Masked: 3.9632, Reg: 25.336324
Epoch [57/63], Total Loss: 30.9319, NLL: 2.2432, Masked: 3.3287, Reg: 26.123087
Epoch [58/63], Total Loss: 30.0632, NLL: 2.2440, Masked: 3.3398, Reg: 25.244967
Epoch [59/63], Total Loss: 97.1351, NLL: 2.2461, Masked: 74.3886, Reg: 37.553349
Epoch [60/63], Total Loss: 31.9740, NLL: 2.2424, Masked: 3.3693, Reg: 27.134741
Epoch [61/63], Total Loss: 38.9791, NLL: 2.2453, Masked: 3.6840, Reg: 33.894372
Epoch [62/63], Total Loss: 95.9053, NLL: 2.2457, Masked: 75.2578, Reg: 35.654043
Epoch [63/63], Total Loss: 37.6538, NLL: 2.2437, Masked: 3.3724, Reg: 32.810762

==================================================
EVALUATING ON TRAINING DATA
==================================================

==================================================
TEST RESULTS
==================================================
Total Loss: 28.267530
  - ZINB NLL: 2.249746
Total number of masked values: 391209
  - Number of values with pi >= 0.45317074990151596: 0
  - Number of values with pi < 0.45317074990151596: 391209
  - Masked Reconstruction: 3.270503
  - Regularization: 23.497019
Mean Absolute Error (MAE): 2.392619
R² Score: -0.099352
==================================================


==================================================
EVALUATING ON VALIDATION DATA
Dataset size: 800
==================================================


==================================================
TEST RESULTS
==================================================
Total Loss: 28.296923
  - ZINB NLL: 2.328169
Total number of masked values: 146424
  - Number of values with pi >= 0.45317074990151596: 0
  - Number of values with pi < 0.45317074990151596: 146424
  - Masked Reconstruction: 3.206890
  - Regularization: 23.497019
Mean Absolute Error (MAE): 2.501008
R² Score: -0.080513
==================================================


==================================================
MODEL SAVED: ZINBAE_20260225_122909_conv91_layers752_ep63.pt
Location: AE/results/models/ZINBAE_20260225_122909_conv91_layers752_ep63.pt
==================================================

Using combined metric: zinb_nll (2.328169) + masked_loss (3.206890) = 5.535059

>>> Optimizing combined on VALIDATION set: 5.535059
>>> Full validation metrics: {'total_loss': 28.296922760009764, 'zinb_nll': 2.328169059753418, 'mae': 2.5010077953338623, 'r2': -0.0805133581161499, 'masked_loss': 3.2068904066085815, 'reg_loss': 23.497018531735485}

Iteration No: 5 ended. Evaluation done at random point.
Time taken: 93.9049
Function value obtained: 5.5351
Current minimum: 4.5853
Iteration No: 6 started. Evaluating function at random point.

================================================================================
Trial with parameters:
  features: Centr_Nucl
  step_size: 0.7829971672643407
  bin_size: 3
  sample_fraction: 0.5795023763993277
  moving_average: True
  first_layer_size_factor: 90
  num_layers: 2
  use_conv: False
  conv_channel: 94
  pool_size: 3
  kernel_size: 7
  epochs: 95
  batch_size: 32
  pi_threshold: 0.6771414282231925
  learning_rate: 0.0006260318075113794
  dropout_rate: 0.34739246651985234
  masked_recon_weight: 3.325610295975196
  regularizer: l2
  regularization_weight: 0.0011733722171268575
================================================================================

len(layers): 2
Creating datasets with:
  features: ['Centr', 'Nucl']
  bin_size: 3
  moving_average: True
  data_point_length: 2000 (from 2000)
  step_size: 1565 (from fraction 0.7829971672643407)
  layers: [np.int64(1440), np.int64(720)] (first=1440, num=2)
  stride: 1 (fixed), padding: same (fixed)
  Using pre-determined chromosome split


Clipping outliers using 95th percentile * 1.5...
strain_yTW001: Clipping values above 134.25 (P95=89.50). Clipped 27529/1193409 values (2.31%)
strain_FD: Clipping values above 71.92 (P95=47.94). Clipped 95791/4127807 values (2.32%)
strain_dnrp: Clipping values above 243.00 (P95=162.00). Clipped 25649/1119454 values (2.29%)
strain_yEK19: Clipping values above 77.10 (P95=51.40). Clipped 83713/3893623 values (2.15%)
strain_yEK23: Clipping values above 72.00 (P95=48.00). Clipped 86381/3558407 values (2.43%)
strain_yWT03a: Clipping values above 15.00 (P95=10.00). Clipped 10602/347679 values (3.05%)
strain_yWT04a: Clipping values above 58.50 (P95=39.00). Clipped 21095/725406 values (2.91%)
strain_ylic137: Clipping values above 142.50 (P95=95.00). Clipped 28746/1112684 values (2.58%)

Splitting data using pre-determined chromosomes...
Standardizing features: ['Centr', 'Nucl']
Column order in final array (Dataset/Chrom split): ['Value', 'Nucleosome_Distance', 'Centromere_Distance', 'Value_Raw', 'Size_Factor']
Removing 0 empty data points out of 35464
Column order in final array (Dataset/Chrom split): ['Value', 'Nucleosome_Distance', 'Centromere_Distance', 'Value_Raw', 'Size_Factor']
Removing 0 empty data points out of 12472
Column order in final array (Dataset/Chrom split): ['Value', 'Nucleosome_Distance', 'Centromere_Distance', 'Value_Raw', 'Size_Factor']
Removing 0 empty data points out of 13800
Datasets created with shapes:
  Train: (35464, 2000, 5)
  Val: (12472, 2000, 5)
  Test: (13800, 2000, 5)
Datasets created:
  Train: (35464, 2000, 5), Val: (12472, 2000, 5), Test: (13800, 2000, 5)

Randomly sampled 20551/35464 samples (58.0%)
Applied denoising with 15.0% masking
Applied denoising with 15.0% masking
Number of encoder layers: 2
Number of decoder layers (excluding heads): 2
Total number of layers including latent layer: 5
Epoch [1/95], Total Loss: 98554.3517, NLL: 2.1710, Masked: 29634.3133, Reg: 8.431295
Epoch [2/95], Total Loss: 772.5715, NLL: 1.8244, Masked: 231.7611, Reg: 5.591681
Epoch [3/95], Total Loss: 20.8455, NLL: 1.6988, Masked: 5.7573, Reg: 3.536568
Epoch [4/95], Total Loss: 20.7886, NLL: 1.6858, Masked: 5.7442, Reg: 2.185595
Epoch [5/95], Total Loss: 20.7742, NLL: 1.6848, Masked: 5.7401, Reg: 1.355922
Epoch [6/95], Total Loss: 20.7329, NLL: 1.6813, Masked: 5.7288, Reg: 0.890150
Epoch [7/95], Total Loss: 20.7431, NLL: 1.6826, Masked: 5.7314, Reg: 0.683103
Epoch [8/95], Total Loss: 20.7354, NLL: 1.6827, Masked: 5.7291, Reg: 0.607319
Epoch [9/95], Total Loss: 20.7440, NLL: 1.6809, Masked: 5.7322, Reg: 0.571675
Epoch [10/95], Total Loss: 20.7281, NLL: 1.6795, Masked: 5.7278, Reg: 0.558539
Epoch [11/95], Total Loss: 20.7241, NLL: 1.6788, Masked: 5.7268, Reg: 0.550421
Epoch [12/95], Total Loss: 20.7155, NLL: 1.6768, Masked: 5.7249, Reg: 0.544295
Epoch [13/95], Total Loss: 20.7153, NLL: 1.6761, Masked: 5.7250, Reg: 0.538267
Epoch [14/95], Total Loss: 20.6989, NLL: 1.6770, Masked: 5.7198, Reg: 0.539052
Epoch [15/95], Total Loss: 20.6791, NLL: 1.6751, Masked: 5.7144, Reg: 0.542350
Epoch [16/95], Total Loss: 20.7200, NLL: 1.6765, Masked: 5.7263, Reg: 0.527280
Epoch [17/95], Total Loss: 20.6711, NLL: 1.6719, Masked: 5.7130, Reg: 0.524095
Epoch [18/95], Total Loss: 20.6865, NLL: 1.6724, Masked: 5.7175, Reg: 0.522646
Epoch [19/95], Total Loss: 20.6854, NLL: 1.6756, Masked: 5.7162, Reg: 0.524765
Epoch [20/95], Total Loss: 20.6966, NLL: 1.6746, Masked: 5.7199, Reg: 0.532604
Epoch [21/95], Total Loss: 20.6551, NLL: 1.6742, Masked: 5.7075, Reg: 0.524101
Epoch [22/95], Total Loss: 20.6856, NLL: 1.6728, Masked: 5.7171, Reg: 0.519987
Epoch [23/95], Total Loss: 20.6831, NLL: 1.6699, Masked: 5.7172, Reg: 0.519123
Epoch [24/95], Total Loss: 20.7052, NLL: 1.6740, Masked: 5.7226, Reg: 0.524137
Epoch [25/95], Total Loss: 20.6695, NLL: 1.6703, Masked: 5.7130, Reg: 0.523465
Epoch [26/95], Total Loss: 20.6856, NLL: 1.6700, Masked: 5.7179, Reg: 0.533645
Epoch [27/95], Total Loss: 20.6615, NLL: 1.6717, Masked: 5.7102, Reg: 0.524431
Epoch [28/95], Total Loss: 20.7035, NLL: 1.6755, Masked: 5.7217, Reg: 0.531164
Epoch [29/95], Total Loss: 20.6809, NLL: 1.6721, Masked: 5.7159, Reg: 0.523824
Epoch [30/95], Total Loss: 20.6803, NLL: 1.6690, Masked: 5.7166, Reg: 0.516778
Epoch [31/95], Total Loss: 20.6716, NLL: 1.6698, Masked: 5.7138, Reg: 0.521812
Epoch [32/95], Total Loss: 20.6777, NLL: 1.6694, Masked: 5.7157, Reg: 0.523327
Epoch [33/95], Total Loss: 20.6924, NLL: 1.6691, Masked: 5.7202, Reg: 0.509717
Epoch [34/95], Total Loss: 20.6754, NLL: 1.6693, Masked: 5.7151, Reg: 0.502449
Epoch [35/95], Total Loss: 20.6785, NLL: 1.6730, Masked: 5.7149, Reg: 0.514520
Epoch [36/95], Total Loss: 20.6894, NLL: 1.6704, Masked: 5.7190, Reg: 0.511056
Epoch [37/95], Total Loss: 20.6767, NLL: 1.6708, Masked: 5.7150, Reg: 0.512923
Epoch [38/95], Total Loss: 20.6716, NLL: 1.6695, Masked: 5.7139, Reg: 0.516409
Epoch [39/95], Total Loss: 20.6935, NLL: 1.6676, Masked: 5.7210, Reg: 0.502222
Epoch [40/95], Total Loss: 20.6734, NLL: 1.6736, Masked: 5.7132, Reg: 0.515053
Epoch [41/95], Total Loss: 20.6744, NLL: 1.6684, Masked: 5.7150, Reg: 0.513490
Epoch [42/95], Total Loss: 20.6482, NLL: 1.6642, Masked: 5.7084, Reg: 0.496998
Epoch [43/95], Total Loss: 20.6708, NLL: 1.6729, Masked: 5.7126, Reg: 0.523565
Epoch [44/95], Total Loss: 20.6630, NLL: 1.6694, Masked: 5.7113, Reg: 0.514630
Epoch [45/95], Total Loss: 20.7167, NLL: 1.6695, Masked: 5.7274, Reg: 0.507355
Epoch [46/95], Total Loss: 20.6735, NLL: 1.6711, Masked: 5.7139, Reg: 0.511837
Epoch [47/95], Total Loss: 20.6764, NLL: 1.6674, Masked: 5.7159, Reg: 0.509325
Epoch [48/95], Total Loss: 20.6847, NLL: 1.6723, Masked: 5.7170, Reg: 0.506834
Epoch [49/95], Total Loss: 20.6854, NLL: 1.6728, Masked: 5.7170, Reg: 0.509934
Epoch [50/95], Total Loss: 20.6772, NLL: 1.6672, Masked: 5.7163, Reg: 0.508987
Epoch [51/95], Total Loss: 20.6644, NLL: 1.6688, Masked: 5.7119, Reg: 0.519997
Epoch [52/95], Total Loss: 20.7093, NLL: 1.6732, Masked: 5.7241, Reg: 0.512924
Epoch [53/95], Total Loss: 20.6815, NLL: 1.6715, Masked: 5.7162, Reg: 0.515742
Epoch [54/95], Total Loss: 20.6797, NLL: 1.6701, Masked: 5.7161, Reg: 0.521171
Epoch [55/95], Total Loss: 20.6647, NLL: 1.6656, Masked: 5.7130, Reg: 0.515972
Epoch [56/95], Total Loss: 20.7121, NLL: 1.6735, Masked: 5.7248, Reg: 0.515904
Epoch [57/95], Total Loss: 20.7000, NLL: 1.6716, Masked: 5.7218, Reg: 0.517910
Epoch [58/95], Total Loss: 20.6917, NLL: 1.6706, Masked: 5.7196, Reg: 0.502700
Epoch [59/95], Total Loss: 20.6825, NLL: 1.6675, Masked: 5.7178, Reg: 0.501776
Epoch [60/95], Total Loss: 20.6849, NLL: 1.6698, Masked: 5.7178, Reg: 0.511097
Epoch [61/95], Total Loss: 20.6774, NLL: 1.6694, Masked: 5.7156, Reg: 0.508338
Epoch [62/95], Total Loss: 20.6931, NLL: 1.6698, Masked: 5.7202, Reg: 0.503562
Epoch [63/95], Total Loss: 20.6804, NLL: 1.6729, Masked: 5.7155, Reg: 0.512193
Epoch [64/95], Total Loss: 20.6936, NLL: 1.6708, Masked: 5.7201, Reg: 0.502234
Epoch [65/95], Total Loss: 20.6841, NLL: 1.6705, Masked: 5.7173, Reg: 0.503515
Epoch [66/95], Total Loss: 20.6756, NLL: 1.6700, Masked: 5.7149, Reg: 0.503844
Epoch [67/95], Total Loss: 20.6741, NLL: 1.6699, Masked: 5.7145, Reg: 0.498218
Epoch [68/95], Total Loss: 20.6804, NLL: 1.6702, Masked: 5.7163, Reg: 0.496666
Epoch [69/95], Total Loss: 20.6934, NLL: 1.6724, Masked: 5.7195, Reg: 0.499266
Epoch [70/95], Total Loss: 20.6959, NLL: 1.6710, Masked: 5.7207, Reg: 0.497717
Epoch [71/95], Total Loss: 20.6987, NLL: 1.6711, Masked: 5.7215, Reg: 0.503714
Epoch [72/95], Total Loss: 20.6705, NLL: 1.6712, Masked: 5.7130, Reg: 0.498121
Epoch [73/95], Total Loss: 20.6671, NLL: 1.6694, Masked: 5.7126, Reg: 0.501664
Epoch [74/95], Total Loss: 20.6468, NLL: 1.6660, Masked: 5.7075, Reg: 0.492098
Epoch [75/95], Total Loss: 20.6436, NLL: 1.6653, Masked: 5.7067, Reg: 0.490916
Epoch [76/95], Total Loss: 20.6977, NLL: 1.6719, Masked: 5.7210, Reg: 0.501848
Epoch [77/95], Total Loss: 20.6674, NLL: 1.6687, Masked: 5.7129, Reg: 0.493928
Epoch [78/95], Total Loss: 20.6554, NLL: 1.6698, Masked: 5.7089, Reg: 0.504804
Epoch [79/95], Total Loss: 20.6630, NLL: 1.6688, Masked: 5.7115, Reg: 0.489178
Epoch [80/95], Total Loss: 20.6706, NLL: 1.6700, Masked: 5.7134, Reg: 0.492762
Epoch [81/95], Total Loss: 20.6673, NLL: 1.6711, Masked: 5.7121, Reg: 0.493605
Epoch [82/95], Total Loss: 20.6503, NLL: 1.6661, Masked: 5.7085, Reg: 0.490975
Epoch [83/95], Total Loss: 20.6748, NLL: 1.6716, Masked: 5.7142, Reg: 0.500343
Epoch [84/95], Total Loss: 20.6834, NLL: 1.6670, Masked: 5.7182, Reg: 0.493227
Epoch [85/95], Total Loss: 20.6652, NLL: 1.6702, Masked: 5.7117, Reg: 0.497708
Epoch [86/95], Total Loss: 20.6724, NLL: 1.6704, Masked: 5.7138, Reg: 0.490922
Epoch [87/95], Total Loss: 20.7026, NLL: 1.6699, Masked: 5.7231, Reg: 0.489144
Epoch [88/95], Total Loss: 20.6506, NLL: 1.6663, Masked: 5.7085, Reg: 0.494339
Epoch [89/95], Total Loss: 20.6610, NLL: 1.6705, Masked: 5.7104, Reg: 0.495875
Epoch [90/95], Total Loss: 20.6761, NLL: 1.6689, Masked: 5.7154, Reg: 0.489591
Epoch [91/95], Total Loss: 20.6799, NLL: 1.6718, Masked: 5.7157, Reg: 0.494159
Epoch [92/95], Total Loss: 20.6726, NLL: 1.6721, Masked: 5.7134, Reg: 0.499693
Epoch [93/95], Total Loss: 20.6905, NLL: 1.6693, Masked: 5.7196, Reg: 0.491575
Epoch [94/95], Total Loss: 20.6859, NLL: 1.6662, Masked: 5.7192, Reg: 0.497812
Epoch [95/95], Total Loss: 20.6615, NLL: 1.6658, Masked: 5.7119, Reg: 0.495838

==================================================
EVALUATING ON TRAINING DATA
==================================================

==================================================
TEST RESULTS
==================================================
Total Loss: 20.518285
  - ZINB NLL: 1.646230
Total number of masked values: 2066187
  - Number of values with pi >= 0.6771414282231925: 158
  - Number of values with pi < 0.6771414282231925: 2066029
  - Masked Reconstruction: 5.674764
  - Regularization: 0.497687
Mean Absolute Error (MAE): 2.972549
R² Score: 0.062953
==================================================


==================================================
EVALUATING ON VALIDATION DATA
Dataset size: 12472
==================================================


==================================================
TEST RESULTS
==================================================
Total Loss: 20.920457
  - ZINB NLL: 1.671718
Total number of masked values: 1256022
  - Number of values with pi >= 0.6771414282231925: 84
  - Number of values with pi < 0.6771414282231925: 1255938
  - Masked Reconstruction: 5.788032
  - Regularization: 0.497687
Mean Absolute Error (MAE): 3.024145
R² Score: 0.064143
==================================================


==================================================
MODEL SAVED: ZINBAE_20260225_124236_noconv_layers1440_720_ep95.pt
Location: AE/results/models/ZINBAE_20260225_124236_noconv_layers1440_720_ep95.pt
==================================================

Using combined metric: zinb_nll (1.671718) + masked_loss (5.788032) = 7.459750

>>> Optimizing combined on VALIDATION set: 7.459750
>>> Full validation metrics: {'total_loss': 20.920456545562452, 'zinb_nll': 1.671717841400406, 'mae': 3.0241446495056152, 'r2': 0.06414276361465454, 'masked_loss': 5.788031790637297, 'reg_loss': 0.497686713944622}

Iteration No: 6 ended. Evaluation done at random point.
Time taken: 806.3078
Function value obtained: 7.4597
Current minimum: 4.5853
Iteration No: 7 started. Evaluating function at random point.

================================================================================
Trial with parameters:
  features: Centr_Nucl
  step_size: 0.5924009278621828
  bin_size: 5
  sample_fraction: 0.5623824609027748
  moving_average: False
  first_layer_size_factor: 35
  num_layers: 1
  use_conv: True
  conv_channel: 118
  pool_size: 4
  kernel_size: 7
  epochs: 30
  batch_size: 64
  pi_threshold: 0.4219125032632116
  learning_rate: 3.1186566205519816e-05
  dropout_rate: 0.26704470968772104
  masked_recon_weight: 0.08696007095406233
  regularizer: none
  regularization_weight: 0.0007689291700576299
================================================================================

len(layers): 1
Creating datasets with:
  features: ['Centr', 'Nucl']
  bin_size: 5
  moving_average: False
  data_point_length: 2000 (from 2000)
  step_size: 1184 (from fraction 0.5924009278621828)
  layers: [np.int64(560)] (first=560, num=1)
  stride: 1 (fixed), padding: same (fixed)
  Using pre-determined chromosome split


Clipping outliers using 95th percentile * 1.5...
strain_yTW001: Clipping values above 134.25 (P95=89.50). Clipped 27529/1193409 values (2.31%)
strain_FD: Clipping values above 71.92 (P95=47.94). Clipped 95791/4127807 values (2.32%)
strain_dnrp: Clipping values above 243.00 (P95=162.00). Clipped 25649/1119454 values (2.29%)
strain_yEK19: Clipping values above 77.10 (P95=51.40). Clipped 83713/3893623 values (2.15%)
strain_yEK23: Clipping values above 72.00 (P95=48.00). Clipped 86381/3558407 values (2.43%)
strain_yWT03a: Clipping values above 15.00 (P95=10.00). Clipped 10602/347679 values (3.05%)
strain_yWT04a: Clipping values above 58.50 (P95=39.00). Clipped 21095/725406 values (2.91%)
strain_ylic137: Clipping values above 142.50 (P95=95.00). Clipped 28746/1112684 values (2.58%)

Splitting data using pre-determined chromosomes...
Standardizing features: ['Centr', 'Nucl']
Column order in final array (Dataset/Chrom split): ['Value', 'Nucleosome_Distance', 'Centromere_Distance', 'Value_Raw', 'Size_Factor']
Removing 0 empty data points out of 9352
Column order in final array (Dataset/Chrom split): ['Value', 'Nucleosome_Distance', 'Centromere_Distance', 'Value_Raw', 'Size_Factor']
Removing 0 empty data points out of 3288
Column order in final array (Dataset/Chrom split): ['Value', 'Nucleosome_Distance', 'Centromere_Distance', 'Value_Raw', 'Size_Factor']
Removing 0 empty data points out of 3640
Datasets created with shapes:
  Train: (9352, 2000, 5)
  Val: (3288, 2000, 5)
  Test: (3640, 2000, 5)
Datasets created:
  Train: (9352, 2000, 5), Val: (3288, 2000, 5), Test: (3640, 2000, 5)

Randomly sampled 5259/9352 samples (56.2%)
Applied denoising with 15.0% masking
Applied denoising with 15.0% masking
Number of encoder layers: 1
Number of decoder layers (excluding heads): 1
Total number of layers including latent layer: 3
Epoch [1/30], Total Loss: 3.2962, NLL: 2.0782, Masked: 14.0069
Epoch [2/30], Total Loss: 2.2272, NLL: 1.8019, Masked: 4.8908
Epoch [3/30], Total Loss: 2.1733, NLL: 1.7498, Masked: 4.8692
Epoch [4/30], Total Loss: 2.1418, NLL: 1.7157, Masked: 4.8995
Epoch [5/30], Total Loss: 2.1359, NLL: 1.7104, Masked: 4.8932
Epoch [6/30], Total Loss: 2.1270, NLL: 1.7038, Masked: 4.8677
Epoch [7/30], Total Loss: 2.1230, NLL: 1.7000, Masked: 4.8649
Epoch [8/30], Total Loss: 2.1187, NLL: 1.6958, Masked: 4.8630
Epoch [9/30], Total Loss: 2.1135, NLL: 1.6925, Masked: 4.8404
Epoch [10/30], Total Loss: 2.1115, NLL: 1.6889, Masked: 4.8596
Epoch [11/30], Total Loss: 2.1089, NLL: 1.6877, Masked: 4.8430
Epoch [12/30], Total Loss: 2.1049, NLL: 1.6835, Masked: 4.8466
Epoch [13/30], Total Loss: 2.1005, NLL: 1.6797, Masked: 4.8384
Epoch [14/30], Total Loss: 2.0957, NLL: 1.6747, Masked: 4.8404
Epoch [15/30], Total Loss: 2.0896, NLL: 1.6688, Masked: 4.8388
Epoch [16/30], Total Loss: 2.0833, NLL: 1.6630, Masked: 4.8332
Epoch [17/30], Total Loss: 2.0774, NLL: 1.6567, Masked: 4.8383
Epoch [18/30], Total Loss: 2.0727, NLL: 1.6524, Masked: 4.8340
Epoch [19/30], Total Loss: 2.0663, NLL: 1.6473, Masked: 4.8186
Epoch [20/30], Total Loss: 2.0623, NLL: 1.6428, Masked: 4.8238
Epoch [21/30], Total Loss: 2.0606, NLL: 1.6421, Masked: 4.8124
Epoch [22/30], Total Loss: 2.0540, NLL: 1.6357, Masked: 4.8102
Epoch [23/30], Total Loss: 2.0490, NLL: 1.6303, Masked: 4.8150
Epoch [24/30], Total Loss: 2.0451, NLL: 1.6273, Masked: 4.8042
Epoch [25/30], Total Loss: 2.0434, NLL: 1.6255, Masked: 4.8059
Epoch [26/30], Total Loss: 2.0363, NLL: 1.6185, Masked: 4.8036
Epoch [27/30], Total Loss: 2.0313, NLL: 1.6138, Masked: 4.8016
Epoch [28/30], Total Loss: 2.0291, NLL: 1.6116, Masked: 4.8014
Epoch [29/30], Total Loss: 2.0262, NLL: 1.6082, Masked: 4.8065
Epoch [30/30], Total Loss: 2.0239, NLL: 1.6065, Masked: 4.7993

==================================================
EVALUATING ON TRAINING DATA
==================================================

==================================================
TEST RESULTS
==================================================
Total Loss: 2.008741
  - ZINB NLL: 1.594185
Total number of masked values: 673983
  - Number of values with pi >= 0.4219125032632116: 217655
  - Number of values with pi < 0.4219125032632116: 456328
  - Masked Reconstruction: 4.767201
Mean Absolute Error (MAE): 2.545712
R² Score: 0.033115
==================================================


==================================================
EVALUATING ON VALIDATION DATA
Dataset size: 3288
==================================================


==================================================
TEST RESULTS
==================================================
Total Loss: 2.031309
  - ZINB NLL: 1.619977
Total number of masked values: 423034
  - Number of values with pi >= 0.4219125032632116: 132697
  - Number of values with pi < 0.4219125032632116: 290337
  - Masked Reconstruction: 4.730122
Mean Absolute Error (MAE): 2.633270
R² Score: 0.045684
==================================================


==================================================
MODEL SAVED: ZINBAE_20260225_124540_conv118_layers560_ep30.pt
Location: AE/results/models/ZINBAE_20260225_124540_conv118_layers560_ep30.pt
==================================================

Using combined metric: zinb_nll (1.619977) + masked_loss (4.730122) = 6.350099

>>> Optimizing combined on VALIDATION set: 6.350099
>>> Full validation metrics: {'total_loss': 2.0313087020187193, 'zinb_nll': 1.619976985193517, 'mae': 2.633270025253296, 'r2': 0.04568392038345337, 'masked_loss': 4.7301218074603675}

Iteration No: 7 ended. Evaluation done at random point.
Time taken: 184.8278
Function value obtained: 6.3501
Current minimum: 4.5853
Iteration No: 8 started. Evaluating function at random point.

================================================================================
Trial with parameters:
  features: Centr_Nucl
  step_size: 0.37621828162969795
  bin_size: 5
  sample_fraction: 0.668576501513006
  moving_average: True
  first_layer_size_factor: 10
  num_layers: 2
  use_conv: True
  conv_channel: 94
  pool_size: 6
  kernel_size: 3
  epochs: 150
  batch_size: 32
  pi_threshold: 0.6906459823330612
  learning_rate: 0.0001710452585899055
  dropout_rate: 0.016525366450274196
  masked_recon_weight: 0.024004075943521636
  regularizer: l2
  regularization_weight: 0.5820203380944969
================================================================================

len(layers): 2
Creating datasets with:
  features: ['Centr', 'Nucl']
  bin_size: 5
  moving_average: True
  data_point_length: 2000 (from 2000)
  step_size: 752 (from fraction 0.37621828162969795)
  layers: [np.int64(160), np.int64(80)] (first=160, num=2)
  stride: 1 (fixed), padding: same (fixed)
  Using pre-determined chromosome split


Clipping outliers using 95th percentile * 1.5...
strain_yTW001: Clipping values above 134.25 (P95=89.50). Clipped 27529/1193409 values (2.31%)
strain_FD: Clipping values above 71.92 (P95=47.94). Clipped 95791/4127807 values (2.32%)
strain_dnrp: Clipping values above 243.00 (P95=162.00). Clipped 25649/1119454 values (2.29%)
strain_yEK19: Clipping values above 77.10 (P95=51.40). Clipped 83713/3893623 values (2.15%)
strain_yEK23: Clipping values above 72.00 (P95=48.00). Clipped 86381/3558407 values (2.43%)
strain_yWT03a: Clipping values above 15.00 (P95=10.00). Clipped 10602/347679 values (3.05%)
strain_yWT04a: Clipping values above 58.50 (P95=39.00). Clipped 21095/725406 values (2.91%)
strain_ylic137: Clipping values above 142.50 (P95=95.00). Clipped 28746/1112684 values (2.58%)

Splitting data using pre-determined chromosomes...
Standardizing features: ['Centr', 'Nucl']
Column order in final array (Dataset/Chrom split): ['Value', 'Nucleosome_Distance', 'Centromere_Distance', 'Value_Raw', 'Size_Factor']
Removing 0 empty data points out of 73704
Column order in final array (Dataset/Chrom split): ['Value', 'Nucleosome_Distance', 'Centromere_Distance', 'Value_Raw', 'Size_Factor']
Removing 0 empty data points out of 25912
Column order in final array (Dataset/Chrom split): ['Value', 'Nucleosome_Distance', 'Centromere_Distance', 'Value_Raw', 'Size_Factor']
Removing 0 empty data points out of 28672
Datasets created with shapes:
  Train: (73704, 2000, 5)
  Val: (25912, 2000, 5)
  Test: (28672, 2000, 5)
Datasets created:
  Train: (73704, 2000, 5), Val: (25912, 2000, 5), Test: (28672, 2000, 5)

Randomly sampled 49276/73704 samples (66.9%)
Applied denoising with 15.0% masking
Applied denoising with 15.0% masking
Number of encoder layers: 2
Number of decoder layers (excluding heads): 2
Total number of layers including latent layer: 5
Epoch [1/150], Total Loss: 3.2457, NLL: 2.5023, Masked: 30.9705, Reg: 4097.425482
Epoch [2/150], Total Loss: 3.1832, NLL: 2.4396, Masked: 30.9774, Reg: 3063.431214
Epoch [3/150], Total Loss: 3.1251, NLL: 2.3817, Masked: 30.9685, Reg: 2219.879749
Epoch [4/150], Total Loss: 3.0731, NLL: 2.3297, Masked: 30.9684, Reg: 1529.562330
Epoch [5/150], Total Loss: 3.0277, NLL: 2.2846, Masked: 30.9552, Reg: 981.295663
Epoch [6/150], Total Loss: 2.9911, NLL: 2.2477, Masked: 30.9688, Reg: 567.526919
Epoch [7/150], Total Loss: 2.9633, NLL: 2.2199, Masked: 30.9704, Reg: 279.840885
Epoch [8/150], Total Loss: 2.9446, NLL: 2.2012, Masked: 30.9683, Reg: 105.760059
Epoch [9/150], Total Loss: 2.9346, NLL: 2.1909, Masked: 30.9823, Reg: 24.482186
Epoch [10/150], Total Loss: 2.9304, NLL: 2.1869, Masked: 30.9743, Reg: 2.113657
Epoch [11/150], Total Loss: 2.9294, NLL: 2.1860, Masked: 30.9708, Reg: 0.024030
Epoch [12/150], Total Loss: 2.9293, NLL: 2.1859, Masked: 30.9702, Reg: 0.001517
Epoch [13/150], Total Loss: 2.9296, NLL: 2.1859, Masked: 30.9835, Reg: 0.001318
Epoch [14/150], Total Loss: 2.9295, NLL: 2.1859, Masked: 30.9768, Reg: 0.001274
Epoch [15/150], Total Loss: 2.9296, NLL: 2.1859, Masked: 30.9836, Reg: 0.001281
Epoch [16/150], Total Loss: 2.9292, NLL: 2.1859, Masked: 30.9643, Reg: 0.001281
Epoch [17/150], Total Loss: 2.9294, NLL: 2.1859, Masked: 30.9717, Reg: 0.001282
Epoch [18/150], Total Loss: 2.9295, NLL: 2.1859, Masked: 30.9779, Reg: 0.001282
Epoch [19/150], Total Loss: 2.9293, NLL: 2.1859, Masked: 30.9693, Reg: 0.001284
Epoch [20/150], Total Loss: 2.9293, NLL: 2.1859, Masked: 30.9692, Reg: 0.001286
Epoch [21/150], Total Loss: 2.9293, NLL: 2.1859, Masked: 30.9713, Reg: 0.001286
Epoch [22/150], Total Loss: 2.9294, NLL: 2.1859, Masked: 30.9730, Reg: 0.001286
Epoch [23/150], Total Loss: 2.9293, NLL: 2.1859, Masked: 30.9709, Reg: 0.001286
Epoch [24/150], Total Loss: 2.9295, NLL: 2.1859, Masked: 30.9783, Reg: 0.001287
Epoch [25/150], Total Loss: 2.9292, NLL: 2.1859, Masked: 30.9657, Reg: 0.001285
Epoch [26/150], Total Loss: 2.9294, NLL: 2.1859, Masked: 30.9732, Reg: 0.001287
Epoch [27/150], Total Loss: 2.9295, NLL: 2.1859, Masked: 30.9778, Reg: 0.001286
Epoch [28/150], Total Loss: 2.9294, NLL: 2.1859, Masked: 30.9741, Reg: 0.001286
Epoch [29/150], Total Loss: 2.9295, NLL: 2.1859, Masked: 30.9794, Reg: 0.001287
Epoch [30/150], Total Loss: 2.9293, NLL: 2.1859, Masked: 30.9684, Reg: 0.001286
Epoch [31/150], Total Loss: 2.9296, NLL: 2.1859, Masked: 30.9821, Reg: 0.001287
Epoch [32/150], Total Loss: 2.9293, NLL: 2.1859, Masked: 30.9682, Reg: 0.001285
Epoch [33/150], Total Loss: 2.9293, NLL: 2.1859, Masked: 30.9690, Reg: 0.001287
Epoch [34/150], Total Loss: 2.9293, NLL: 2.1859, Masked: 30.9680, Reg: 0.001286
Epoch [35/150], Total Loss: 2.9293, NLL: 2.1859, Masked: 30.9711, Reg: 0.001286
Epoch [36/150], Total Loss: 2.9295, NLL: 2.1859, Masked: 30.9768, Reg: 0.001287
Epoch [37/150], Total Loss: 2.9294, NLL: 2.1859, Masked: 30.9718, Reg: 0.001286
Epoch [38/150], Total Loss: 2.9289, NLL: 2.1859, Masked: 30.9520, Reg: 0.001286
Epoch [39/150], Total Loss: 2.9295, NLL: 2.1859, Masked: 30.9759, Reg: 0.001287
Epoch [40/150], Total Loss: 2.9293, NLL: 2.1859, Masked: 30.9696, Reg: 0.001285
Epoch [41/150], Total Loss: 2.9294, NLL: 2.1859, Masked: 30.9720, Reg: 0.001286
Epoch [42/150], Total Loss: 2.9290, NLL: 2.1859, Masked: 30.9582, Reg: 0.001286
Epoch [43/150], Total Loss: 2.9292, NLL: 2.1859, Masked: 30.9653, Reg: 0.001285
Epoch [44/150], Total Loss: 2.9290, NLL: 2.1859, Masked: 30.9575, Reg: 0.001285
Epoch [45/150], Total Loss: 2.9295, NLL: 2.1859, Masked: 30.9781, Reg: 0.001287
Epoch [46/150], Total Loss: 2.9291, NLL: 2.1859, Masked: 30.9601, Reg: 0.001285
Epoch [47/150], Total Loss: 2.9293, NLL: 2.1859, Masked: 30.9703, Reg: 0.001286
Epoch [48/150], Total Loss: 2.9291, NLL: 2.1859, Masked: 30.9605, Reg: 0.001286
Epoch [49/150], Total Loss: 2.9291, NLL: 2.1859, Masked: 30.9618, Reg: 0.001286
Epoch [50/150], Total Loss: 2.9294, NLL: 2.1859, Masked: 30.9722, Reg: 0.001286
Epoch [51/150], Total Loss: 2.9294, NLL: 2.1859, Masked: 30.9740, Reg: 0.001286
Epoch [52/150], Total Loss: 2.9293, NLL: 2.1859, Masked: 30.9678, Reg: 0.001286
Epoch [53/150], Total Loss: 2.9295, NLL: 2.1859, Masked: 30.9764, Reg: 0.001286
Epoch [54/150], Total Loss: 2.9293, NLL: 2.1859, Masked: 30.9703, Reg: 0.001286
Epoch [55/150], Total Loss: 2.9289, NLL: 2.1859, Masked: 30.9526, Reg: 0.001286
Epoch [56/150], Total Loss: 2.9292, NLL: 2.1859, Masked: 30.9637, Reg: 0.001285
Epoch [57/150], Total Loss: 2.9293, NLL: 2.1859, Masked: 30.9704, Reg: 0.001286
Epoch [58/150], Total Loss: 2.9298, NLL: 2.1859, Masked: 30.9903, Reg: 0.001287
Epoch [59/150], Total Loss: 2.9292, NLL: 2.1859, Masked: 30.9641, Reg: 0.001287
Epoch [60/150], Total Loss: 2.9295, NLL: 2.1859, Masked: 30.9773, Reg: 0.001286
Epoch [61/150], Total Loss: 2.9294, NLL: 2.1859, Masked: 30.9718, Reg: 0.001286
Epoch [62/150], Total Loss: 2.9293, NLL: 2.1859, Masked: 30.9680, Reg: 0.001287
Epoch [63/150], Total Loss: 2.9294, NLL: 2.1859, Masked: 30.9729, Reg: 0.001285
Epoch [64/150], Total Loss: 2.9293, NLL: 2.1859, Masked: 30.9680, Reg: 0.001286
Epoch [65/150], Total Loss: 2.9292, NLL: 2.1859, Masked: 30.9639, Reg: 0.001285
Epoch [66/150], Total Loss: 2.9297, NLL: 2.1859, Masked: 30.9857, Reg: 0.001287
Epoch [67/150], Total Loss: 2.9293, NLL: 2.1859, Masked: 30.9675, Reg: 0.001286
Epoch [68/150], Total Loss: 2.9294, NLL: 2.1859, Masked: 30.9746, Reg: 0.001286
Epoch [69/150], Total Loss: 2.9291, NLL: 2.1859, Masked: 30.9626, Reg: 0.001286
Epoch [70/150], Total Loss: 2.9294, NLL: 2.1859, Masked: 30.9731, Reg: 0.001285
Epoch [71/150], Total Loss: 2.9293, NLL: 2.1859, Masked: 30.9706, Reg: 0.001286
Epoch [72/150], Total Loss: 2.9294, NLL: 2.1859, Masked: 30.9750, Reg: 0.001287
Epoch [73/150], Total Loss: 2.9293, NLL: 2.1859, Masked: 30.9678, Reg: 0.001286
Epoch [74/150], Total Loss: 2.9293, NLL: 2.1859, Masked: 30.9711, Reg: 0.001286
Epoch [75/150], Total Loss: 2.9295, NLL: 2.1859, Masked: 30.9770, Reg: 0.001286
