/opt/conda/lib/python3.11/site-packages/torch/nn/init.py:453: UserWarning: Initializing zero-element tensors is a no-op
  warnings.warn("Initializing zero-element tensors is a no-op")
Traceback (most recent call last):
  File "/workspace/AE/training/bayesian_hyperparameter.py", line 236, in objective
    train_metrics, val_metrics = main_with_datasets(
                                 ^^^^^^^^^^^^^^^^^^^
  File "/workspace/AE/main.py", line 109, in main_with_datasets
    _, train_metrics = train(
                       ^^^^^^
  File "/workspace/AE/training/training.py", line 131, in train
    mu, theta, pi, z = model(batch_input, size_factors)
                       ^^^^^^^^^^^^^^^^^^^^^^^^^^^^^^^^
  File "/opt/conda/lib/python3.11/site-packages/torch/nn/modules/module.py", line 1553, in _wrapped_call_impl
    return self._call_impl(*args, **kwargs)
           ^^^^^^^^^^^^^^^^^^^^^^^^^^^^^^^^
  File "/opt/conda/lib/python3.11/site-packages/torch/nn/modules/module.py", line 1562, in _call_impl
    return forward_call(*args, **kwargs)
           ^^^^^^^^^^^^^^^^^^^^^^^^^^^^^
  File "/workspace/AE/architectures/ZINBAE.py", line 111, in forward
    x = self.pool(x)  # (batch, conv_channels, pooled_seq_length)
        ^^^^^^^^^^^^
  File "/opt/conda/lib/python3.11/site-packages/torch/nn/modules/module.py", line 1553, in _wrapped_call_impl
    return self._call_impl(*args, **kwargs)
           ^^^^^^^^^^^^^^^^^^^^^^^^^^^^^^^^
  File "/opt/conda/lib/python3.11/site-packages/torch/nn/modules/module.py", line 1562, in _call_impl
    return forward_call(*args, **kwargs)
           ^^^^^^^^^^^^^^^^^^^^^^^^^^^^^
  File "/opt/conda/lib/python3.11/site-packages/torch/nn/modules/pooling.py", line 91, in forward
    return F.max_pool1d(input, self.kernel_size, self.stride,
           ^^^^^^^^^^^^^^^^^^^^^^^^^^^^^^^^^^^^^^^^^^^^^^^^^^
  File "/opt/conda/lib/python3.11/site-packages/torch/_jit_internal.py", line 503, in fn
    return if_false(*args, **kwargs)
           ^^^^^^^^^^^^^^^^^^^^^^^^^
  File "/opt/conda/lib/python3.11/site-packages/torch/nn/functional.py", line 710, in _max_pool1d
    return torch.max_pool1d(input, kernel_size, stride, padding, dilation, ceil_mode)
           ^^^^^^^^^^^^^^^^^^^^^^^^^^^^^^^^^^^^^^^^^^^^^^^^^^^^^^^^^^^^^^^^^^^^^^^^^^
RuntimeError: max_pool1d() Invalid computed output size: 0
srun: Job step aborted: Waiting up to 32 seconds for job step to finish.
slurmstepd: error: *** JOB 12208137 ON cor1 CANCELLED AT 2026-02-12T22:27:02 DUE TO TIME LIMIT ***
slurmstepd: error: *** STEP 12208137.0 ON cor1 CANCELLED AT 2026-02-12T22:27:02 DUE TO TIME LIMIT ***
