Device: cuda

================================================================================
Determining chromosome split (will be consistent across all trials)...
================================================================================


Chromosome split determined:
  Train chromosomes: ['ChrIII', 'ChrIV', 'ChrIX', 'ChrVI', 'ChrVII', 'ChrX', 'ChrXI', 'ChrXIII', 'ChrXVI']
  Validation chromosomes: ['ChrVIII', 'ChrXIV', 'ChrXV']
  Test chromosomes: ['ChrI', 'ChrII', 'ChrV', 'ChrXII']

Chromosome split saved to: AE/results/bayesian_optimization/chromosome_split_20260306_082057.json


################################################################################
# Starting Bayesian Hyperparameter Optimization
# Optimizing metric: combined on VALIDATION set
# Number of trials: 150
# Initial random points: 20
# Random state: 42
# Parallel jobs: 1
# Checkpoint will be saved to: AE/results/bayesian_optimization/checkpoints/checkpoint_combined_20260306_082057.pkl
################################################################################

Iteration No: 1 started. Evaluating function at random point.

================================================================================
Trial with parameters:
  features: Nucl
  step_size: 0.3875760923996229
  bin_size: 16
  sample_fraction: 0.6976376184598654
  moving_average: False
  first_layer_size_factor: 14
  num_layers: 2
  use_conv: True
  conv_channel: 32
  pool_size: 6
  kernel_size: 3
  epochs: 117
  batch_size: 128
  pi_threshold: 0.30031150633640574
  learning_rate: 0.009476210031010525
  dropout_rate: 0.3087407548138583
  masked_recon_weight: 0.2796485951606247
  regularizer: l1
  regularization_weight: 1.4502303019631352e-05
================================================================================

len(layers): 2
Creating datasets with:
  features: ['Nucl']
  bin_size: 16
  moving_average: False
  data_point_length: 2000 (from 2000)
  step_size: 775 (from fraction 0.3875760923996229)
  layers: [np.int64(224), np.int64(112)] (first=224, num=2)
  stride: 1 (fixed), padding: same (fixed)
  Using pre-determined chromosome split


Clipping outliers using 95th percentile * 1.5...
strain_yTW001: Clipping values above 134.25 (P95=89.50). Clipped 27529/1193409 values (2.31%)
strain_FD: Clipping values above 71.92 (P95=47.94). Clipped 95791/4127807 values (2.32%)
strain_dnrp: Clipping values above 243.00 (P95=162.00). Clipped 25649/1119454 values (2.29%)
strain_yEK19: Clipping values above 77.10 (P95=51.40). Clipped 83713/3893623 values (2.15%)
strain_yEK23: Clipping values above 72.00 (P95=48.00). Clipped 86381/3558407 values (2.43%)
strain_yWT03a: Clipping values above 15.00 (P95=10.00). Clipped 10602/347679 values (3.05%)
strain_yWT04a: Clipping values above 58.50 (P95=39.00). Clipped 21095/725406 values (2.91%)
strain_ylic137: Clipping values above 142.50 (P95=95.00). Clipped 28746/1112684 values (2.58%)

Splitting data using pre-determined chromosomes...
Standardizing features: ['Nucl']
Column order in final array (Dataset/Chrom split): ['Value', 'Nucleosome_Distance', 'Value_Raw', 'Size_Factor']
Removing 0 empty data points out of 4384
Column order in final array (Dataset/Chrom split): ['Value', 'Nucleosome_Distance', 'Value_Raw', 'Size_Factor']
Removing 0 empty data points out of 1544
Column order in final array (Dataset/Chrom split): ['Value', 'Nucleosome_Distance', 'Value_Raw', 'Size_Factor']
Removing 0 empty data points out of 1700
Datasets created with shapes:
  Train: (4384, 2000, 4)
  Val: (1544, 2000, 4)
  Test: (1700, 2000, 4)
Datasets created:
  Train: (4384, 2000, 4), Val: (1544, 2000, 4), Test: (1700, 2000, 4)

Randomly sampled 3058/4384 samples (69.8%)
Applied denoising with 15.0% masking
Applied denoising with 15.0% masking
Number of encoder layers: 2
Number of decoder layers (excluding heads): 2
Total number of layers including latent layer: 5
Epoch [1/117], Total Loss: 4.7534, NLL: 2.6173, Masked: 5.2301, Reg: 0.673572
Epoch [2/117], Total Loss: 444.5240, NLL: 2.6813, Masked: 1577.7569, Reg: 0.625208
Epoch [3/117], Total Loss: 8721.6740, NLL: 2.4778, Masked: 31177.3671, Reg: 0.488889
Epoch [4/117], Total Loss: 2487.5373, NLL: 2.2394, Masked: 8885.0113, Reg: 0.616883
Epoch [5/117], Total Loss: 2713.4309, NLL: 2.2336, Masked: 9693.2488, Reg: 0.493899
Epoch [6/117], Total Loss: 3.3885, NLL: 2.0353, Masked: 3.2235, Reg: 0.451712
Epoch [7/117], Total Loss: 3.2106, NLL: 1.9299, Masked: 3.1757, Reg: 0.392664
Epoch [8/117], Total Loss: 3.1407, NLL: 1.9246, Masked: 3.1679, Reg: 0.330165
Epoch [9/117], Total Loss: 3.1186, NLL: 1.9222, Masked: 3.1698, Reg: 0.309975
Epoch [10/117], Total Loss: 3.0872, NLL: 1.9133, Masked: 3.1594, Reg: 0.290302
Epoch [11/117], Total Loss: 3.0562, NLL: 1.9049, Masked: 3.1375, Reg: 0.273887
Epoch [12/117], Total Loss: 3.0500, NLL: 1.9097, Masked: 3.1470, Reg: 0.260233
Epoch [13/117], Total Loss: 3.0207, NLL: 1.9023, Masked: 3.1341, Reg: 0.241935
Epoch [14/117], Total Loss: 3.0131, NLL: 1.9061, Masked: 3.1405, Reg: 0.228784
Epoch [15/117], Total Loss: 3.0053, NLL: 1.9070, Masked: 3.1411, Reg: 0.219964
Epoch [16/117], Total Loss: 2.9900, NLL: 1.9044, Masked: 3.1365, Reg: 0.208469
Epoch [17/117], Total Loss: 2.9772, NLL: 1.9021, Masked: 3.1269, Reg: 0.200639
Epoch [18/117], Total Loss: 2.9794, NLL: 1.9025, Masked: 3.1379, Reg: 0.199459
Epoch [19/117], Total Loss: 2.9674, NLL: 1.8986, Masked: 3.1290, Reg: 0.193768
Epoch [20/117], Total Loss: 2.9641, NLL: 1.9015, Masked: 3.1419, Reg: 0.184064
Epoch [21/117], Total Loss: 2.9609, NLL: 1.8991, Masked: 3.1310, Reg: 0.186197
Epoch [22/117], Total Loss: 2.9533, NLL: 1.8982, Masked: 3.1285, Reg: 0.180246
Epoch [23/117], Total Loss: 2.9522, NLL: 1.8991, Masked: 3.1317, Reg: 0.177307
Epoch [24/117], Total Loss: 2.9551, NLL: 1.9021, Masked: 3.1350, Reg: 0.176280
Epoch [25/117], Total Loss: 2.9416, NLL: 1.8971, Masked: 3.1225, Reg: 0.171352
Epoch [26/117], Total Loss: 2.9368, NLL: 1.8947, Masked: 3.1282, Reg: 0.167365
Epoch [27/117], Total Loss: 2.9454, NLL: 1.9004, Masked: 3.1289, Reg: 0.170023
Epoch [28/117], Total Loss: 2.9349, NLL: 1.8959, Masked: 3.1291, Reg: 0.163874
Epoch [29/117], Total Loss: 2.9291, NLL: 1.8943, Masked: 3.1266, Reg: 0.160417
Epoch [30/117], Total Loss: 2.9301, NLL: 1.8948, Masked: 3.1239, Reg: 0.161702
Epoch [31/117], Total Loss: 2.9278, NLL: 1.8941, Masked: 3.1254, Reg: 0.159750
Epoch [32/117], Total Loss: 2.9260, NLL: 1.8950, Masked: 3.1304, Reg: 0.155582
Epoch [33/117], Total Loss: 2.9274, NLL: 1.8953, Masked: 3.1272, Reg: 0.157564
Epoch [34/117], Total Loss: 2.9294, NLL: 1.8955, Masked: 3.1300, Reg: 0.158552
Epoch [35/117], Total Loss: 2.9189, NLL: 1.8936, Masked: 3.1185, Reg: 0.153200
Epoch [36/117], Total Loss: 2.9196, NLL: 1.8943, Masked: 3.1269, Reg: 0.150821
Epoch [37/117], Total Loss: 2.9210, NLL: 1.8957, Masked: 3.1269, Reg: 0.150803
Epoch [38/117], Total Loss: 2.9172, NLL: 1.8931, Masked: 3.1227, Reg: 0.150868
Epoch [39/117], Total Loss: 2.9105, NLL: 1.8903, Masked: 3.1175, Reg: 0.148353
Epoch [40/117], Total Loss: 2.9094, NLL: 1.8920, Masked: 3.1157, Reg: 0.146152
Epoch [41/117], Total Loss: 2.9112, NLL: 1.8929, Masked: 3.1210, Reg: 0.145534
Epoch [42/117], Total Loss: 2.9071, NLL: 1.8919, Masked: 3.1229, Reg: 0.141955
Epoch [43/117], Total Loss: 2.9078, NLL: 1.8913, Masked: 3.1225, Reg: 0.143230
Epoch [44/117], Total Loss: 2.9047, NLL: 1.8913, Masked: 3.1213, Reg: 0.140569
Epoch [45/117], Total Loss: 2.9098, NLL: 1.8941, Masked: 3.1264, Reg: 0.141404
Epoch [46/117], Total Loss: 2.9059, NLL: 1.8915, Masked: 3.1169, Reg: 0.142752
Epoch [47/117], Total Loss: 2.9021, NLL: 1.8894, Masked: 3.1182, Reg: 0.140699
Epoch [48/117], Total Loss: 2.9016, NLL: 1.8891, Masked: 3.1179, Reg: 0.140583
Epoch [49/117], Total Loss: 2.9007, NLL: 1.8881, Masked: 3.1163, Reg: 0.141178
Epoch [50/117], Total Loss: 2.8997, NLL: 1.8893, Masked: 3.1179, Reg: 0.138484
Epoch [51/117], Total Loss: 2.9071, NLL: 1.8914, Masked: 3.1277, Reg: 0.141031
Epoch [52/117], Total Loss: 2.9019, NLL: 1.8882, Masked: 3.1164, Reg: 0.142187
Epoch [53/117], Total Loss: 2.8997, NLL: 1.8879, Masked: 3.1254, Reg: 0.137767
Epoch [54/117], Total Loss: 2.9024, NLL: 1.8913, Masked: 3.1240, Reg: 0.137459
Epoch [55/117], Total Loss: 2.8950, NLL: 1.8869, Masked: 3.1135, Reg: 0.137429
Epoch [56/117], Total Loss: 2.8953, NLL: 1.8878, Masked: 3.1164, Reg: 0.136028
Epoch [57/117], Total Loss: 2.8992, NLL: 1.8881, Masked: 3.1162, Reg: 0.139610
Epoch [58/117], Total Loss: 2.8999, NLL: 1.8881, Masked: 3.1242, Reg: 0.138123
Epoch [59/117], Total Loss: 2.8999, NLL: 1.8900, Masked: 3.1248, Reg: 0.136019
Epoch [60/117], Total Loss: 2.8936, NLL: 1.8866, Masked: 3.1113, Reg: 0.136943
Epoch [61/117], Total Loss: 2.8964, NLL: 1.8883, Masked: 3.1181, Reg: 0.136112
Epoch [62/117], Total Loss: 2.8967, NLL: 1.8881, Masked: 3.1115, Reg: 0.138430
Epoch [63/117], Total Loss: 2.8932, NLL: 1.8870, Masked: 3.1158, Reg: 0.134929
Epoch [64/117], Total Loss: 2.8948, NLL: 1.8894, Masked: 3.1127, Reg: 0.134945
Epoch [65/117], Total Loss: 2.8951, NLL: 1.8887, Masked: 3.1164, Reg: 0.134925
Epoch [66/117], Total Loss: 2.8963, NLL: 1.8883, Masked: 3.1168, Reg: 0.136395
Epoch [67/117], Total Loss: 2.8984, NLL: 1.8880, Masked: 3.1164, Reg: 0.138901
Epoch [68/117], Total Loss: 2.8978, NLL: 1.8877, Masked: 3.1175, Reg: 0.138291
Epoch [69/117], Total Loss: 2.8950, NLL: 1.8866, Masked: 3.1175, Reg: 0.136620
Epoch [70/117], Total Loss: 2.8907, NLL: 1.8857, Masked: 3.1146, Reg: 0.133972
Epoch [71/117], Total Loss: 2.8916, NLL: 1.8867, Masked: 3.1120, Reg: 0.134695
Epoch [72/117], Total Loss: 2.8959, NLL: 1.8884, Masked: 3.1173, Reg: 0.135752
Epoch [73/117], Total Loss: 2.8941, NLL: 1.8871, Masked: 3.1202, Reg: 0.134486
Epoch [74/117], Total Loss: 2.8907, NLL: 1.8853, Masked: 3.1162, Reg: 0.133971
Epoch [75/117], Total Loss: 2.8884, NLL: 1.8846, Masked: 3.1107, Reg: 0.133844
Epoch [76/117], Total Loss: 2.8888, NLL: 1.8858, Masked: 3.1105, Reg: 0.133175
Epoch [77/117], Total Loss: 2.8898, NLL: 1.8856, Masked: 3.1142, Reg: 0.133299
Epoch [78/117], Total Loss: 2.8898, NLL: 1.8855, Masked: 3.1087, Reg: 0.134973
Epoch [79/117], Total Loss: 2.8927, NLL: 1.8862, Masked: 3.1119, Reg: 0.136277
Epoch [80/117], Total Loss: 2.8872, NLL: 1.8852, Masked: 3.1071, Reg: 0.133154
Epoch [81/117], Total Loss: 2.8966, NLL: 1.8886, Masked: 3.1149, Reg: 0.136845
Epoch [82/117], Total Loss: 2.8915, NLL: 1.8836, Masked: 3.1114, Reg: 0.137732
Epoch [83/117], Total Loss: 2.8951, NLL: 1.8870, Masked: 3.1125, Reg: 0.137738
Epoch [84/117], Total Loss: 2.8921, NLL: 1.8859, Masked: 3.1120, Reg: 0.135950
Epoch [85/117], Total Loss: 2.8867, NLL: 1.8839, Masked: 3.1102, Reg: 0.133117
Epoch [86/117], Total Loss: 2.8869, NLL: 1.8854, Masked: 3.1041, Reg: 0.133478
Epoch [87/117], Total Loss: 2.8866, NLL: 1.8839, Masked: 3.1084, Reg: 0.133437
Epoch [88/117], Total Loss: 2.8901, NLL: 1.8833, Masked: 3.1181, Reg: 0.134778
Epoch [89/117], Total Loss: 2.8918, NLL: 1.8881, Masked: 3.1144, Reg: 0.132778
Epoch [90/117], Total Loss: 2.8850, NLL: 1.8831, Masked: 3.1077, Reg: 0.132775
Epoch [91/117], Total Loss: 2.8855, NLL: 1.8832, Masked: 3.1059, Reg: 0.133752
Epoch [92/117], Total Loss: 2.8869, NLL: 1.8839, Masked: 3.1062, Reg: 0.134356
Epoch [93/117], Total Loss: 2.8855, NLL: 1.8842, Masked: 3.1025, Reg: 0.133712
Epoch [94/117], Total Loss: 2.8870, NLL: 1.8832, Masked: 3.1110, Reg: 0.133799
Epoch [95/117], Total Loss: 2.8908, NLL: 1.8877, Masked: 3.1106, Reg: 0.133228
Epoch [96/117], Total Loss: 2.8839, NLL: 1.8828, Masked: 3.1066, Reg: 0.132384
Epoch [97/117], Total Loss: 2.8875, NLL: 1.8859, Masked: 3.1102, Reg: 0.131895
Epoch [98/117], Total Loss: 2.8885, NLL: 1.8857, Masked: 3.1148, Reg: 0.131819
Epoch [99/117], Total Loss: 2.8864, NLL: 1.8882, Masked: 3.0991, Reg: 0.131589
Epoch [100/117], Total Loss: 2.8872, NLL: 1.8840, Masked: 3.1128, Reg: 0.132681
Epoch [101/117], Total Loss: 2.8846, NLL: 1.8840, Masked: 3.1049, Reg: 0.132361
Epoch [102/117], Total Loss: 2.8864, NLL: 1.8848, Masked: 3.1043, Reg: 0.133486
Epoch [103/117], Total Loss: 2.8863, NLL: 1.8832, Masked: 3.1086, Reg: 0.133706
Epoch [104/117], Total Loss: 2.8858, NLL: 1.8845, Masked: 3.1059, Reg: 0.132714
Epoch [105/117], Total Loss: 2.8864, NLL: 1.8832, Masked: 3.1014, Reg: 0.135953
Epoch [106/117], Total Loss: 2.8904, NLL: 1.8854, Masked: 3.1096, Reg: 0.135390
Epoch [107/117], Total Loss: 2.8883, NLL: 1.8855, Masked: 3.1068, Reg: 0.133976
Epoch [108/117], Total Loss: 2.8845, NLL: 1.8838, Masked: 3.1005, Reg: 0.133641
Epoch [109/117], Total Loss: 2.8847, NLL: 1.8847, Masked: 3.1048, Reg: 0.131763
Epoch [110/117], Total Loss: 2.8848, NLL: 1.8833, Masked: 3.1061, Reg: 0.132845
Epoch [111/117], Total Loss: 2.8830, NLL: 1.8822, Masked: 3.0988, Reg: 0.134199
Epoch [112/117], Total Loss: 2.8880, NLL: 1.8856, Masked: 3.1055, Reg: 0.133996
Epoch [113/117], Total Loss: 2.8865, NLL: 1.8843, Masked: 3.1090, Reg: 0.132744
Epoch [114/117], Total Loss: 2.8827, NLL: 1.8817, Masked: 3.1051, Reg: 0.132727
Epoch [115/117], Total Loss: 2.8834, NLL: 1.8822, Masked: 3.1052, Reg: 0.132803
Epoch [116/117], Total Loss: 2.8876, NLL: 1.8852, Masked: 3.1081, Reg: 0.133140
Epoch [117/117], Total Loss: 2.8852, NLL: 1.8831, Masked: 3.1082, Reg: 0.132930

==================================================
EVALUATING ON TRAINING DATA
==================================================

==================================================
TEST RESULTS
==================================================
Total Loss: 2.851086
  - ZINB NLL: 1.875605
Total number of masked values: 594563
  - Number of values with pi >= 0.30031150633640574: 0
  - Number of values with pi < 0.30031150633640574: 594563
  - Masked Reconstruction: 3.011501
  - Regularization: 0.133320
Mean Absolute Error (MAE): 2.477246
R² Score: 0.060406
==================================================


==================================================
EVALUATING ON VALIDATION DATA
Dataset size: 1544
==================================================


==================================================
TEST RESULTS
==================================================
Total Loss: 2.857058
  - ZINB NLL: 1.899737
Total number of masked values: 299244
  - Number of values with pi >= 0.30031150633640574: 0
  - Number of values with pi < 0.30031150633640574: 299244
  - Masked Reconstruction: 2.946558
  - Regularization: 0.133320
Mean Absolute Error (MAE): 2.532430
R² Score: 0.049645
==================================================

Using combined metric: zinb_nll (1.899737) + masked_loss (2.946558) = 4.846295

>>> Optimizing combined on VALIDATION set: 4.846295
>>> Full validation metrics: {'total_loss': 2.8570575232332853, 'zinb_nll': 1.8997371277043238, 'mae': 2.5324296951293945, 'r2': 0.0496448278427124, 'masked_loss': 2.946557780003918, 'reg_loss': 0.13331967165947106}

Iteration No: 1 ended. Evaluation done at random point.
Time taken: 83.2314
Function value obtained: 4.8463
Current minimum: 4.8463
Iteration No: 2 started. Evaluating function at random point.

================================================================================
Trial with parameters:
  features: Centr
  step_size: 0.5498957287864417
  bin_size: 2
  sample_fraction: 0.9803166391310946
  moving_average: False
  first_layer_size_factor: 13
  num_layers: 3
  use_conv: True
  conv_channel: 126
  pool_size: 5
  kernel_size: 9
  epochs: 112
  batch_size: 64
  pi_threshold: 0.3053059844639466
  learning_rate: 0.006708188643346291
  dropout_rate: 0.2816441089227697
  masked_recon_weight: 0.034806953267852735
  regularizer: l1
  regularization_weight: 0.0004132917911457906
================================================================================

len(layers): 3
Creating datasets with:
  features: ['Centr']
  bin_size: 2
  moving_average: False
  data_point_length: 2000 (from 2000)
  step_size: 1099 (from fraction 0.5498957287864417)
  layers: [np.int64(208), np.int64(104), np.int64(52)] (first=208, num=3)
  stride: 1 (fixed), padding: same (fixed)
  Using pre-determined chromosome split


Clipping outliers using 95th percentile * 1.5...
strain_yTW001: Clipping values above 134.25 (P95=89.50). Clipped 27529/1193409 values (2.31%)
strain_FD: Clipping values above 71.92 (P95=47.94). Clipped 95791/4127807 values (2.32%)
strain_dnrp: Clipping values above 243.00 (P95=162.00). Clipped 25649/1119454 values (2.29%)
strain_yEK19: Clipping values above 77.10 (P95=51.40). Clipped 83713/3893623 values (2.15%)
strain_yEK23: Clipping values above 72.00 (P95=48.00). Clipped 86381/3558407 values (2.43%)
strain_yWT03a: Clipping values above 15.00 (P95=10.00). Clipped 10602/347679 values (3.05%)
strain_yWT04a: Clipping values above 58.50 (P95=39.00). Clipped 21095/725406 values (2.91%)
strain_ylic137: Clipping values above 142.50 (P95=95.00). Clipped 28746/1112684 values (2.58%)

Splitting data using pre-determined chromosomes...
Standardizing features: ['Centr']
Column order in final array (Dataset/Chrom split): ['Value', 'Centromere_Distance', 'Value_Raw', 'Size_Factor']
Removing 0 empty data points out of 25224
Column order in final array (Dataset/Chrom split): ['Value', 'Centromere_Distance', 'Value_Raw', 'Size_Factor']
Removing 0 empty data points out of 8872
Column order in final array (Dataset/Chrom split): ['Value', 'Centromere_Distance', 'Value_Raw', 'Size_Factor']
Removing 0 empty data points out of 9808
Datasets created with shapes:
  Train: (25224, 2000, 4)
  Val: (8872, 2000, 4)
  Test: (9808, 2000, 4)
Datasets created:
  Train: (25224, 2000, 4), Val: (8872, 2000, 4), Test: (9808, 2000, 4)

Randomly sampled 24727/25224 samples (98.0%)
Applied denoising with 15.0% masking
Applied denoising with 15.0% masking
Number of encoder layers: 3
Number of decoder layers (excluding heads): 3
Total number of layers including latent layer: 7
Epoch [1/112], Total Loss: 7.6865, NLL: 1.7863, Masked: 14.3222, Reg: 5.401741
Epoch [2/112], Total Loss: 6.1610, NLL: 1.6190, Masked: 8.3282, Reg: 4.252098
Epoch [3/112], Total Loss: 6.1510, NLL: 1.6217, Masked: 8.3295, Reg: 4.239357
Epoch [4/112], Total Loss: 6.1440, NLL: 1.6238, Masked: 8.3346, Reg: 4.230133
Epoch [5/112], Total Loss: 6.1438, NLL: 1.6252, Masked: 8.3374, Reg: 4.228407
Epoch [6/112], Total Loss: 6.1334, NLL: 1.6261, Masked: 8.3292, Reg: 4.217316
Epoch [7/112], Total Loss: 6.1308, NLL: 1.6269, Masked: 8.3310, Reg: 4.213990
Epoch [8/112], Total Loss: 6.1269, NLL: 1.6277, Masked: 8.3283, Reg: 4.209361
Epoch [9/112], Total Loss: 6.1255, NLL: 1.6285, Masked: 8.3304, Reg: 4.207010
Epoch [10/112], Total Loss: 6.1247, NLL: 1.6291, Masked: 8.3316, Reg: 4.205515
Epoch [11/112], Total Loss: 6.1266, NLL: 1.6294, Masked: 8.3353, Reg: 4.207115
Epoch [12/112], Total Loss: 6.1266, NLL: 1.6294, Masked: 8.3306, Reg: 4.207286
Epoch [13/112], Total Loss: 6.1247, NLL: 1.6294, Masked: 8.3314, Reg: 4.205356
Epoch [14/112], Total Loss: 6.1229, NLL: 1.6294, Masked: 8.3303, Reg: 4.203556
Epoch [15/112], Total Loss: 6.1269, NLL: 1.6294, Masked: 8.3265, Reg: 4.207707
Epoch [16/112], Total Loss: 6.1269, NLL: 1.6294, Masked: 8.3244, Reg: 4.207733
Epoch [17/112], Total Loss: 6.1267, NLL: 1.6294, Masked: 8.3307, Reg: 4.207386
Epoch [18/112], Total Loss: 6.1246, NLL: 1.6294, Masked: 8.3256, Reg: 4.205438
Epoch [19/112], Total Loss: 6.1314, NLL: 1.6294, Masked: 8.3280, Reg: 4.212145
Epoch [20/112], Total Loss: 6.1332, NLL: 1.6294, Masked: 8.3286, Reg: 4.213961
Epoch [21/112], Total Loss: 6.1377, NLL: 1.6294, Masked: 8.3310, Reg: 4.218392
Epoch [22/112], Total Loss: 6.1320, NLL: 1.6294, Masked: 8.3269, Reg: 4.212777
Epoch [23/112], Total Loss: 6.1330, NLL: 1.6294, Masked: 8.3325, Reg: 4.213638
Epoch [24/112], Total Loss: 6.1339, NLL: 1.6294, Masked: 8.3298, Reg: 4.214549
Epoch [25/112], Total Loss: 6.1370, NLL: 1.6294, Masked: 8.3314, Reg: 4.217618
Epoch [26/112], Total Loss: 6.1373, NLL: 1.6294, Masked: 8.3267, Reg: 4.218111
Epoch [27/112], Total Loss: 6.1364, NLL: 1.6294, Masked: 8.3302, Reg: 4.217116
Epoch [28/112], Total Loss: 6.1350, NLL: 1.6294, Masked: 8.3309, Reg: 4.215619
Epoch [29/112], Total Loss: 6.1350, NLL: 1.6294, Masked: 8.3339, Reg: 4.215496
Epoch [30/112], Total Loss: 6.1314, NLL: 1.6294, Masked: 8.3242, Reg: 4.212247
Epoch [31/112], Total Loss: 6.1364, NLL: 1.6294, Masked: 8.3335, Reg: 4.216978
Epoch [32/112], Total Loss: 6.1357, NLL: 1.6294, Masked: 8.3305, Reg: 4.216383
Epoch [33/112], Total Loss: 6.1377, NLL: 1.6294, Masked: 8.3293, Reg: 4.218373
Epoch [34/112], Total Loss: 6.1378, NLL: 1.6294, Masked: 8.3393, Reg: 4.218153
Epoch [35/112], Total Loss: 6.1391, NLL: 1.6294, Masked: 8.3264, Reg: 4.219951
Epoch [36/112], Total Loss: 6.1410, NLL: 1.6294, Masked: 8.3289, Reg: 4.221680
Epoch [37/112], Total Loss: 6.1404, NLL: 1.6294, Masked: 8.3302, Reg: 4.221083
Epoch [38/112], Total Loss: 6.1398, NLL: 1.6294, Masked: 8.3361, Reg: 4.220225
Epoch [39/112], Total Loss: 6.1457, NLL: 1.6294, Masked: 8.3279, Reg: 4.226455
Epoch [40/112], Total Loss: 6.1439, NLL: 1.6294, Masked: 8.3284, Reg: 4.224665
Epoch [41/112], Total Loss: 6.1485, NLL: 1.6294, Masked: 8.3274, Reg: 4.229222
Epoch [42/112], Total Loss: 6.1469, NLL: 1.6294, Masked: 8.3297, Reg: 4.227564
Epoch [43/112], Total Loss: 6.1467, NLL: 1.6294, Masked: 8.3294, Reg: 4.227416
Epoch [44/112], Total Loss: 6.1488, NLL: 1.6294, Masked: 8.3274, Reg: 4.229574
Epoch [45/112], Total Loss: 6.1457, NLL: 1.6294, Masked: 8.3313, Reg: 4.226357
Epoch [46/112], Total Loss: 6.1414, NLL: 1.6294, Masked: 8.3320, Reg: 4.222033
Epoch [47/112], Total Loss: 6.1415, NLL: 1.6294, Masked: 8.3330, Reg: 4.222059
Epoch [48/112], Total Loss: 6.1403, NLL: 1.6294, Masked: 8.3319, Reg: 4.220954
Epoch [49/112], Total Loss: 6.1431, NLL: 1.6294, Masked: 8.3351, Reg: 4.223587
Epoch [50/112], Total Loss: 6.1394, NLL: 1.6294, Masked: 8.3270, Reg: 4.220214
Epoch [51/112], Total Loss: 6.1392, NLL: 1.6294, Masked: 8.3313, Reg: 4.219875
Epoch [52/112], Total Loss: 6.1400, NLL: 1.6294, Masked: 8.3294, Reg: 4.220689
Epoch [53/112], Total Loss: 6.1411, NLL: 1.6294, Masked: 8.3295, Reg: 4.221767
Epoch [54/112], Total Loss: 6.1376, NLL: 1.6294, Masked: 8.3262, Reg: 4.218380
Epoch [55/112], Total Loss: 6.1398, NLL: 1.6294, Masked: 8.3258, Reg: 4.220603
Epoch [56/112], Total Loss: 6.1355, NLL: 1.6294, Masked: 8.3340, Reg: 4.216061
Epoch [57/112], Total Loss: 6.1364, NLL: 1.6294, Masked: 8.3330, Reg: 4.217006
Epoch [58/112], Total Loss: 6.1335, NLL: 1.6294, Masked: 8.3309, Reg: 4.214099
Epoch [59/112], Total Loss: 6.1323, NLL: 1.6294, Masked: 8.3269, Reg: 4.213063
Epoch [60/112], Total Loss: 6.1329, NLL: 1.6294, Masked: 8.3288, Reg: 4.213640
Epoch [61/112], Total Loss: 6.1330, NLL: 1.6294, Masked: 8.3341, Reg: 4.213494
Epoch [62/112], Total Loss: 6.1303, NLL: 1.6294, Masked: 8.3274, Reg: 4.211025
Epoch [63/112], Total Loss: 6.1325, NLL: 1.6294, Masked: 8.3333, Reg: 4.213110
Epoch [64/112], Total Loss: 6.1303, NLL: 1.6294, Masked: 8.3379, Reg: 4.210713
Epoch [65/112], Total Loss: 6.1311, NLL: 1.6294, Masked: 8.3262, Reg: 4.211887
Epoch [66/112], Total Loss: 6.1271, NLL: 1.6294, Masked: 8.3344, Reg: 4.207639
Epoch [67/112], Total Loss: 6.1247, NLL: 1.6294, Masked: 8.3334, Reg: 4.205237
Epoch [68/112], Total Loss: 6.1245, NLL: 1.6294, Masked: 8.3273, Reg: 4.205244
Epoch [69/112], Total Loss: 6.1231, NLL: 1.6294, Masked: 8.3293, Reg: 4.203772
Epoch [70/112], Total Loss: 6.1227, NLL: 1.6294, Masked: 8.3312, Reg: 4.203313
Epoch [71/112], Total Loss: 6.1255, NLL: 1.6294, Masked: 8.3326, Reg: 4.206074
Epoch [72/112], Total Loss: 6.1242, NLL: 1.6294, Masked: 8.3300, Reg: 4.204871
Epoch [73/112], Total Loss: 6.1290, NLL: 1.6294, Masked: 8.3280, Reg: 4.209784
Epoch [74/112], Total Loss: 6.1235, NLL: 1.6294, Masked: 8.3255, Reg: 4.204387
Epoch [75/112], Total Loss: 6.1312, NLL: 1.6294, Masked: 8.3273, Reg: 4.212006
Epoch [76/112], Total Loss: 6.1326, NLL: 1.6294, Masked: 8.3269, Reg: 4.213393
Epoch [77/112], Total Loss: 6.1342, NLL: 1.6294, Masked: 8.3300, Reg: 4.214891
Epoch [78/112], Total Loss: 6.1376, NLL: 1.6294, Masked: 8.3278, Reg: 4.218354
Epoch [79/112], Total Loss: 6.1409, NLL: 1.6294, Masked: 8.3340, Reg: 4.221466
Epoch [80/112], Total Loss: 6.1467, NLL: 1.6294, Masked: 8.3323, Reg: 4.227328
Epoch [81/112], Total Loss: 6.1526, NLL: 1.6294, Masked: 8.3308, Reg: 4.233290
Epoch [82/112], Total Loss: 6.1548, NLL: 1.6294, Masked: 8.3328, Reg: 4.235359
Epoch [83/112], Total Loss: 6.1600, NLL: 1.6294, Masked: 8.3301, Reg: 4.240696
Epoch [84/112], Total Loss: 6.1615, NLL: 1.6294, Masked: 8.3304, Reg: 4.242136
Epoch [85/112], Total Loss: 6.1650, NLL: 1.6294, Masked: 8.3320, Reg: 4.245620
Epoch [86/112], Total Loss: 6.1636, NLL: 1.6294, Masked: 8.3364, Reg: 4.244063
Epoch [87/112], Total Loss: 6.1627, NLL: 1.6294, Masked: 8.3341, Reg: 4.243264
Epoch [88/112], Total Loss: 6.1595, NLL: 1.6294, Masked: 8.3244, Reg: 4.240351
Epoch [89/112], Total Loss: 6.1592, NLL: 1.6294, Masked: 8.3366, Reg: 4.239678
Epoch [90/112], Total Loss: 6.1523, NLL: 1.6294, Masked: 8.3333, Reg: 4.232908
Epoch [91/112], Total Loss: 6.1506, NLL: 1.6294, Masked: 8.3294, Reg: 4.231283
Epoch [92/112], Total Loss: 6.1472, NLL: 1.6294, Masked: 8.3394, Reg: 4.227553
Epoch [93/112], Total Loss: 6.1433, NLL: 1.6294, Masked: 8.3286, Reg: 4.223980
Epoch [94/112], Total Loss: 6.1364, NLL: 1.6294, Masked: 8.3232, Reg: 4.217321
Epoch [95/112], Total Loss: 6.1322, NLL: 1.6294, Masked: 8.3259, Reg: 4.213007
Epoch [96/112], Total Loss: 6.1247, NLL: 1.6294, Masked: 8.3314, Reg: 4.205354
Epoch [97/112], Total Loss: 6.1210, NLL: 1.6294, Masked: 8.3292, Reg: 4.201753
Epoch [98/112], Total Loss: 6.1148, NLL: 1.6294, Masked: 8.3340, Reg: 4.195349
Epoch [99/112], Total Loss: 6.1128, NLL: 1.6294, Masked: 8.3311, Reg: 4.193443
Epoch [100/112], Total Loss: 6.1115, NLL: 1.6294, Masked: 8.3342, Reg: 4.192047
Epoch [101/112], Total Loss: 6.1079, NLL: 1.6294, Masked: 8.3341, Reg: 4.188413
Epoch [102/112], Total Loss: 6.1065, NLL: 1.6294, Masked: 8.3318, Reg: 4.187143
Epoch [103/112], Total Loss: 6.1090, NLL: 1.6294, Masked: 8.3297, Reg: 4.189681
Epoch [104/112], Total Loss: 6.1114, NLL: 1.6294, Masked: 8.3293, Reg: 4.192063
Epoch [105/112], Total Loss: 6.1180, NLL: 1.6294, Masked: 8.3317, Reg: 4.198663
Epoch [106/112], Total Loss: 6.1158, NLL: 1.6294, Masked: 8.3324, Reg: 4.196371
Epoch [107/112], Total Loss: 6.1225, NLL: 1.6294, Masked: 8.3293, Reg: 4.203225
Epoch [108/112], Total Loss: 6.1282, NLL: 1.6294, Masked: 8.3312, Reg: 4.208873
Epoch [109/112], Total Loss: 6.1369, NLL: 1.6294, Masked: 8.3288, Reg: 4.217649
Epoch [110/112], Total Loss: 6.1407, NLL: 1.6294, Masked: 8.3323, Reg: 4.221313
Epoch [111/112], Total Loss: 6.1453, NLL: 1.6294, Masked: 8.3344, Reg: 4.225866
Epoch [112/112], Total Loss: 6.1510, NLL: 1.6294, Masked: 8.3327, Reg: 4.231631

==================================================
EVALUATING ON TRAINING DATA
==================================================

==================================================
TEST RESULTS
==================================================
Total Loss: 6.408356
  - ZINB NLL: 1.629389
Total number of masked values: 1945133
  - Number of values with pi >= 0.3053059844639466: 1945133
  - Number of values with pi < 0.3053059844639466: 0
  - Masked Reconstruction: 8.327777
  - Regularization: 4.489102
Mean Absolute Error (MAE): 2.198158
R² Score: -0.069928
==================================================


==================================================
EVALUATING ON VALIDATION DATA
Dataset size: 8872
==================================================


==================================================
TEST RESULTS
==================================================
Total Loss: 6.432764
  - ZINB NLL: 1.639501
Total number of masked values: 702804
  - Number of values with pi >= 0.3053059844639466: 702804
  - Number of values with pi < 0.3053059844639466: 0
  - Masked Reconstruction: 8.738504
  - Regularization: 4.489102
Mean Absolute Error (MAE): 2.289627
R² Score: -0.068166
==================================================

Using combined metric: zinb_nll (1.639501) + masked_loss (8.738504) = 10.378005

>>> Optimizing combined on VALIDATION set: 10.378005
>>> Full validation metrics: {'total_loss': 6.432764272199653, 'zinb_nll': 1.6395012241317088, 'mae': 2.2896270751953125, 'r2': -0.06816577911376953, 'masked_loss': 8.738504262740166, 'reg_loss': 4.489102382872646}

Iteration No: 2 ended. Evaluation done at random point.
Time taken: 613.5083
Function value obtained: 10.3780
Current minimum: 4.8463
Iteration No: 3 started. Evaluating function at random point.

================================================================================
Trial with parameters:
  features: Centr_Nucl
  step_size: 0.7624476391190937
  bin_size: 13
  sample_fraction: 0.8748961838021234
  moving_average: False
  first_layer_size_factor: 42
  num_layers: 2
  use_conv: False
  conv_channel: 64
  pool_size: 3
  kernel_size: 7
  epochs: 34
  batch_size: 128
  pi_threshold: 0.47990165334790624
  learning_rate: 0.0001532677239138411
  dropout_rate: 0.4633294328968972
  masked_recon_weight: 0.8111253665497065
  regularizer: l1
  regularization_weight: 0.09842554332336143
================================================================================

len(layers): 2
Creating datasets with:
  features: ['Centr', 'Nucl']
  bin_size: 13
  moving_average: False
  data_point_length: 2000 (from 2000)
  step_size: 1524 (from fraction 0.7624476391190937)
  layers: [np.int64(672), np.int64(336)] (first=672, num=2)
  stride: 1 (fixed), padding: same (fixed)
  Using pre-determined chromosome split


Clipping outliers using 95th percentile * 1.5...
strain_yTW001: Clipping values above 134.25 (P95=89.50). Clipped 27529/1193409 values (2.31%)
strain_FD: Clipping values above 71.92 (P95=47.94). Clipped 95791/4127807 values (2.32%)
strain_dnrp: Clipping values above 243.00 (P95=162.00). Clipped 25649/1119454 values (2.29%)
strain_yEK19: Clipping values above 77.10 (P95=51.40). Clipped 83713/3893623 values (2.15%)
strain_yEK23: Clipping values above 72.00 (P95=48.00). Clipped 86381/3558407 values (2.43%)
strain_yWT03a: Clipping values above 15.00 (P95=10.00). Clipped 10602/347679 values (3.05%)
strain_yWT04a: Clipping values above 58.50 (P95=39.00). Clipped 21095/725406 values (2.91%)
strain_ylic137: Clipping values above 142.50 (P95=95.00). Clipped 28746/1112684 values (2.58%)

Splitting data using pre-determined chromosomes...
Standardizing features: ['Centr', 'Nucl']
Column order in final array (Dataset/Chrom split): ['Value', 'Nucleosome_Distance', 'Centromere_Distance', 'Value_Raw', 'Size_Factor']
Removing 0 empty data points out of 2816
Column order in final array (Dataset/Chrom split): ['Value', 'Nucleosome_Distance', 'Centromere_Distance', 'Value_Raw', 'Size_Factor']
Removing 0 empty data points out of 992
Column order in final array (Dataset/Chrom split): ['Value', 'Nucleosome_Distance', 'Centromere_Distance', 'Value_Raw', 'Size_Factor']
Removing 0 empty data points out of 1096
Datasets created with shapes:
  Train: (2816, 2000, 5)
  Val: (992, 2000, 5)
  Test: (1096, 2000, 5)
Datasets created:
  Train: (2816, 2000, 5), Val: (992, 2000, 5), Test: (1096, 2000, 5)

Randomly sampled 2463/2816 samples (87.5%)
Applied denoising with 15.0% masking
Applied denoising with 15.0% masking
Number of encoder layers: 2
Number of decoder layers (excluding heads): 2
Total number of layers including latent layer: 5
Epoch [1/34], Total Loss: 4317.3719, NLL: 2.7982, Masked: 29.9307, Reg: 4290.296076
Epoch [2/34], Total Loss: 2799.8618, NLL: 2.7972, Masked: 29.9444, Reg: 2772.775817
Epoch [3/34], Total Loss: 1949.3423, NLL: 2.7968, Masked: 29.9408, Reg: 1922.259750
Epoch [4/34], Total Loss: 1438.8211, NLL: 2.7964, Masked: 29.9403, Reg: 1411.739335
Epoch [5/34], Total Loss: 1210.0352, NLL: 2.7960, Masked: 29.9499, Reg: 1182.946044
Epoch [6/34], Total Loss: 1075.2317, NLL: 2.7957, Masked: 29.9353, Reg: 1048.154682
Epoch [7/34], Total Loss: 965.0432, NLL: 2.7953, Masked: 29.9126, Reg: 937.985068
Epoch [8/34], Total Loss: 868.7606, NLL: 2.7949, Masked: 29.9352, Reg: 841.684411
Epoch [9/34], Total Loss: 784.0538, NLL: 2.7945, Masked: 29.9562, Reg: 756.961038
Epoch [10/34], Total Loss: 710.3090, NLL: 2.7941, Masked: 29.9192, Reg: 683.246633
Epoch [11/34], Total Loss: 647.5584, NLL: 2.7938, Masked: 29.9516, Reg: 620.470198
Epoch [12/34], Total Loss: 595.5725, NLL: 2.7934, Masked: 29.9363, Reg: 568.497030
Epoch [13/34], Total Loss: 554.4913, NLL: 2.7930, Masked: 29.9377, Reg: 527.415083
Epoch [14/34], Total Loss: 521.7043, NLL: 2.7926, Masked: 29.9461, Reg: 494.621654
Epoch [15/34], Total Loss: 494.8925, NLL: 2.7923, Masked: 29.9572, Reg: 467.801152
Epoch [16/34], Total Loss: 473.5972, NLL: 2.7919, Masked: 29.9292, Reg: 446.528980
Epoch [17/34], Total Loss: 457.8407, NLL: 2.7915, Masked: 29.9219, Reg: 430.778807
Epoch [18/34], Total Loss: 447.6469, NLL: 2.7911, Masked: 29.9324, Reg: 420.576803
Epoch [19/34], Total Loss: 441.4202, NLL: 2.7908, Masked: 29.9343, Reg: 414.349004
Epoch [20/34], Total Loss: 436.4447, NLL: 2.7904, Masked: 29.9445, Reg: 409.365549
Epoch [21/34], Total Loss: 432.2320, NLL: 2.7900, Masked: 29.9535, Reg: 405.145902
Epoch [22/34], Total Loss: 428.8066, NLL: 2.7896, Masked: 29.9054, Reg: 401.759965
Epoch [23/34], Total Loss: 425.9421, NLL: 2.7893, Masked: 29.9410, Reg: 398.866992
Epoch [24/34], Total Loss: 423.8459, NLL: 2.7889, Masked: 29.9493, Reg: 396.764340
Epoch [25/34], Total Loss: 422.4044, NLL: 2.7885, Masked: 29.9208, Reg: 395.346317
Epoch [26/34], Total Loss: 421.5877, NLL: 2.7881, Masked: 29.9353, Reg: 394.518327
Epoch [27/34], Total Loss: 420.9225, NLL: 2.7878, Masked: 29.9509, Reg: 393.840802
Epoch [28/34], Total Loss: 420.3695, NLL: 2.7874, Masked: 29.9413, Reg: 393.295896
Epoch [29/34], Total Loss: 419.7408, NLL: 2.7870, Masked: 29.9487, Reg: 392.661568
Epoch [30/34], Total Loss: 419.1182, NLL: 2.7867, Masked: 29.9357, Reg: 392.049877
Epoch [31/34], Total Loss: 418.5261, NLL: 2.7863, Masked: 29.9397, Reg: 391.454880
Epoch [32/34], Total Loss: 417.9310, NLL: 2.7859, Masked: 29.9500, Reg: 390.851931
Epoch [33/34], Total Loss: 417.2924, NLL: 2.7856, Masked: 29.9425, Reg: 390.219794
Epoch [34/34], Total Loss: 416.7287, NLL: 2.7852, Masked: 29.9407, Reg: 389.657875

==================================================
EVALUATING ON TRAINING DATA
==================================================

==================================================
TEST RESULTS
==================================================
Total Loss: 416.333896
  - ZINB NLL: 2.784984
Total number of masked values: 448850
  - Number of values with pi >= 0.47990165334790624: 0
  - Number of values with pi < 0.47990165334790624: 448850
  - Masked Reconstruction: 29.921368
  - Regularization: 389.278911
Mean Absolute Error (MAE): 26.188126
R² Score: -34.186131
==================================================


==================================================
EVALUATING ON VALIDATION DATA
Dataset size: 992
==================================================


==================================================
TEST RESULTS
==================================================
Total Loss: 413.218520
  - ZINB NLL: 2.790363
Total number of masked values: 180610
  - Number of values with pi >= 0.47990165334790624: 0
  - Number of values with pi < 0.47990165334790624: 180610
  - Masked Reconstruction: 26.073932
  - Regularization: 389.278911
Mean Absolute Error (MAE): 26.346733
R² Score: -29.476984
==================================================

Using combined metric: zinb_nll (2.790363) + masked_loss (26.073932) = 28.864294

>>> Optimizing combined on VALIDATION set: 28.864294
>>> Full validation metrics: {'total_loss': 413.21851964150704, 'zinb_nll': 2.7903628656941075, 'mae': 26.34673309326172, 'r2': -29.47698402404785, 'masked_loss': 26.073931632503385, 'reg_loss': 389.2789111139418}

Iteration No: 3 ended. Evaluation done at random point.
Time taken: 85.7220
Function value obtained: 28.8643
Current minimum: 4.8463
Iteration No: 4 started. Evaluating function at random point.

================================================================================
Trial with parameters:
  features: Centr
  step_size: 0.970879018262012
  bin_size: 17
  sample_fraction: 0.8104900826030357
  moving_average: False
  first_layer_size_factor: 60
  num_layers: 4
  use_conv: False
  conv_channel: 47
  pool_size: 4
  kernel_size: 3
  epochs: 32
  batch_size: 64
  pi_threshold: 0.4579526072702279
  learning_rate: 7.593893885357795e-05
  dropout_rate: 0.00703991135754223
  masked_recon_weight: 0.006242659053860573
  regularizer: none
  regularization_weight: 3.398042322726326
================================================================================

len(layers): 4
Creating datasets with:
  features: ['Centr']
  bin_size: 17
  moving_average: False
  data_point_length: 2000 (from 2000)
  step_size: 1941 (from fraction 0.970879018262012)
  layers: [np.int64(960), np.int64(480), np.int64(240), np.int64(120)] (first=960, num=4)
  stride: 1 (fixed), padding: same (fixed)
  Using pre-determined chromosome split


Clipping outliers using 95th percentile * 1.5...
strain_yTW001: Clipping values above 134.25 (P95=89.50). Clipped 27529/1193409 values (2.31%)
strain_FD: Clipping values above 71.92 (P95=47.94). Clipped 95791/4127807 values (2.32%)
strain_dnrp: Clipping values above 243.00 (P95=162.00). Clipped 25649/1119454 values (2.29%)
strain_yEK19: Clipping values above 77.10 (P95=51.40). Clipped 83713/3893623 values (2.15%)
strain_yEK23: Clipping values above 72.00 (P95=48.00). Clipped 86381/3558407 values (2.43%)
strain_yWT03a: Clipping values above 15.00 (P95=10.00). Clipped 10602/347679 values (3.05%)
strain_yWT04a: Clipping values above 58.50 (P95=39.00). Clipped 21095/725406 values (2.91%)
strain_ylic137: Clipping values above 142.50 (P95=95.00). Clipped 28746/1112684 values (2.58%)

Splitting data using pre-determined chromosomes...
Standardizing features: ['Centr']
Column order in final array (Dataset/Chrom split): ['Value', 'Centromere_Distance', 'Value_Raw', 'Size_Factor']
Removing 0 empty data points out of 1720
Column order in final array (Dataset/Chrom split): ['Value', 'Centromere_Distance', 'Value_Raw', 'Size_Factor']
Removing 0 empty data points out of 608
Column order in final array (Dataset/Chrom split): ['Value', 'Centromere_Distance', 'Value_Raw', 'Size_Factor']
Removing 0 empty data points out of 664
Datasets created with shapes:
  Train: (1720, 2000, 4)
  Val: (608, 2000, 4)
  Test: (664, 2000, 4)
Datasets created:
  Train: (1720, 2000, 4), Val: (608, 2000, 4), Test: (664, 2000, 4)

Randomly sampled 1394/1720 samples (81.0%)
Applied denoising with 15.0% masking
Applied denoising with 15.0% masking
Number of encoder layers: 4
Number of decoder layers (excluding heads): 4
Total number of layers including latent layer: 9
Epoch [1/32], Total Loss: 3.0220, NLL: 2.8426, Masked: 28.7391
Epoch [2/32], Total Loss: 2.7991, NLL: 2.6611, Masked: 22.1051
Epoch [3/32], Total Loss: 2.1645, NLL: 2.1266, Masked: 6.0668
Epoch [4/32], Total Loss: 1.9866, NLL: 1.9633, Masked: 3.7343
Epoch [5/32], Total Loss: 1.9423, NLL: 1.9216, Masked: 3.3194
Epoch [6/32], Total Loss: 1.9267, NLL: 1.9060, Masked: 3.3161
Epoch [7/32], Total Loss: 1.9165, NLL: 1.8963, Masked: 3.2345
Epoch [8/32], Total Loss: 1.9082, NLL: 1.8881, Masked: 3.2231
Epoch [9/32], Total Loss: 1.9013, NLL: 1.8813, Masked: 3.2076
Epoch [10/32], Total Loss: 1.8924, NLL: 1.8725, Masked: 3.1885
Epoch [11/32], Total Loss: 1.8853, NLL: 1.8656, Masked: 3.1496
Epoch [12/32], Total Loss: 1.8821, NLL: 1.8621, Masked: 3.1902
Epoch [13/32], Total Loss: 1.8703, NLL: 1.8507, Masked: 3.1301
Epoch [14/32], Total Loss: 1.8632, NLL: 1.8438, Masked: 3.1110
Epoch [15/32], Total Loss: 1.8586, NLL: 1.8393, Masked: 3.0959
Epoch [16/32], Total Loss: 1.8546, NLL: 1.8353, Masked: 3.0884
Epoch [17/32], Total Loss: 1.8506, NLL: 1.8313, Masked: 3.0811
Epoch [18/32], Total Loss: 1.8456, NLL: 1.8264, Masked: 3.0833
Epoch [19/32], Total Loss: 1.8417, NLL: 1.8225, Masked: 3.0765
Epoch [20/32], Total Loss: 1.8376, NLL: 1.8184, Masked: 3.0721
Epoch [21/32], Total Loss: 1.8374, NLL: 1.8181, Masked: 3.0857
Epoch [22/32], Total Loss: 1.8330, NLL: 1.8138, Masked: 3.0820
Epoch [23/32], Total Loss: 1.8322, NLL: 1.8130, Masked: 3.0798
Epoch [24/32], Total Loss: 1.8321, NLL: 1.8129, Masked: 3.0807
Epoch [25/32], Total Loss: 1.8301, NLL: 1.8109, Masked: 3.0789
Epoch [26/32], Total Loss: 1.8289, NLL: 1.8096, Masked: 3.0772
Epoch [27/32], Total Loss: 1.8282, NLL: 1.8090, Masked: 3.0777
Epoch [28/32], Total Loss: 1.8282, NLL: 1.8089, Masked: 3.0844
Epoch [29/32], Total Loss: 1.8270, NLL: 1.8078, Masked: 3.0777
Epoch [30/32], Total Loss: 1.8269, NLL: 1.8077, Masked: 3.0818
Epoch [31/32], Total Loss: 1.8269, NLL: 1.8077, Masked: 3.0836
Epoch [32/32], Total Loss: 1.8269, NLL: 1.8077, Masked: 3.0752

==================================================
EVALUATING ON TRAINING DATA
==================================================

==================================================
TEST RESULTS
==================================================
Total Loss: 1.825650
  - ZINB NLL: 1.806209
Total number of masked values: 275141
  - Number of values with pi >= 0.4579526072702279: 0
  - Number of values with pi < 0.4579526072702279: 275141
  - Masked Reconstruction: 3.114224
Mean Absolute Error (MAE): 2.653872
R² Score: 0.097650
==================================================


==================================================
EVALUATING ON VALIDATION DATA
Dataset size: 608
==================================================


==================================================
TEST RESULTS
==================================================
Total Loss: 1.871902
  - ZINB NLL: 1.853037
Total number of masked values: 120903
  - Number of values with pi >= 0.4579526072702279: 0
  - Number of values with pi < 0.4579526072702279: 120903
  - Masked Reconstruction: 3.021814
Mean Absolute Error (MAE): 2.768994
R² Score: 0.080905
==================================================

Using combined metric: zinb_nll (1.853037) + masked_loss (3.021814) = 4.874851

>>> Optimizing combined on VALIDATION set: 4.874851
>>> Full validation metrics: {'total_loss': 1.8719016125327663, 'zinb_nll': 1.8530374577170925, 'mae': 2.7689943313598633, 'r2': 0.08090507984161377, 'masked_loss': 3.0218136373319124}

Iteration No: 4 ended. Evaluation done at random point.
Time taken: 66.8605
Function value obtained: 4.8749
Current minimum: 4.8463
Iteration No: 5 started. Evaluating function at random point.

================================================================================
Trial with parameters:
  features: Centr
  step_size: 0.9447256588850119
  bin_size: 13
  sample_fraction: 0.9362197566578357
  moving_average: False
  first_layer_size_factor: 47
  num_layers: 1
  use_conv: True
  conv_channel: 91
  pool_size: 6
  kernel_size: 7
  epochs: 63
  batch_size: 64
  pi_threshold: 0.45317074990151596
  learning_rate: 0.008225007188121396
  dropout_rate: 0.42445691213304204
  masked_recon_weight: 0.7707580772445937
  regularizer: l1
  regularization_weight: 0.0006201235996479077
================================================================================

len(layers): 1
Creating datasets with:
  features: ['Centr']
  bin_size: 13
  moving_average: False
  data_point_length: 2000 (from 2000)
  step_size: 1889 (from fraction 0.9447256588850119)
  layers: [np.int64(752)] (first=752, num=1)
  stride: 1 (fixed), padding: same (fixed)
  Using pre-determined chromosome split


Clipping outliers using 95th percentile * 1.5...
strain_yTW001: Clipping values above 134.25 (P95=89.50). Clipped 27529/1193409 values (2.31%)
strain_FD: Clipping values above 71.92 (P95=47.94). Clipped 95791/4127807 values (2.32%)
strain_dnrp: Clipping values above 243.00 (P95=162.00). Clipped 25649/1119454 values (2.29%)
strain_yEK19: Clipping values above 77.10 (P95=51.40). Clipped 83713/3893623 values (2.15%)
strain_yEK23: Clipping values above 72.00 (P95=48.00). Clipped 86381/3558407 values (2.43%)
strain_yWT03a: Clipping values above 15.00 (P95=10.00). Clipped 10602/347679 values (3.05%)
strain_yWT04a: Clipping values above 58.50 (P95=39.00). Clipped 21095/725406 values (2.91%)
strain_ylic137: Clipping values above 142.50 (P95=95.00). Clipped 28746/1112684 values (2.58%)

Splitting data using pre-determined chromosomes...
Standardizing features: ['Centr']
Column order in final array (Dataset/Chrom split): ['Value', 'Centromere_Distance', 'Value_Raw', 'Size_Factor']
Removing 0 empty data points out of 2288
Column order in final array (Dataset/Chrom split): ['Value', 'Centromere_Distance', 'Value_Raw', 'Size_Factor']
Removing 0 empty data points out of 800
Column order in final array (Dataset/Chrom split): ['Value', 'Centromere_Distance', 'Value_Raw', 'Size_Factor']
Removing 0 empty data points out of 896
Datasets created with shapes:
  Train: (2288, 2000, 4)
  Val: (800, 2000, 4)
  Test: (896, 2000, 4)
Datasets created:
  Train: (2288, 2000, 4), Val: (800, 2000, 4), Test: (896, 2000, 4)

Randomly sampled 2142/2288 samples (93.6%)
Applied denoising with 15.0% masking
Applied denoising with 15.0% masking
Number of encoder layers: 1
Number of decoder layers (excluding heads): 1
Total number of layers including latent layer: 3
Epoch [1/63], Total Loss: 16108.3309, NLL: 2.4402, Masked: 20801.3907, Reg: 73.051253
Epoch [2/63], Total Loss: 87288.1748, NLL: 10.7851, Masked: 113133.6430, Reg: 78.718442
Epoch [3/63], Total Loss: 2656.1731, NLL: 2.4779, Masked: 3332.8565, Reg: 84.869053
Epoch [4/63], Total Loss: 128163.6255, NLL: 20.8989, Masked: 166066.6583, Reg: 145.504724
Epoch [5/63], Total Loss: 1070.3503, NLL: 2.2172, Masked: 1280.8674, Reg: 80.894165
Epoch [6/63], Total Loss: 51.0578, NLL: 2.1948, Masked: 3.3966, Reg: 46.245044
Epoch [7/63], Total Loss: 1989.8562, NLL: 2.2593, Masked: 2514.8865, Reg: 49.227718
Epoch [8/63], Total Loss: 46024.6833, NLL: 4.3339, Masked: 59587.4762, Reg: 92.820075
Epoch [9/63], Total Loss: 2920.9383, NLL: 2.5740, Masked: 3669.1898, Reg: 90.306385
Epoch [10/63], Total Loss: 24327.5569, NLL: 2.4506, Masked: 31414.0424, Reg: 112.478814
Epoch [11/63], Total Loss: 88.3459, NLL: 2.2150, Masked: 43.2178, Reg: 52.820461
Epoch [12/63], Total Loss: 26270.7551, NLL: 2.5122, Masked: 33984.3305, Reg: 74.544632
Epoch [13/63], Total Loss: 15956.1184, NLL: 2.2665, Masked: 20555.6228, Reg: 110.439794
Epoch [14/63], Total Loss: 266946.5952, NLL: 24.5153, Masked: 346145.8607, Reg: 127.357662
Epoch [15/63], Total Loss: 195042.5514, NLL: 9.8328, Masked: 252858.4987, Reg: 139.986282
Epoch [16/63], Total Loss: 1208.1141, NLL: 2.2259, Masked: 1496.3107, Reg: 52.594655
Epoch [17/63], Total Loss: 49.9127, NLL: 2.2381, Masked: 13.2669, Reg: 37.449001
Epoch [18/63], Total Loss: 14587.2285, NLL: 2.3807, Masked: 18831.4743, Reg: 70.336573
Epoch [19/63], Total Loss: 59.4549, NLL: 2.2266, Masked: 3.4599, Reg: 54.561551
Epoch [20/63], Total Loss: 39.3438, NLL: 2.2283, Masked: 3.3515, Reg: 34.532277
Epoch [21/63], Total Loss: 45.5432, NLL: 2.2393, Masked: 3.5276, Reg: 40.584967
Epoch [22/63], Total Loss: 40.3294, NLL: 2.2406, Masked: 3.6510, Reg: 35.274756
Epoch [23/63], Total Loss: 37.3944, NLL: 2.2320, Masked: 4.4377, Reg: 31.742001
Epoch [24/63], Total Loss: 41.5962, NLL: 2.2407, Masked: 10.7392, Reg: 31.078260
Epoch [25/63], Total Loss: 1052.7768, NLL: 2.2597, Masked: 1296.7957, Reg: 51.001370
Epoch [26/63], Total Loss: 1031.3834, NLL: 2.2483, Masked: 1286.3326, Reg: 37.683827
Epoch [27/63], Total Loss: 1042.0284, NLL: 2.2298, Masked: 1278.3391, Reg: 54.508455
Epoch [28/63], Total Loss: 34.7381, NLL: 2.2419, Masked: 3.3615, Reg: 29.905301
Epoch [29/63], Total Loss: 2157.0658, NLL: 2.2548, Masked: 2739.2522, Reg: 43.510184
Epoch [30/63], Total Loss: 35.1407, NLL: 2.2528, Masked: 3.8279, Reg: 29.937518
Epoch [31/63], Total Loss: 39.6936, NLL: 2.2533, Masked: 3.4723, Reg: 34.763985
Epoch [32/63], Total Loss: 2453.0427, NLL: 2.2742, Masked: 3124.7079, Reg: 42.374567
Epoch [33/63], Total Loss: 2052.6955, NLL: 2.2359, Masked: 2582.6634, Reg: 59.851010
Epoch [34/63], Total Loss: 32.5605, NLL: 2.2345, Masked: 3.7558, Reg: 27.431279
Epoch [35/63], Total Loss: 2049.7353, NLL: 2.2576, Masked: 2609.0720, Reg: 36.514415
Epoch [36/63], Total Loss: 43.1858, NLL: 2.2605, Masked: 3.3724, Reg: 38.326080
Epoch [37/63], Total Loss: 77.3710, NLL: 2.2574, Masked: 45.0507, Reg: 40.390349
Epoch [38/63], Total Loss: 41.4763, NLL: 2.2555, Masked: 3.4270, Reg: 36.579418
Epoch [39/63], Total Loss: 42.4858, NLL: 2.2563, Masked: 9.4216, Reg: 32.967670
Epoch [40/63], Total Loss: 32.7456, NLL: 2.2564, Masked: 5.6898, Reg: 26.103807
Epoch [41/63], Total Loss: 4671.2139, NLL: 2.2760, Masked: 6002.1706, Reg: 42.716468
Epoch [42/63], Total Loss: 43.4499, NLL: 2.2628, Masked: 4.0192, Reg: 38.089318
Epoch [43/63], Total Loss: 39.6083, NLL: 2.2586, Masked: 6.0243, Reg: 32.706461
Epoch [44/63], Total Loss: 31.7178, NLL: 2.2617, Masked: 3.3374, Reg: 26.883904
Epoch [45/63], Total Loss: 1279.9358, NLL: 2.2632, Masked: 1605.8956, Reg: 39.915519
Epoch [46/63], Total Loss: 39.7919, NLL: 2.2575, Masked: 3.5396, Reg: 34.806220
Epoch [47/63], Total Loss: 35.5490, NLL: 2.2588, Masked: 3.3496, Reg: 30.708479
Epoch [48/63], Total Loss: 35.2826, NLL: 2.2609, Masked: 3.5363, Reg: 30.296077
Epoch [49/63], Total Loss: 411.2911, NLL: 2.2612, Masked: 491.5352, Reg: 30.175141
Epoch [50/63], Total Loss: 34.1554, NLL: 2.2590, Masked: 3.8819, Reg: 28.904342
Epoch [51/63], Total Loss: 34.2118, NLL: 2.2607, Masked: 3.3742, Reg: 29.350391
Epoch [52/63], Total Loss: 1896.0286, NLL: 2.2780, Masked: 2414.4386, Reg: 32.802453
Epoch [53/63], Total Loss: 1150.2030, NLL: 2.2653, Masked: 1429.8614, Reg: 45.860407
Epoch [54/63], Total Loss: 32.2518, NLL: 2.2525, Masked: 3.3651, Reg: 27.405563
Epoch [55/63], Total Loss: 32.6785, NLL: 2.2602, Masked: 3.6584, Reg: 27.598561
Epoch [56/63], Total Loss: 32.4739, NLL: 2.2596, Masked: 3.3678, Reg: 27.618471
Epoch [57/63], Total Loss: 32.5518, NLL: 2.2571, Masked: 3.4378, Reg: 27.644945
Epoch [58/63], Total Loss: 318.6877, NLL: 2.2606, Masked: 371.9319, Reg: 29.757628
Epoch [59/63], Total Loss: 282.2632, NLL: 2.2589, Masked: 314.8226, Reg: 37.352214
Epoch [60/63], Total Loss: 1039.1530, NLL: 2.2545, Masked: 1301.3199, Reg: 33.895759
Epoch [61/63], Total Loss: 960.3427, NLL: 2.2516, Masked: 1201.8641, Reg: 31.744694
Epoch [62/63], Total Loss: 35.6984, NLL: 2.2588, Masked: 3.5576, Reg: 30.697514
Epoch [63/63], Total Loss: 31.4030, NLL: 2.2603, Masked: 3.3483, Reg: 26.562008

==================================================
EVALUATING ON TRAINING DATA
==================================================

==================================================
TEST RESULTS
==================================================
Total Loss: 27.493130
  - ZINB NLL: 2.256920
Total number of masked values: 393442
  - Number of values with pi >= 0.45317074990151596: 0
  - Number of values with pi < 0.45317074990151596: 393442
  - Masked Reconstruction: 3.252341
  - Regularization: 22.729444
Mean Absolute Error (MAE): 2.386660
R² Score: -0.053904
==================================================


==================================================
EVALUATING ON VALIDATION DATA
Dataset size: 800
==================================================


==================================================
TEST RESULTS
==================================================
Total Loss: 27.511379
  - ZINB NLL: 2.319875
Total number of masked values: 146424
  - Number of values with pi >= 0.45317074990151596: 0
  - Number of values with pi < 0.45317074990151596: 146424
  - Masked Reconstruction: 3.194337
  - Regularization: 22.729444
Mean Absolute Error (MAE): 2.482004
R² Score: -0.046164
==================================================

Using combined metric: zinb_nll (2.319875) + masked_loss (3.194337) = 5.514212

>>> Optimizing combined on VALIDATION set: 5.514212
>>> Full validation metrics: {'total_loss': 27.511378631591796, 'zinb_nll': 2.319874939918518, 'mae': 2.482003927230835, 'r2': -0.04616403579711914, 'masked_loss': 3.1943370580673216, 'reg_loss': 22.72944358976661}

Iteration No: 5 ended. Evaluation done at random point.
Time taken: 94.7236
Function value obtained: 5.5142
Current minimum: 4.8463
Iteration No: 6 started. Evaluating function at random point.

================================================================================
Trial with parameters:
  features: Centr_Nucl
  step_size: 0.7829971672643407
  bin_size: 3
  sample_fraction: 0.5795023763993277
  moving_average: False
  first_layer_size_factor: 90
  num_layers: 2
  use_conv: False
  conv_channel: 94
  pool_size: 3
  kernel_size: 7
  epochs: 95
  batch_size: 32
  pi_threshold: 0.6771414282231925
  learning_rate: 0.0006260318075113794
  dropout_rate: 0.34739246651985234
  masked_recon_weight: 3.325610295975196
  regularizer: l2
  regularization_weight: 0.0011733722171268575
================================================================================

len(layers): 2
Creating datasets with:
  features: ['Centr', 'Nucl']
  bin_size: 3
  moving_average: False
  data_point_length: 2000 (from 2000)
  step_size: 1565 (from fraction 0.7829971672643407)
  layers: [np.int64(1440), np.int64(720)] (first=1440, num=2)
  stride: 1 (fixed), padding: same (fixed)
  Using pre-determined chromosome split


Clipping outliers using 95th percentile * 1.5...
strain_yTW001: Clipping values above 134.25 (P95=89.50). Clipped 27529/1193409 values (2.31%)
strain_FD: Clipping values above 71.92 (P95=47.94). Clipped 95791/4127807 values (2.32%)
strain_dnrp: Clipping values above 243.00 (P95=162.00). Clipped 25649/1119454 values (2.29%)
strain_yEK19: Clipping values above 77.10 (P95=51.40). Clipped 83713/3893623 values (2.15%)
strain_yEK23: Clipping values above 72.00 (P95=48.00). Clipped 86381/3558407 values (2.43%)
strain_yWT03a: Clipping values above 15.00 (P95=10.00). Clipped 10602/347679 values (3.05%)
strain_yWT04a: Clipping values above 58.50 (P95=39.00). Clipped 21095/725406 values (2.91%)
strain_ylic137: Clipping values above 142.50 (P95=95.00). Clipped 28746/1112684 values (2.58%)

Splitting data using pre-determined chromosomes...
Standardizing features: ['Centr', 'Nucl']
Column order in final array (Dataset/Chrom split): ['Value', 'Nucleosome_Distance', 'Centromere_Distance', 'Value_Raw', 'Size_Factor']
Removing 0 empty data points out of 11840
Column order in final array (Dataset/Chrom split): ['Value', 'Nucleosome_Distance', 'Centromere_Distance', 'Value_Raw', 'Size_Factor']
Removing 0 empty data points out of 4160
Column order in final array (Dataset/Chrom split): ['Value', 'Nucleosome_Distance', 'Centromere_Distance', 'Value_Raw', 'Size_Factor']
Removing 0 empty data points out of 4600
Datasets created with shapes:
  Train: (11840, 2000, 5)
  Val: (4160, 2000, 5)
  Test: (4600, 2000, 5)
Datasets created:
  Train: (11840, 2000, 5), Val: (4160, 2000, 5), Test: (4600, 2000, 5)

Randomly sampled 6861/11840 samples (58.0%)
Applied denoising with 15.0% masking
Applied denoising with 15.0% masking
Number of encoder layers: 2
Number of decoder layers (excluding heads): 2
Total number of layers including latent layer: 5
Epoch [1/95], Total Loss: 341492.5404, NLL: 2.2936, Masked: 102684.9829, Reg: 9.748295
Epoch [2/95], Total Loss: 151323.0091, NLL: 2.2198, Masked: 45501.6587, Reg: 8.184803
Epoch [3/95], Total Loss: 103240.8387, NLL: 2.2160, Masked: 31043.5108, Reg: 7.117466
Epoch [4/95], Total Loss: 2037.7568, NLL: 2.1088, Masked: 612.1126, Reg: 6.266775
Epoch [5/95], Total Loss: 21.4411, NLL: 1.8656, Masked: 5.8863, Reg: 5.480859
Epoch [6/95], Total Loss: 21.1952, NLL: 1.7419, Masked: 5.8496, Reg: 4.625121
Epoch [7/95], Total Loss: 21.1324, NLL: 1.7282, Masked: 5.8348, Reg: 3.947998
Epoch [8/95], Total Loss: 21.1120, NLL: 1.7196, Masked: 5.8312, Reg: 3.376103
Epoch [9/95], Total Loss: 21.0816, NLL: 1.7154, Masked: 5.8233, Reg: 2.868490
Epoch [10/95], Total Loss: 21.0853, NLL: 1.7063, Masked: 5.8272, Reg: 2.421767
Epoch [11/95], Total Loss: 21.1032, NLL: 1.7078, Masked: 5.8322, Reg: 2.066532
Epoch [12/95], Total Loss: 21.0426, NLL: 1.7070, Masked: 5.8142, Reg: 1.738219
Epoch [13/95], Total Loss: 21.0874, NLL: 1.7080, Masked: 5.8273, Reg: 1.454391
Epoch [14/95], Total Loss: 21.0878, NLL: 1.7106, Masked: 5.8267, Reg: 1.227418
Epoch [15/95], Total Loss: 21.0669, NLL: 1.7022, Masked: 5.8229, Reg: 1.057869
Epoch [16/95], Total Loss: 21.0823, NLL: 1.7072, Masked: 5.8260, Reg: 0.928542
Epoch [17/95], Total Loss: 21.0424, NLL: 1.7027, Masked: 5.8154, Reg: 0.832099
Epoch [18/95], Total Loss: 21.0699, NLL: 1.7080, Masked: 5.8221, Reg: 0.727490
Epoch [19/95], Total Loss: 21.0410, NLL: 1.7033, Masked: 5.8148, Reg: 0.665080
Epoch [20/95], Total Loss: 21.0209, NLL: 1.7013, Masked: 5.8093, Reg: 0.608143
Epoch [21/95], Total Loss: 21.0417, NLL: 1.7031, Masked: 5.8151, Reg: 0.587961
Epoch [22/95], Total Loss: 21.0200, NLL: 1.7004, Masked: 5.8093, Reg: 0.575679
Epoch [23/95], Total Loss: 21.0637, NLL: 1.7034, Masked: 5.8216, Reg: 0.558651
Epoch [24/95], Total Loss: 21.0828, NLL: 1.7104, Masked: 5.8252, Reg: 0.559672
Epoch [25/95], Total Loss: 21.0536, NLL: 1.7035, Masked: 5.8185, Reg: 0.607929
Epoch [26/95], Total Loss: 21.0199, NLL: 1.7032, Masked: 5.8085, Reg: 0.570666
Epoch [27/95], Total Loss: 21.0428, NLL: 1.7029, Masked: 5.8154, Reg: 0.581162
Epoch [28/95], Total Loss: 21.0509, NLL: 1.7028, Masked: 5.8179, Reg: 0.586187
Epoch [29/95], Total Loss: 21.0358, NLL: 1.7079, Masked: 5.8118, Reg: 0.582883
Epoch [30/95], Total Loss: 21.0628, NLL: 1.7042, Masked: 5.8211, Reg: 0.561795
Epoch [31/95], Total Loss: 21.0185, NLL: 1.7022, Masked: 5.8084, Reg: 0.563559
Epoch [32/95], Total Loss: 21.0258, NLL: 1.7097, Masked: 5.8083, Reg: 0.561744
Epoch [33/95], Total Loss: 21.0339, NLL: 1.7033, Masked: 5.8126, Reg: 0.560913
Epoch [34/95], Total Loss: 21.0341, NLL: 1.7024, Masked: 5.8130, Reg: 0.547621
Epoch [35/95], Total Loss: 21.4514, NLL: 1.7042, Masked: 5.9379, Reg: 0.580244
Epoch [36/95], Total Loss: 20.9955, NLL: 1.7014, Masked: 5.8017, Reg: 0.585481
Epoch [37/95], Total Loss: 21.0535, NLL: 1.7060, Masked: 5.8178, Reg: 0.582085
Epoch [38/95], Total Loss: 20.9944, NLL: 1.7018, Masked: 5.8012, Reg: 0.572430
Epoch [39/95], Total Loss: 21.0783, NLL: 1.7029, Masked: 5.8261, Reg: 0.575277
Epoch [40/95], Total Loss: 21.0266, NLL: 1.7008, Masked: 5.8112, Reg: 0.577365
Epoch [41/95], Total Loss: 21.0118, NLL: 1.7033, Masked: 5.8060, Reg: 0.566208
Epoch [42/95], Total Loss: 21.0336, NLL: 1.7026, Masked: 5.8127, Reg: 0.583310
Epoch [43/95], Total Loss: 21.0116, NLL: 1.7056, Masked: 5.8052, Reg: 0.583385
Epoch [44/95], Total Loss: 21.6573, NLL: 1.7094, Masked: 5.9982, Reg: 0.572710
Epoch [45/95], Total Loss: 21.1446, NLL: 1.7033, Masked: 5.8459, Reg: 0.596058
Epoch [46/95], Total Loss: 21.0427, NLL: 1.7041, Masked: 5.8151, Reg: 0.595247
Epoch [47/95], Total Loss: 21.0182, NLL: 1.7014, Masked: 5.8085, Reg: 0.619307
Epoch [48/95], Total Loss: 21.0138, NLL: 1.7002, Masked: 5.8075, Reg: 0.598418
Epoch [49/95], Total Loss: 21.0403, NLL: 1.7027, Masked: 5.8147, Reg: 0.586484
Epoch [50/95], Total Loss: 21.0304, NLL: 1.7002, Masked: 5.8125, Reg: 0.583001
Epoch [51/95], Total Loss: 21.0063, NLL: 1.7039, Masked: 5.8042, Reg: 0.601426
Epoch [52/95], Total Loss: 20.9837, NLL: 1.7043, Masked: 5.7973, Reg: 0.573639
Epoch [53/95], Total Loss: 21.0233, NLL: 1.7028, Masked: 5.8096, Reg: 0.597506
Epoch [54/95], Total Loss: 20.9744, NLL: 1.7003, Masked: 5.7956, Reg: 0.588899
Epoch [55/95], Total Loss: 21.0060, NLL: 1.7009, Masked: 5.8050, Reg: 0.611251
Epoch [56/95], Total Loss: 20.9755, NLL: 1.6997, Masked: 5.7962, Reg: 0.610853
Epoch [57/95], Total Loss: 21.0474, NLL: 1.7081, Masked: 5.8152, Reg: 0.609013
Epoch [58/95], Total Loss: 21.0033, NLL: 1.7037, Masked: 5.8033, Reg: 0.606612
Epoch [59/95], Total Loss: 21.0214, NLL: 1.7047, Masked: 5.8085, Reg: 0.603123
Epoch [60/95], Total Loss: 21.0418, NLL: 1.7017, Masked: 5.8155, Reg: 0.594313
Epoch [61/95], Total Loss: 20.9997, NLL: 1.7038, Masked: 5.8022, Reg: 0.601255
Epoch [62/95], Total Loss: 21.0087, NLL: 1.7032, Masked: 5.8051, Reg: 0.585744
Epoch [63/95], Total Loss: 21.0134, NLL: 1.7036, Masked: 5.8064, Reg: 0.601365
Epoch [64/95], Total Loss: 21.0053, NLL: 1.7029, Masked: 5.8041, Reg: 0.586452
Epoch [65/95], Total Loss: 20.9981, NLL: 1.6999, Masked: 5.8029, Reg: 0.583912
Epoch [66/95], Total Loss: 20.9732, NLL: 1.7035, Masked: 5.7943, Reg: 0.580172
Epoch [67/95], Total Loss: 20.9934, NLL: 1.7044, Masked: 5.8001, Reg: 0.587944
Epoch [68/95], Total Loss: 21.0208, NLL: 1.7041, Masked: 5.8085, Reg: 0.609088
Epoch [69/95], Total Loss: 21.0165, NLL: 1.7028, Masked: 5.8076, Reg: 0.622908
Epoch [70/95], Total Loss: 20.9940, NLL: 1.6993, Masked: 5.8018, Reg: 0.596499
Epoch [71/95], Total Loss: 21.0018, NLL: 1.7029, Masked: 5.8031, Reg: 0.593650
Epoch [72/95], Total Loss: 21.0116, NLL: 1.7049, Masked: 5.8055, Reg: 0.573462
Epoch [73/95], Total Loss: 21.0040, NLL: 1.7046, Masked: 5.8032, Reg: 0.600434
Epoch [74/95], Total Loss: 21.0112, NLL: 1.7001, Masked: 5.8068, Reg: 0.592372
Epoch [75/95], Total Loss: 21.0197, NLL: 1.7014, Masked: 5.8090, Reg: 0.632303
Epoch [76/95], Total Loss: 21.0276, NLL: 1.7063, Masked: 5.8099, Reg: 0.577259
Epoch [77/95], Total Loss: 20.9511, NLL: 1.7011, Masked: 5.7884, Reg: 0.575682
Epoch [78/95], Total Loss: 21.0373, NLL: 1.7049, Masked: 5.8132, Reg: 0.643467
Epoch [79/95], Total Loss: 20.9783, NLL: 1.7016, Masked: 5.7964, Reg: 0.603666
Epoch [80/95], Total Loss: 20.9949, NLL: 1.7014, Masked: 5.8015, Reg: 0.616358
Epoch [81/95], Total Loss: 21.0042, NLL: 1.7014, Masked: 5.8043, Reg: 0.589675
Epoch [82/95], Total Loss: 20.9906, NLL: 1.7024, Masked: 5.7999, Reg: 0.617392
Epoch [83/95], Total Loss: 20.9886, NLL: 1.7006, Masked: 5.7998, Reg: 0.589614
Epoch [84/95], Total Loss: 21.0150, NLL: 1.7041, Masked: 5.8067, Reg: 0.611390
Epoch [85/95], Total Loss: 21.0244, NLL: 1.6999, Masked: 5.8108, Reg: 0.611819
Epoch [86/95], Total Loss: 20.9961, NLL: 1.7023, Masked: 5.8016, Reg: 0.595893
Epoch [87/95], Total Loss: 21.0112, NLL: 1.7027, Masked: 5.8060, Reg: 0.625735
Epoch [88/95], Total Loss: 21.0084, NLL: 1.6987, Masked: 5.8064, Reg: 0.631595
Epoch [89/95], Total Loss: 20.9845, NLL: 1.7057, Masked: 5.7971, Reg: 0.636198
Epoch [90/95], Total Loss: 21.0025, NLL: 1.7011, Masked: 5.8039, Reg: 0.616571
Epoch [91/95], Total Loss: 21.0251, NLL: 1.7036, Masked: 5.8099, Reg: 0.628274
Epoch [92/95], Total Loss: 20.9748, NLL: 1.6971, Masked: 5.7967, Reg: 0.602460
Epoch [93/95], Total Loss: 20.9958, NLL: 1.7040, Masked: 5.8010, Reg: 0.619539
Epoch [94/95], Total Loss: 20.9919, NLL: 1.7010, Masked: 5.8007, Reg: 0.626962
Epoch [95/95], Total Loss: 21.0127, NLL: 1.7080, Masked: 5.8049, Reg: 0.644106

==================================================
EVALUATING ON TRAINING DATA
==================================================

==================================================
TEST RESULTS
==================================================
Total Loss: 20.908912
  - ZINB NLL: 1.705430
Total number of masked values: 692544
  - Number of values with pi >= 0.6771414282231925: 0
  - Number of values with pi < 0.6771414282231925: 692544
  - Masked Reconstruction: 5.774423
  - Regularization: 0.650463
Mean Absolute Error (MAE): 3.085638
R² Score: 0.031626
==================================================


==================================================
EVALUATING ON VALIDATION DATA
Dataset size: 4160
==================================================


==================================================
TEST RESULTS
==================================================
Total Loss: 21.196996
  - ZINB NLL: 1.732212
Total number of masked values: 419760
  - Number of values with pi >= 0.6771414282231925: 0
  - Number of values with pi < 0.6771414282231925: 419760
  - Masked Reconstruction: 5.852996
  - Regularization: 0.650463
Mean Absolute Error (MAE): 3.119756
R² Score: 0.027136
==================================================

Using combined metric: zinb_nll (1.732212) + masked_loss (5.852996) = 7.585208

>>> Optimizing combined on VALIDATION set: 7.585208
>>> Full validation metrics: {'total_loss': 21.196995520591734, 'zinb_nll': 1.732212268618437, 'mae': 3.119755506515503, 'r2': 0.027136266231536865, 'masked_loss': 5.852995629494007, 'reg_loss': 0.6504632285518429}

Iteration No: 6 ended. Evaluation done at random point.
Time taken: 364.5916
Function value obtained: 7.5852
Current minimum: 4.8463
Iteration No: 7 started. Evaluating function at random point.

================================================================================
Trial with parameters:
  features: Centr_Nucl
  step_size: 0.5924009278621828
  bin_size: 5
  sample_fraction: 0.5623824609027748
  moving_average: False
  first_layer_size_factor: 35
  num_layers: 1
  use_conv: True
  conv_channel: 118
  pool_size: 4
  kernel_size: 7
  epochs: 30
  batch_size: 64
  pi_threshold: 0.4219125032632116
  learning_rate: 3.1186566205519816e-05
  dropout_rate: 0.26704470968772104
  masked_recon_weight: 0.08696007095406233
  regularizer: none
  regularization_weight: 0.0007689291700576299
================================================================================

len(layers): 1
Creating datasets with:
  features: ['Centr', 'Nucl']
  bin_size: 5
  moving_average: False
  data_point_length: 2000 (from 2000)
  step_size: 1184 (from fraction 0.5924009278621828)
  layers: [np.int64(560)] (first=560, num=1)
  stride: 1 (fixed), padding: same (fixed)
  Using pre-determined chromosome split


Clipping outliers using 95th percentile * 1.5...
strain_yTW001: Clipping values above 134.25 (P95=89.50). Clipped 27529/1193409 values (2.31%)
strain_FD: Clipping values above 71.92 (P95=47.94). Clipped 95791/4127807 values (2.32%)
strain_dnrp: Clipping values above 243.00 (P95=162.00). Clipped 25649/1119454 values (2.29%)
strain_yEK19: Clipping values above 77.10 (P95=51.40). Clipped 83713/3893623 values (2.15%)
strain_yEK23: Clipping values above 72.00 (P95=48.00). Clipped 86381/3558407 values (2.43%)
strain_yWT03a: Clipping values above 15.00 (P95=10.00). Clipped 10602/347679 values (3.05%)
strain_yWT04a: Clipping values above 58.50 (P95=39.00). Clipped 21095/725406 values (2.91%)
strain_ylic137: Clipping values above 142.50 (P95=95.00). Clipped 28746/1112684 values (2.58%)

Splitting data using pre-determined chromosomes...
Standardizing features: ['Centr', 'Nucl']
Column order in final array (Dataset/Chrom split): ['Value', 'Nucleosome_Distance', 'Centromere_Distance', 'Value_Raw', 'Size_Factor']
Removing 0 empty data points out of 9352
Column order in final array (Dataset/Chrom split): ['Value', 'Nucleosome_Distance', 'Centromere_Distance', 'Value_Raw', 'Size_Factor']
Removing 0 empty data points out of 3288
Column order in final array (Dataset/Chrom split): ['Value', 'Nucleosome_Distance', 'Centromere_Distance', 'Value_Raw', 'Size_Factor']
Removing 0 empty data points out of 3640
Datasets created with shapes:
  Train: (9352, 2000, 5)
  Val: (3288, 2000, 5)
  Test: (3640, 2000, 5)
Datasets created:
  Train: (9352, 2000, 5), Val: (3288, 2000, 5), Test: (3640, 2000, 5)

Randomly sampled 5259/9352 samples (56.2%)
Applied denoising with 15.0% masking
Applied denoising with 15.0% masking
Number of encoder layers: 1
Number of decoder layers (excluding heads): 1
Total number of layers including latent layer: 3
Epoch [1/30], Total Loss: 3.3111, NLL: 2.0979, Masked: 13.9511
Epoch [2/30], Total Loss: 2.2295, NLL: 1.8074, Masked: 4.8542
Epoch [3/30], Total Loss: 2.1702, NLL: 1.7497, Masked: 4.8359
Epoch [4/30], Total Loss: 2.1463, NLL: 1.7221, Masked: 4.8785
Epoch [5/30], Total Loss: 2.1381, NLL: 1.7150, Masked: 4.8654
Epoch [6/30], Total Loss: 2.1307, NLL: 1.7101, Masked: 4.8366
Epoch [7/30], Total Loss: 2.1257, NLL: 1.7062, Masked: 4.8236
Epoch [8/30], Total Loss: 2.1216, NLL: 1.7016, Masked: 4.8303
Epoch [9/30], Total Loss: 2.1168, NLL: 1.6985, Masked: 4.8104
Epoch [10/30], Total Loss: 2.1132, NLL: 1.6951, Masked: 4.8077
Epoch [11/30], Total Loss: 2.1095, NLL: 1.6917, Masked: 4.8045
Epoch [12/30], Total Loss: 2.1076, NLL: 1.6898, Masked: 4.8043
Epoch [13/30], Total Loss: 2.1038, NLL: 1.6867, Masked: 4.7961
Epoch [14/30], Total Loss: 2.1009, NLL: 1.6831, Masked: 4.8035
Epoch [15/30], Total Loss: 2.0975, NLL: 1.6797, Masked: 4.8042
Epoch [16/30], Total Loss: 2.0938, NLL: 1.6761, Masked: 4.8030
Epoch [17/30], Total Loss: 2.0891, NLL: 1.6714, Masked: 4.8028
Epoch [18/30], Total Loss: 2.0848, NLL: 1.6673, Masked: 4.8008
Epoch [19/30], Total Loss: 2.0807, NLL: 1.6639, Masked: 4.7925
Epoch [20/30], Total Loss: 2.0783, NLL: 1.6618, Masked: 4.7888
Epoch [21/30], Total Loss: 2.0739, NLL: 1.6578, Masked: 4.7852
Epoch [22/30], Total Loss: 2.0719, NLL: 1.6556, Masked: 4.7870
Epoch [23/30], Total Loss: 2.0701, NLL: 1.6547, Masked: 4.7763
Epoch [24/30], Total Loss: 2.0662, NLL: 1.6504, Masked: 4.7811
Epoch [25/30], Total Loss: 2.0647, NLL: 1.6487, Masked: 4.7840
Epoch [26/30], Total Loss: 2.0622, NLL: 1.6465, Masked: 4.7810
Epoch [27/30], Total Loss: 2.0594, NLL: 1.6441, Masked: 4.7755
Epoch [28/30], Total Loss: 2.0575, NLL: 1.6424, Masked: 4.7740
Epoch [29/30], Total Loss: 2.0565, NLL: 1.6415, Masked: 4.7722
Epoch [30/30], Total Loss: 2.0510, NLL: 1.6372, Masked: 4.7591

==================================================
EVALUATING ON TRAINING DATA
==================================================

==================================================
TEST RESULTS
==================================================
Total Loss: 2.044310
  - ZINB NLL: 1.621202
Total number of masked values: 676621
  - Number of values with pi >= 0.4219125032632116: 247082
  - Number of values with pi < 0.4219125032632116: 429539
  - Masked Reconstruction: 4.865539
Mean Absolute Error (MAE): 2.690715
R² Score: 0.036131
==================================================


==================================================
EVALUATING ON VALIDATION DATA
Dataset size: 3288
==================================================


==================================================
TEST RESULTS
==================================================
Total Loss: 2.060163
  - ZINB NLL: 1.644661
Total number of masked values: 423034
  - Number of values with pi >= 0.4219125032632116: 152693
  - Number of values with pi < 0.4219125032632116: 270341
  - Masked Reconstruction: 4.778085
Mean Absolute Error (MAE): 2.747375
R² Score: 0.043395
==================================================

Using combined metric: zinb_nll (1.644661) + masked_loss (4.778085) = 6.422746

>>> Optimizing combined on VALIDATION set: 6.422746
>>> Full validation metrics: {'total_loss': 2.06016349647457, 'zinb_nll': 1.6446608655934207, 'mae': 2.7473747730255127, 'r2': 0.04339498281478882, 'masked_loss': 4.778085268907013}

Iteration No: 7 ended. Evaluation done at random point.
Time taken: 186.9762
Function value obtained: 6.4227
Current minimum: 4.8463
Iteration No: 8 started. Evaluating function at random point.

================================================================================
Trial with parameters:
  features: Centr_Nucl
  step_size: 0.37621828162969795
  bin_size: 5
  sample_fraction: 0.668576501513006
  moving_average: False
  first_layer_size_factor: 10
  num_layers: 2
  use_conv: True
  conv_channel: 94
  pool_size: 6
  kernel_size: 3
  epochs: 150
  batch_size: 32
  pi_threshold: 0.6906459823330612
  learning_rate: 0.0001710452585899055
  dropout_rate: 0.016525366450274196
  masked_recon_weight: 0.024004075943521636
  regularizer: l2
  regularization_weight: 0.5820203380944969
================================================================================

len(layers): 2
Creating datasets with:
  features: ['Centr', 'Nucl']
  bin_size: 5
  moving_average: False
  data_point_length: 2000 (from 2000)
  step_size: 752 (from fraction 0.37621828162969795)
  layers: [np.int64(160), np.int64(80)] (first=160, num=2)
  stride: 1 (fixed), padding: same (fixed)
  Using pre-determined chromosome split


Clipping outliers using 95th percentile * 1.5...
strain_yTW001: Clipping values above 134.25 (P95=89.50). Clipped 27529/1193409 values (2.31%)
strain_FD: Clipping values above 71.92 (P95=47.94). Clipped 95791/4127807 values (2.32%)
strain_dnrp: Clipping values above 243.00 (P95=162.00). Clipped 25649/1119454 values (2.29%)
strain_yEK19: Clipping values above 77.10 (P95=51.40). Clipped 83713/3893623 values (2.15%)
strain_yEK23: Clipping values above 72.00 (P95=48.00). Clipped 86381/3558407 values (2.43%)
strain_yWT03a: Clipping values above 15.00 (P95=10.00). Clipped 10602/347679 values (3.05%)
strain_yWT04a: Clipping values above 58.50 (P95=39.00). Clipped 21095/725406 values (2.91%)
strain_ylic137: Clipping values above 142.50 (P95=95.00). Clipped 28746/1112684 values (2.58%)

Splitting data using pre-determined chromosomes...
Standardizing features: ['Centr', 'Nucl']
Column order in final array (Dataset/Chrom split): ['Value', 'Nucleosome_Distance', 'Centromere_Distance', 'Value_Raw', 'Size_Factor']
Removing 0 empty data points out of 14672
Column order in final array (Dataset/Chrom split): ['Value', 'Nucleosome_Distance', 'Centromere_Distance', 'Value_Raw', 'Size_Factor']
Removing 0 empty data points out of 5152
Column order in final array (Dataset/Chrom split): ['Value', 'Nucleosome_Distance', 'Centromere_Distance', 'Value_Raw', 'Size_Factor']
Removing 0 empty data points out of 5704
Datasets created with shapes:
  Train: (14672, 2000, 5)
  Val: (5152, 2000, 5)
  Test: (5704, 2000, 5)
Datasets created:
  Train: (14672, 2000, 5), Val: (5152, 2000, 5), Test: (5704, 2000, 5)

Randomly sampled 9809/14672 samples (66.9%)
Applied denoising with 15.0% masking
Applied denoising with 15.0% masking
Number of encoder layers: 2
Number of decoder layers (excluding heads): 2
Total number of layers including latent layer: 5
Epoch [1/150], Total Loss: 3.2738, NLL: 2.5298, Masked: 30.9956, Reg: 4590.085911
Epoch [2/150], Total Loss: 3.2616, NLL: 2.5167, Masked: 31.0324, Reg: 4318.396955
Epoch [3/150], Total Loss: 3.2492, NLL: 2.5037, Masked: 31.0598, Reg: 4081.508097
Epoch [4/150], Total Loss: 3.2356, NLL: 2.4908, Masked: 31.0275, Reg: 3859.666811
Epoch [5/150], Total Loss: 3.2236, NLL: 2.4782, Masked: 31.0539, Reg: 3647.898678
Epoch [6/150], Total Loss: 3.2104, NLL: 2.4657, Masked: 31.0245, Reg: 3444.643859
Epoch [7/150], Total Loss: 3.1979, NLL: 2.4533, Masked: 31.0163, Reg: 3249.180681
Epoch [8/150], Total Loss: 3.1863, NLL: 2.4413, Masked: 31.0357, Reg: 3061.038642
Epoch [9/150], Total Loss: 3.1739, NLL: 2.4293, Masked: 31.0193, Reg: 2879.864108
Epoch [10/150], Total Loss: 3.1623, NLL: 2.4176, Masked: 31.0245, Reg: 2705.380516
Epoch [11/150], Total Loss: 3.1508, NLL: 2.4061, Masked: 31.0229, Reg: 2537.368881
Epoch [12/150], Total Loss: 3.1397, NLL: 2.3948, Masked: 31.0323, Reg: 2375.654486
Epoch [13/150], Total Loss: 3.1290, NLL: 2.3837, Masked: 31.0489, Reg: 2220.094929
Epoch [14/150], Total Loss: 3.1180, NLL: 2.3729, Masked: 31.0421, Reg: 2070.571296
Epoch [15/150], Total Loss: 3.1076, NLL: 2.3623, Masked: 31.0498, Reg: 1926.981802
Epoch [16/150], Total Loss: 3.0970, NLL: 2.3519, Masked: 31.0381, Reg: 1789.238890
Epoch [17/150], Total Loss: 3.0869, NLL: 2.3418, Masked: 31.0406, Reg: 1657.264712
Epoch [18/150], Total Loss: 3.0769, NLL: 2.3320, Masked: 31.0339, Reg: 1530.989097
Epoch [19/150], Total Loss: 3.0681, NLL: 2.3224, Masked: 31.0670, Reg: 1410.348652
Epoch [20/150], Total Loss: 3.0583, NLL: 2.3131, Masked: 31.0458, Reg: 1295.284190
Epoch [21/150], Total Loss: 3.0490, NLL: 2.3041, Masked: 31.0334, Reg: 1185.738409
Epoch [22/150], Total Loss: 3.0407, NLL: 2.2954, Masked: 31.0459, Reg: 1081.656687
Epoch [23/150], Total Loss: 3.0323, NLL: 2.2871, Masked: 31.0448, Reg: 982.984484
Epoch [24/150], Total Loss: 3.0245, NLL: 2.2790, Masked: 31.0560, Reg: 889.666454
Epoch [25/150], Total Loss: 3.0161, NLL: 2.2713, Masked: 31.0279, Reg: 801.645279
Epoch [26/150], Total Loss: 3.0090, NLL: 2.2640, Masked: 31.0342, Reg: 718.861713
Epoch [27/150], Total Loss: 3.0026, NLL: 2.2569, Masked: 31.0632, Reg: 641.253024
Epoch [28/150], Total Loss: 2.9951, NLL: 2.2502, Masked: 31.0307, Reg: 568.752063
Epoch [29/150], Total Loss: 2.9894, NLL: 2.2440, Masked: 31.0524, Reg: 501.286887
Epoch [30/150], Total Loss: 2.9832, NLL: 2.2381, Masked: 31.0433, Reg: 438.779803
Epoch [31/150], Total Loss: 2.9774, NLL: 2.2325, Masked: 31.0323, Reg: 381.145876
Epoch [32/150], Total Loss: 2.9724, NLL: 2.2273, Masked: 31.0382, Reg: 328.292076
Epoch [33/150], Total Loss: 2.9679, NLL: 2.2224, Masked: 31.0563, Reg: 280.116558
Epoch [34/150], Total Loss: 2.9633, NLL: 2.2180, Masked: 31.0481, Reg: 236.506123
Epoch [35/150], Total Loss: 2.9590, NLL: 2.2139, Masked: 31.0418, Reg: 197.336376
Epoch [36/150], Total Loss: 2.9553, NLL: 2.2102, Masked: 31.0387, Reg: 162.468138
Epoch [37/150], Total Loss: 2.9518, NLL: 2.2068, Masked: 31.0380, Reg: 131.747149
Epoch [38/150], Total Loss: 2.9486, NLL: 2.2038, Masked: 31.0303, Reg: 105.000823
Epoch [39/150], Total Loss: 2.9462, NLL: 2.2011, Masked: 31.0395, Reg: 82.035631
Epoch [40/150], Total Loss: 2.9440, NLL: 2.1988, Masked: 31.0464, Reg: 62.636864
Epoch [41/150], Total Loss: 2.9414, NLL: 2.1967, Masked: 31.0223, Reg: 46.564033
Epoch [42/150], Total Loss: 2.9400, NLL: 2.1950, Masked: 31.0365, Reg: 33.549703
Epoch [43/150], Total Loss: 2.9387, NLL: 2.1935, Masked: 31.0436, Reg: 23.299110
Epoch [44/150], Total Loss: 2.9378, NLL: 2.1923, Masked: 31.0578, Reg: 15.490961
Epoch [45/150], Total Loss: 2.9370, NLL: 2.1914, Masked: 31.0638, Reg: 9.779291
Epoch [46/150], Total Loss: 2.9362, NLL: 2.1906, Masked: 31.0611, Reg: 5.803454
Epoch [47/150], Total Loss: 2.9350, NLL: 2.1900, Masked: 31.0347, Reg: 3.198688
Epoch [48/150], Total Loss: 2.9349, NLL: 2.1896, Masked: 31.0492, Reg: 1.613921
Epoch [49/150], Total Loss: 2.9345, NLL: 2.1893, Masked: 31.0457, Reg: 0.733222
Epoch [50/150], Total Loss: 2.9348, NLL: 2.1890, Masked: 31.0674, Reg: 0.294399
Epoch [51/150], Total Loss: 2.9338, NLL: 2.1889, Masked: 31.0311, Reg: 0.102245
Epoch [52/150], Total Loss: 2.9342, NLL: 2.1888, Masked: 31.0528, Reg: 0.030588
Epoch [53/150], Total Loss: 2.9338, NLL: 2.1887, Masked: 31.0382, Reg: 0.008406
Epoch [54/150], Total Loss: 2.9339, NLL: 2.1887, Masked: 31.0443, Reg: 0.002988
Epoch [55/150], Total Loss: 2.9338, NLL: 2.1887, Masked: 31.0423, Reg: 0.001615
Epoch [56/150], Total Loss: 2.9348, NLL: 2.1887, Masked: 31.0803, Reg: 0.001589
Epoch [57/150], Total Loss: 2.9329, NLL: 2.1887, Masked: 31.0013, Reg: 0.001623
Epoch [58/150], Total Loss: 2.9338, NLL: 2.1887, Masked: 31.0399, Reg: 0.001356
Epoch [59/150], Total Loss: 2.9337, NLL: 2.1887, Masked: 31.0375, Reg: 0.001441
Epoch [60/150], Total Loss: 2.9336, NLL: 2.1887, Masked: 31.0332, Reg: 0.001269
Epoch [61/150], Total Loss: 2.9338, NLL: 2.1887, Masked: 31.0392, Reg: 0.001268
Epoch [62/150], Total Loss: 2.9333, NLL: 2.1887, Masked: 31.0198, Reg: 0.001348
Epoch [63/150], Total Loss: 2.9336, NLL: 2.1887, Masked: 31.0337, Reg: 0.001277
Epoch [64/150], Total Loss: 2.9344, NLL: 2.1887, Masked: 31.0636, Reg: 0.001357
Epoch [65/150], Total Loss: 2.9344, NLL: 2.1887, Masked: 31.0658, Reg: 0.001274
Epoch [66/150], Total Loss: 2.9348, NLL: 2.1887, Masked: 31.0809, Reg: 0.001281
Epoch [67/150], Total Loss: 2.9342, NLL: 2.1887, Masked: 31.0575, Reg: 0.001281
Epoch [68/150], Total Loss: 2.9338, NLL: 2.1887, Masked: 31.0394, Reg: 0.001284
Epoch [69/150], Total Loss: 2.9343, NLL: 2.1887, Masked: 31.0619, Reg: 0.001289
Epoch [70/150], Total Loss: 2.9338, NLL: 2.1887, Masked: 31.0405, Reg: 0.001284
Epoch [71/150], Total Loss: 2.9341, NLL: 2.1887, Masked: 31.0547, Reg: 0.001286
Epoch [72/150], Total Loss: 2.9334, NLL: 2.1887, Masked: 31.0240, Reg: 0.001284
Epoch [73/150], Total Loss: 2.9331, NLL: 2.1887, Masked: 31.0133, Reg: 0.001288
Epoch [74/150], Total Loss: 2.9336, NLL: 2.1887, Masked: 31.0317, Reg: 0.001287
Epoch [75/150], Total Loss: 2.9336, NLL: 2.1887, Masked: 31.0306, Reg: 0.001283
Epoch [76/150], Total Loss: 2.9334, NLL: 2.1887, Masked: 31.0248, Reg: 0.001288
Epoch [77/150], Total Loss: 2.9338, NLL: 2.1887, Masked: 31.0416, Reg: 0.001286
Epoch [78/150], Total Loss: 2.9333, NLL: 2.1887, Masked: 31.0192, Reg: 0.001285
Epoch [79/150], Total Loss: 2.9342, NLL: 2.1887, Masked: 31.0562, Reg: 0.001292
Epoch [80/150], Total Loss: 2.9333, NLL: 2.1887, Masked: 31.0213, Reg: 0.001283
Epoch [81/150], Total Loss: 2.9339, NLL: 2.1887, Masked: 31.0448, Reg: 0.001292
Epoch [82/150], Total Loss: 2.9340, NLL: 2.1887, Masked: 31.0509, Reg: 0.001286
Epoch [83/150], Total Loss: 2.9347, NLL: 2.1887, Masked: 31.0798, Reg: 0.001285
Epoch [84/150], Total Loss: 2.9333, NLL: 2.1887, Masked: 31.0205, Reg: 0.001288
Epoch [85/150], Total Loss: 2.9337, NLL: 2.1887, Masked: 31.0384, Reg: 0.001290
Epoch [86/150], Total Loss: 2.9338, NLL: 2.1887, Masked: 31.0392, Reg: 0.001287
Epoch [87/150], Total Loss: 2.9338, NLL: 2.1887, Masked: 31.0413, Reg: 0.001290
Epoch [88/150], Total Loss: 2.9332, NLL: 2.1887, Masked: 31.0146, Reg: 0.001287
Epoch [89/150], Total Loss: 2.9338, NLL: 2.1887, Masked: 31.0385, Reg: 0.001288
Epoch [90/150], Total Loss: 2.9343, NLL: 2.1887, Masked: 31.0599, Reg: 0.001292
Epoch [91/150], Total Loss: 2.9341, NLL: 2.1887, Masked: 31.0518, Reg: 0.001289
Epoch [92/150], Total Loss: 2.9339, NLL: 2.1887, Masked: 31.0444, Reg: 0.001289
Epoch [93/150], Total Loss: 2.9347, NLL: 2.1887, Masked: 31.0778, Reg: 0.001292
Epoch [94/150], Total Loss: 2.9332, NLL: 2.1887, Masked: 31.0162, Reg: 0.001287
Epoch [95/150], Total Loss: 2.9340, NLL: 2.1887, Masked: 31.0476, Reg: 0.001292
Epoch [96/150], Total Loss: 2.9341, NLL: 2.1887, Masked: 31.0512, Reg: 0.001290
Epoch [97/150], Total Loss: 2.9336, NLL: 2.1887, Masked: 31.0318, Reg: 0.001287
