Running simulated data training
Device: cuda
Starting simulated data run...

============================================================
PREPROCESSING SIMULATED DATA
============================================================
Loading simulated data from Data/simulated/simulated_data...
Found 204 simulated data files
Loaded 204 simulated chromosomes

=== Processing Training Data ===
Column order in final array (Dataset/Chrom split): ['Value', 'Value_Raw', 'Size_Factor']
Removing 0 empty data points out of 73772

=== Processing Validation Data ===

=== Processing Test Data ===
Column order in final array (Dataset/Chrom split): ['Value', 'Value_Raw', 'Size_Factor']
Removing 0 empty data points out of 32293

Final dataset shapes:
  Train: (73772, 2000, 3)
  Test: (32293, 2000, 3)

============================================================
CREATING DATALOADERS
============================================================
Randomly sampled 737/73772 samples (1.0%)
Applied denoising with 50.0% masking
Applied denoising with 50.0% masking
Feature dimension: 1
Actual sequence length from data: 2000

============================================================
INITIALIZING MODEL
============================================================
Model created with seq_length=2000, feature_dim=1

============================================================
TRAINING MODEL
============================================================
Epoch [1/100], Total Loss: 161.4561, NLL: 2.4385, Masked: 159.0175
Epoch [2/100], Total Loss: 18.7608, NLL: 2.2660, Masked: 16.4948
Epoch [3/100], Total Loss: 17.4277, NLL: 1.7118, Masked: 15.7159
Epoch [4/100], Total Loss: 21.1478, NLL: 1.1872, Masked: 19.9605
Epoch [5/100], Total Loss: 21.3045, NLL: 1.1147, Masked: 20.1898
Epoch [6/100], Total Loss: 21.3182, NLL: 1.1006, Masked: 20.2176
Epoch [7/100], Total Loss: 21.2922, NLL: 1.1015, Masked: 20.1907
Epoch [8/100], Total Loss: 21.2720, NLL: 1.0871, Masked: 20.1849
Epoch [9/100], Total Loss: 21.2573, NLL: 1.0798, Masked: 20.1775
Epoch [10/100], Total Loss: 21.2527, NLL: 1.0731, Masked: 20.1796
Epoch [11/100], Total Loss: 21.2587, NLL: 1.0724, Masked: 20.1863
Epoch [12/100], Total Loss: 21.2640, NLL: 1.0698, Masked: 20.1942
Epoch [13/100], Total Loss: 21.2540, NLL: 1.0695, Masked: 20.1845
Epoch [14/100], Total Loss: 21.2607, NLL: 1.0729, Masked: 20.1877
Epoch [15/100], Total Loss: 21.2508, NLL: 1.0701, Masked: 20.1808
Epoch [16/100], Total Loss: 21.2649, NLL: 1.0673, Masked: 20.1976
Epoch [17/100], Total Loss: 21.2525, NLL: 1.0668, Masked: 20.1857
Epoch [18/100], Total Loss: 21.2692, NLL: 1.0676, Masked: 20.2016
Epoch [19/100], Total Loss: 21.2425, NLL: 1.0649, Masked: 20.1777
Epoch [20/100], Total Loss: 21.2633, NLL: 1.0658, Masked: 20.1975
Epoch [21/100], Total Loss: 21.2523, NLL: 1.0647, Masked: 20.1876
Epoch [22/100], Total Loss: 21.2471, NLL: 1.0628, Masked: 20.1842
Epoch [23/100], Total Loss: 21.2546, NLL: 1.0633, Masked: 20.1914
Epoch [24/100], Total Loss: 21.2563, NLL: 1.0662, Masked: 20.1901
Epoch [25/100], Total Loss: 21.2682, NLL: 1.0657, Masked: 20.2025
Epoch [26/100], Total Loss: 21.2549, NLL: 1.0594, Masked: 20.1955
Epoch [27/100], Total Loss: 21.2379, NLL: 1.0608, Masked: 20.1771
Epoch [28/100], Total Loss: 21.2300, NLL: 1.0578, Masked: 20.1723
Epoch [29/100], Total Loss: 21.2587, NLL: 1.0581, Masked: 20.2006
Epoch [30/100], Total Loss: 21.2660, NLL: 1.0565, Masked: 20.2095
Epoch [31/100], Total Loss: 21.2414, NLL: 1.0578, Masked: 20.1836
Epoch [32/100], Total Loss: 21.2433, NLL: 1.0578, Masked: 20.1855
Epoch [33/100], Total Loss: 21.2627, NLL: 1.0580, Masked: 20.2047
Epoch [34/100], Total Loss: 21.2497, NLL: 1.0606, Masked: 20.1891
Epoch [35/100], Total Loss: 21.2396, NLL: 1.0575, Masked: 20.1820
Epoch [36/100], Total Loss: 21.2284, NLL: 1.0573, Masked: 20.1710
Epoch [37/100], Total Loss: 21.2327, NLL: 1.0567, Masked: 20.1760
Epoch [38/100], Total Loss: 21.2578, NLL: 1.0590, Masked: 20.1988
Epoch [39/100], Total Loss: 21.2599, NLL: 1.0598, Masked: 20.2001
Epoch [40/100], Total Loss: 21.2650, NLL: 1.0661, Masked: 20.1990
Epoch [41/100], Total Loss: 21.2579, NLL: 1.0568, Masked: 20.2010
Epoch [42/100], Total Loss: 21.2566, NLL: 1.0610, Masked: 20.1956
Epoch [43/100], Total Loss: 21.2568, NLL: 1.0626, Masked: 20.1942
Epoch [44/100], Total Loss: 21.2389, NLL: 1.0616, Masked: 20.1773
Epoch [45/100], Total Loss: 21.2675, NLL: 1.0730, Masked: 20.1945
Epoch [46/100], Total Loss: 21.2620, NLL: 1.0741, Masked: 20.1879
Epoch [47/100], Total Loss: 21.2637, NLL: 1.0657, Masked: 20.1980
Epoch [48/100], Total Loss: 21.2540, NLL: 1.0605, Masked: 20.1935
Epoch [49/100], Total Loss: 21.2748, NLL: 1.0614, Masked: 20.2133
Epoch [50/100], Total Loss: 21.2447, NLL: 1.0607, Masked: 20.1840
Epoch [51/100], Total Loss: 21.2518, NLL: 1.0591, Masked: 20.1927
Epoch [52/100], Total Loss: 21.2771, NLL: 1.0794, Masked: 20.1978
Epoch [53/100], Total Loss: 21.2695, NLL: 1.0710, Masked: 20.1986
Epoch [54/100], Total Loss: 21.2481, NLL: 1.0610, Masked: 20.1871
Epoch [55/100], Total Loss: 21.2506, NLL: 1.0594, Masked: 20.1913
Epoch [56/100], Total Loss: 21.2601, NLL: 1.0627, Masked: 20.1974
Epoch [57/100], Total Loss: 21.2442, NLL: 1.0601, Masked: 20.1841
Epoch [58/100], Total Loss: 21.2468, NLL: 1.0608, Masked: 20.1860
Epoch [59/100], Total Loss: 21.2277, NLL: 1.0561, Masked: 20.1716
Epoch [60/100], Total Loss: 21.2640, NLL: 1.0553, Masked: 20.2088
Epoch [61/100], Total Loss: 21.2472, NLL: 1.0545, Masked: 20.1927
Epoch [62/100], Total Loss: 21.2485, NLL: 1.0572, Masked: 20.1914
Epoch [63/100], Total Loss: 21.2414, NLL: 1.0528, Masked: 20.1886
Epoch [64/100], Total Loss: 21.2422, NLL: 1.0528, Masked: 20.1895
Epoch [65/100], Total Loss: 21.2449, NLL: 1.0527, Masked: 20.1922
Epoch [66/100], Total Loss: 21.2426, NLL: 1.0539, Masked: 20.1886
Epoch [67/100], Total Loss: 21.2518, NLL: 1.0538, Masked: 20.1981
Epoch [68/100], Total Loss: 21.2536, NLL: 1.0541, Masked: 20.1995
Epoch [69/100], Total Loss: 21.2391, NLL: 1.0525, Masked: 20.1867
Epoch [70/100], Total Loss: 21.2301, NLL: 1.0521, Masked: 20.1781
Epoch [71/100], Total Loss: 21.2512, NLL: 1.0531, Masked: 20.1981
Epoch [72/100], Total Loss: 21.2510, NLL: 1.0524, Masked: 20.1985
Epoch [73/100], Total Loss: 21.2581, NLL: 1.0744, Masked: 20.1837
Epoch [74/100], Total Loss: 21.2507, NLL: 1.0617, Masked: 20.1890
Epoch [75/100], Total Loss: 21.2419, NLL: 1.0545, Masked: 20.1874
Epoch [76/100], Total Loss: 21.2445, NLL: 1.0537, Masked: 20.1909
Epoch [77/100], Total Loss: 21.2314, NLL: 1.0528, Masked: 20.1787
Epoch [78/100], Total Loss: 21.2279, NLL: 1.0512, Masked: 20.1767
Epoch [79/100], Total Loss: 21.2395, NLL: 1.0544, Masked: 20.1852
Epoch [80/100], Total Loss: 21.2352, NLL: 1.0528, Masked: 20.1824
Epoch [81/100], Total Loss: 21.2448, NLL: 1.0526, Masked: 20.1922
Epoch [82/100], Total Loss: 21.2454, NLL: 1.0537, Masked: 20.1917
Epoch [83/100], Total Loss: 21.2370, NLL: 1.0516, Masked: 20.1854
Epoch [84/100], Total Loss: 21.2387, NLL: 1.0521, Masked: 20.1866
Epoch [85/100], Total Loss: 21.2558, NLL: 1.0548, Masked: 20.2010
Epoch [86/100], Total Loss: 21.2554, NLL: 1.0544, Masked: 20.2010
Epoch [87/100], Total Loss: 21.2461, NLL: 1.0551, Masked: 20.1910
Epoch [88/100], Total Loss: 21.2356, NLL: 1.0503, Masked: 20.1853
Epoch [89/100], Total Loss: 21.2416, NLL: 1.0530, Masked: 20.1886
Epoch [90/100], Total Loss: 21.2434, NLL: 1.0516, Masked: 20.1919
Epoch [91/100], Total Loss: 21.2427, NLL: 1.0493, Masked: 20.1934
Epoch [92/100], Total Loss: 21.2507, NLL: 1.0515, Masked: 20.1992
Epoch [93/100], Total Loss: 21.2419, NLL: 1.0510, Masked: 20.1910
Epoch [94/100], Total Loss: 21.2228, NLL: 1.0486, Masked: 20.1742
Epoch [95/100], Total Loss: 21.2396, NLL: 1.0485, Masked: 20.1911
Epoch [96/100], Total Loss: 21.2298, NLL: 1.0500, Masked: 20.1798
Epoch [97/100], Total Loss: 21.2481, NLL: 1.0507, Masked: 20.1974
Epoch [98/100], Total Loss: 21.2491, NLL: 1.0487, Masked: 20.2004
Epoch [99/100], Total Loss: 21.2212, NLL: 1.0483, Masked: 20.1729
Epoch [100/100], Total Loss: 21.2322, NLL: 1.0473, Masked: 20.1849
Training loss plot saved to /workspace/AE/results/training/Simulated_data_new/Simulated_data_new_ZINBAE_20260209_143205_conv_training_losses.png
Training losses saved to /workspace/AE/results/training/Simulated_data_new/Simulated_data_new_ZINBAE_20260209_143205_conv_training_losses.json

==================================================
EVALUATING ON TRAINING DATA
==================================================

==================================================
TEST RESULTS
==================================================
Total Loss: 21.337700
  - ZINB NLL: 1.142169
Total number of masked values: 113796
  - Number of values with pi >= 0.5: 113796
  - Number of values with pi < 0.5: 0
  - Masked Reconstruction: 20.195531
Mean Absolute Error (MAE): 3.122980
R² Score: -0.122354
==================================================

Using raw counts for evaluation metrics.
1474000 1246044 227956
Zero imputation: 1,246,044 actual zeros, 0 imputed (0.0%), 227,956 false structural zeros
Number of masked values: 113796
Masked values analysis: 113796 masked positions, MAE=24.9239, R²=-3.3923
ZINB metrics saved to /workspace/AE/results/training/Simulated_data_new/Simulated_data_new_ZINBAE_20260209_143207_conv_test_metrics.json
ZINB-specific plots saved to /workspace/AE/results/training/Simulated_data_new/

============================================================
EVALUATING MODEL
============================================================
Evaluating on Test set...

==================================================
TEST RESULTS
==================================================
Total Loss: 21.578154
  - ZINB NLL: 1.144612
Total number of masked values: 4982611
  - Number of values with pi >= 0.5: 4982610
  - Number of values with pi < 0.5: 1
  - Masked Reconstruction: 20.433542
Mean Absolute Error (MAE): 3.158570
R² Score: -0.122831
==================================================

Using raw counts for evaluation metrics.
64586000 54604496 9981504
Zero imputation: 54,604,496 actual zeros, 6 imputed (0.0%), 9,981,503 false structural zeros
Number of masked values: 4982611
Masked values analysis: 4982611 masked positions, MAE=24.8360, R²=-3.3450
ZINB metrics saved to /workspace/AE/results/testing/Simulated_data_new/Simulated_data_new_ZINBAE_20260209_143228_conv_test_metrics.json
ZINB-specific plots saved to /workspace/AE/results/testing/Simulated_data_new/

Test Metrics:
  total_loss: 21.578154236955914
  zinb_nll: 1.1446122216834298
  mae: 3.1585702896118164
  r2: -0.12283146381378174
  masked_loss: 20.433541994245758

============================================================
TRAINING COMPLETE
============================================================
Simulated data training complete
