concurrent.futures.process._RemoteTraceback: 
"""
Traceback (most recent call last):
  File "/opt/conda/lib/python3.11/concurrent/futures/process.py", line 261, in _process_worker
    r = call_item.fn(*call_item.args, **call_item.kwargs)
        ^^^^^^^^^^^^^^^^^^^^^^^^^^^^^^^^^^^^^^^^^^^^^^^^^
  File "/workspace/Signal_processing/sliding_mean/sliding_ZINB_CPD_v2.py", line 112, in process_window_size
    change_points, scores = sliding_ZINB_CPD(data, nucleosome_distances, ws, overlap, threshold, theta_global=theta_global, nucleosome_file=nucleosome_file)
                            ^^^^^^^^^^^^^^^^^^^^^^^^^^^^^^^^^^^^^^^^^^^^^^^^^^^^^^^^^^^^^^^^^^^^^^^^^^^^^^^^^^^^^^^^^^^^^^^^^^^^^^^^^^^^^^^^^^^^^^^^^^^^^^^^
  File "/workspace/Signal_processing/sliding_mean/sliding_ZINB_CPD_v2.py", line 56, in sliding_ZINB_CPD
    temp0_nucl = np.mean([nucleosome_df.loc[nucleosome_df['distance'] == d, 'mean_density'].values for d in nucl_dist0])
                 ^^^^^^^^^^^^^^^^^^^^^^^^^^^^^^^^^^^^^^^^^^^^^^^^^^^^^^^^^^^^^^^^^^^^^^^^^^^^^^^^^^^^^^^^^^^^^^^^^^^^^^^
  File "/opt/conda/lib/python3.11/site-packages/numpy/_core/fromnumeric.py", line 3824, in mean
    return _methods._mean(a, axis=axis, dtype=dtype,
           ^^^^^^^^^^^^^^^^^^^^^^^^^^^^^^^^^^^^^^^^^
  File "/opt/conda/lib/python3.11/site-packages/numpy/_core/_methods.py", line 116, in _mean
    arr = asanyarray(a)
          ^^^^^^^^^^^^^
ValueError: setting an array element with a sequence. The requested array has an inhomogeneous shape after 1 dimensions. The detected shape was (160,) + inhomogeneous part.
"""

The above exception was the direct cause of the following exception:

Traceback (most recent call last):
  File "/workspace/Signal_processing/sliding_mean/sliding_ZINB_CPD_v2.py", line 181, in <module>
    ws_completed = future.result()
                   ^^^^^^^^^^^^^^^
  File "/opt/conda/lib/python3.11/concurrent/futures/_base.py", line 456, in result
    return self.__get_result()
           ^^^^^^^^^^^^^^^^^^^
  File "/opt/conda/lib/python3.11/concurrent/futures/_base.py", line 401, in __get_result
    raise self._exception
ValueError: setting an array element with a sequence. The requested array has an inhomogeneous shape after 1 dimensions. The detected shape was (160,) + inhomogeneous part.
srun: error: influ4: task 0: Exited with exit code 1
srun: launch/slurm: _step_signal: Terminating StepId=12253712.0
