Device: cuda

Clipping outliers using 95th percentile * 1.5...
strain_yTW001: Clipping values above 134.25 (P95=89.50). Clipped 27529/1193409 values (2.31%)
strain_FD: Clipping values above 71.92 (P95=47.94). Clipped 95791/4127807 values (2.32%)
strain_dnrp: Clipping values above 243.00 (P95=162.00). Clipped 25649/1119454 values (2.29%)
strain_yEK19: Clipping values above 77.10 (P95=51.40). Clipped 83713/3893623 values (2.15%)
strain_yEK23: Clipping values above 72.00 (P95=48.00). Clipped 86381/3558407 values (2.43%)
strain_yWT03a: Clipping values above 15.00 (P95=10.00). Clipped 10602/347679 values (3.05%)
strain_yWT04a: Clipping values above 58.50 (P95=39.00). Clipped 21095/725406 values (2.91%)
strain_ylic137: Clipping values above 142.50 (P95=95.00). Clipped 28746/1112684 values (2.58%)
Train chromosomes: ['ChrIII', 'ChrIV', 'ChrIX', 'ChrVI', 'ChrVII', 'ChrVIII', 'ChrX', 'ChrXI', 'ChrXII', 'ChrXIII', 'ChrXIV', 'ChrXVI']
Validation chromosomes: []
Test chromosomes: ['ChrI', 'ChrII', 'ChrV', 'ChrXV']
Standardizing features: ['Centr']
Column order in final array (Dataset/Chrom split): ['Value', 'Centromere_Distance', 'Value_Raw', 'Size_Factor']
Removing 0 empty data points out of 149512
Column order in final array (Dataset/Chrom split): ['Value', 'Centromere_Distance', 'Value_Raw', 'Size_Factor']
Column order in final array (Dataset/Chrom split): ['Value', 'Centromere_Distance', 'Value_Raw', 'Size_Factor']
Removing 0 empty data points out of 43304

Dataset sizes after preprocessing:
  Train: 149512
  Val: 0
  Test: 43304
  Eval strategy: TEST

Applied denoising with 15.0% masking

Creating test dataloader:
  Test set size: 43304
  Batch size: 32
Applied denoising with 15.0% masking
  Dataloader created: 43304 samples, 1354 batches
Number of encoder layers: 1
Number of decoder layers (excluding heads): 1
Total number of layers including latent layer: 3
Epoch [1/30], Total Loss: 1.1466, NLL: 1.1301, Masked: 16.5021, Reg: 0.091785
Epoch [2/30], Total Loss: 0.9862, NLL: 0.9716, Masked: 14.5964, Reg: 0.090119
Epoch [3/30], Total Loss: 0.9636, NLL: 0.9501, Masked: 13.4793, Reg: 0.088544
Epoch [4/30], Total Loss: 0.9377, NLL: 0.9248, Masked: 12.8812, Reg: 0.087188
Epoch [5/30], Total Loss: 0.9269, NLL: 0.9141, Masked: 12.7529, Reg: 0.085453
Epoch [6/30], Total Loss: 0.9231, NLL: 0.9104, Masked: 12.7163, Reg: 0.083504
Epoch [7/30], Total Loss: 0.9207, NLL: 0.9080, Masked: 12.6872, Reg: 0.081444
Epoch [8/30], Total Loss: 0.9163, NLL: 0.9037, Masked: 12.6197, Reg: 0.079517
Epoch [9/30], Total Loss: 0.9130, NLL: 0.9004, Masked: 12.5750, Reg: 0.077644
Epoch [10/30], Total Loss: 0.9113, NLL: 0.8988, Masked: 12.5500, Reg: 0.075781
Epoch [11/30], Total Loss: 0.9102, NLL: 0.8977, Masked: 12.5393, Reg: 0.073932
Epoch [12/30], Total Loss: 0.9091, NLL: 0.8966, Masked: 12.5210, Reg: 0.072150
Epoch [13/30], Total Loss: 0.9074, NLL: 0.8949, Masked: 12.4902, Reg: 0.070477
Epoch [14/30], Total Loss: 0.9060, NLL: 0.8935, Masked: 12.4647, Reg: 0.068847
Epoch [15/30], Total Loss: 0.9050, NLL: 0.8925, Masked: 12.4518, Reg: 0.067272
Epoch [16/30], Total Loss: 0.9036, NLL: 0.8912, Masked: 12.4250, Reg: 0.065734
Epoch [17/30], Total Loss: 0.9027, NLL: 0.8903, Masked: 12.4125, Reg: 0.064260
Epoch [18/30], Total Loss: 0.9019, NLL: 0.8895, Masked: 12.3967, Reg: 0.062810
Epoch [19/30], Total Loss: 0.9012, NLL: 0.8888, Masked: 12.3831, Reg: 0.061410
Epoch [20/30], Total Loss: 0.9004, NLL: 0.8880, Masked: 12.3670, Reg: 0.060078
Epoch [21/30], Total Loss: 0.8995, NLL: 0.8871, Masked: 12.3515, Reg: 0.058774
Epoch [22/30], Total Loss: 0.8986, NLL: 0.8863, Masked: 12.3204, Reg: 0.057536
Epoch [23/30], Total Loss: 0.8974, NLL: 0.8851, Masked: 12.3042, Reg: 0.056359
Epoch [24/30], Total Loss: 0.8963, NLL: 0.8841, Masked: 12.2805, Reg: 0.055228
Epoch [25/30], Total Loss: 0.8954, NLL: 0.8831, Masked: 12.2695, Reg: 0.054125
Epoch [26/30], Total Loss: 0.8942, NLL: 0.8820, Masked: 12.2330, Reg: 0.053075
Epoch [27/30], Total Loss: 0.8931, NLL: 0.8809, Masked: 12.2090, Reg: 0.052057
Epoch [28/30], Total Loss: 0.8924, NLL: 0.8802, Masked: 12.1965, Reg: 0.051041
Epoch [29/30], Total Loss: 0.8915, NLL: 0.8793, Masked: 12.1760, Reg: 0.050079
Epoch [30/30], Total Loss: 0.8904, NLL: 0.8782, Masked: 12.1459, Reg: 0.049176
Training loss plot saved to /workspace/AE/results/training/ZINBAE_20260225_094958_no_conv_training_losses.png
Training losses saved to /workspace/AE/results/training/ZINBAE_20260225_094958_no_conv_training_losses.json

==================================================
EVALUATING ON TRAINING DATA
==================================================

==================================================
TEST RESULTS
==================================================
Total Loss: 0.889968
  - ZINB NLL: 0.877841
Total number of masked values: 7313619
  - Number of values with pi >= 0.7: 2869323
  - Number of values with pi < 0.7: 4444296
  - Masked Reconstruction: 12.127114
  - Regularization: 0.048734
Mean Absolute Error (MAE): 3.199145
R² Score: 0.018478
==================================================

Using raw counts for evaluation metrics.
299024000 249793828 49230172
Zero imputation: 249,793,828 actual zeros, 10,780,363 imputed (4.3%), 32,264,842 false structural zeros
Number of masked values: 7313619
Masked values analysis: 7313619 masked positions, MAE=11.8821, R²=0.1955
ZINB metrics saved to /workspace/AE/results/training/ZINBAE_20260225_095015_no_conv_test_metrics.json
ZINB-specific plots saved to /workspace/AE/results/training/

==================================================
EVALUATING ON TEST DATA
Dataset size: 43304
==================================================


==================================================
TEST RESULTS
==================================================
Total Loss: 0.935902
  - ZINB NLL: 0.922009
Total number of masked values: 2210374
  - Number of values with pi >= 0.7: 834792
  - Number of values with pi < 0.7: 1375582
  - Masked Reconstruction: 13.892758
  - Regularization: 0.048734
Mean Absolute Error (MAE): 3.497081
R² Score: 0.032802
==================================================

Using raw counts for evaluation metrics.
86608000 71734214 14873786
Zero imputation: 71,734,214 actual zeros, 3,608,152 imputed (5.0%), 9,501,341 false structural zeros
Number of masked values: 2210374
Masked values analysis: 2210374 masked positions, MAE=12.3614, R²=0.1839
ZINB metrics saved to /workspace/AE/results/testing/ZINBAE_20260225_114549_no_conv_test_metrics.json
ZINB-specific plots saved to /workspace/AE/results/testing/

==================================================
MODEL SAVED: ZINBAE_20260225_121351_noconv_layers1600_ep30.pt
Location: AE/results/models/ZINBAE_20260225_121351_noconv_layers1600_ep30.pt
==================================================

