Device: cuda
Checkpoint metadata saved to: AE/results/bayesian_optimization/checkpoint_zinb_nll_20260209_163631_metadata.json

################################################################################
# Starting Bayesian Hyperparameter Optimization
# Optimizing metric: zinb_nll on VALIDATION set
# Number of trials: 150
# Initial random points: 20
# Random state: 42
# Parallel jobs: 1
# Checkpoint will be saved to: AE/results/bayesian_optimization/checkpoint_zinb_nll_20260209_163631.pkl
################################################################################

Iteration No: 1 started. Evaluating function at random point.

================================================================================
Trial with parameters:
  features: Nucl
  data_point_length: 1325
  step_size: 0.8347682502045771
  bin_size: 60
  sample_fraction: 0.5843745646401934
  moving_average: True
  first_layer_size_factor: 71
  num_layers: 2
  use_conv: True
  conv_channel: 89
  pool_size: 2
  kernel_size: 7
  epochs: 143
  batch_size: 32
  noise_level: 0.892990403362096
  pi_threshold: 0.5469926038510866
  learning_rate: 0.0006838478430964049
  dropout_rate: 0.003533152609858704
  masked_recon_weight: 0.0012366582530130826
  regularizer: l2
  regularization_weight: 0.006295450333384259
================================================================================

Creating datasets with:
  features: ['Nucl']
  bin_size: 60
  moving_average: True
  data_point_length: 1325 (from 1325)
  step_size: 1106 (from fraction 0.8347682502045771)
  layers: [np.int64(1136), np.int64(568)] (first=1136, num=2)
  stride: 1 (fixed), padding: same (fixed)


Clipping outliers using 95th percentile * 1.5...
strain_yTW001: Clipping values above 134.25 (P95=89.50). Clipped 27529/1193409 values (2.31%)
strain_FD: Clipping values above 71.92 (P95=47.94). Clipped 95791/4127807 values (2.32%)
strain_dnrp: Clipping values above 243.00 (P95=162.00). Clipped 25649/1119454 values (2.29%)
strain_yEK19: Clipping values above 77.10 (P95=51.40). Clipped 83713/3893623 values (2.15%)
strain_yEK23: Clipping values above 72.00 (P95=48.00). Clipped 86381/3558407 values (2.43%)
strain_yWT03a: Clipping values above 15.00 (P95=10.00). Clipped 10602/347679 values (3.05%)
strain_yWT04a: Clipping values above 58.50 (P95=39.00). Clipped 21095/725406 values (2.91%)
strain_ylic137: Clipping values above 142.50 (P95=95.00). Clipped 28746/1112684 values (2.58%)
Standardizing features: ['Nucl']
Column order in final array (Dataset/Chrom split): ['Value', 'Nucleosome_Distance', 'Value_Raw', 'Size_Factor']
Removing 0 empty data points out of 53240
Column order in final array (Dataset/Chrom split): ['Value', 'Nucleosome_Distance', 'Value_Raw', 'Size_Factor']
Removing 0 empty data points out of 11888
Column order in final array (Dataset/Chrom split): ['Value', 'Nucleosome_Distance', 'Value_Raw', 'Size_Factor']
Removing 0 empty data points out of 22216
Datasets created:
  Train: (53240, 1325, 4), Val: (11888, 1325, 4), Test: (22216, 1325, 4)

Randomly sampled 31112/53240 samples (58.4%)
Applied denoising with 89.3% masking
Applied denoising with 89.3% masking
Applied denoising with 89.3% masking
Epoch [1/143], Total Loss: 1.8965, NLL: 1.8931, Masked: 2.6908, Reg: 24.274779
Epoch [2/143], Total Loss: 1.8511, NLL: 1.8480, Masked: 2.4773, Reg: 10.817964
Epoch [3/143], Total Loss: 1.8105, NLL: 1.8076, Masked: 2.3312, Reg: 3.948395
Epoch [4/143], Total Loss: 1.7859, NLL: 1.7832, Masked: 2.2434, Reg: 1.104454
Epoch [5/143], Total Loss: 1.7914, NLL: 1.7886, Masked: 2.2341, Reg: 0.330670
Epoch [6/143], Total Loss: 1.7864, NLL: 1.7837, Masked: 2.2304, Reg: 0.222054
Epoch [7/143], Total Loss: 1.7841, NLL: 1.7814, Masked: 2.2246, Reg: 0.222046
Epoch [8/143], Total Loss: 1.7822, NLL: 1.7795, Masked: 2.2005, Reg: 0.222355
Epoch [9/143], Total Loss: 1.7809, NLL: 1.7782, Masked: 2.2064, Reg: 0.221531
Epoch [10/143], Total Loss: 1.7755, NLL: 1.7729, Masked: 2.1730, Reg: 0.216436
Epoch [11/143], Total Loss: 1.7781, NLL: 1.7754, Masked: 2.1790, Reg: 0.218983
Epoch [12/143], Total Loss: 1.7762, NLL: 1.7735, Masked: 2.1867, Reg: 0.219014
Epoch [13/143], Total Loss: 1.7729, NLL: 1.7703, Masked: 2.1696, Reg: 0.217695
Epoch [14/143], Total Loss: 1.7722, NLL: 1.7695, Masked: 2.1640, Reg: 0.215124
Epoch [15/143], Total Loss: 1.7764, NLL: 1.7737, Masked: 2.1736, Reg: 0.218012
Epoch [16/143], Total Loss: 1.7738, NLL: 1.7711, Masked: 2.1715, Reg: 0.217869
Epoch [17/143], Total Loss: 1.7732, NLL: 1.7705, Masked: 2.1598, Reg: 0.216924
Epoch [18/143], Total Loss: 1.7699, NLL: 1.7672, Masked: 2.1575, Reg: 0.217896
Epoch [19/143], Total Loss: 1.7736, NLL: 1.7709, Masked: 2.1723, Reg: 0.224274
Epoch [20/143], Total Loss: 1.7733, NLL: 1.7707, Masked: 2.1681, Reg: 0.216427
Epoch [21/143], Total Loss: 1.7722, NLL: 1.7695, Masked: 2.1619, Reg: 0.216529
Epoch [22/143], Total Loss: 1.7717, NLL: 1.7690, Masked: 2.1569, Reg: 0.217073
Epoch [23/143], Total Loss: 1.7714, NLL: 1.7688, Masked: 2.1624, Reg: 0.219537
Epoch [24/143], Total Loss: 1.7751, NLL: 1.7724, Masked: 2.1729, Reg: 0.219520
Epoch [25/143], Total Loss: 1.7703, NLL: 1.7676, Masked: 2.1561, Reg: 0.216645
Epoch [26/143], Total Loss: 1.7720, NLL: 1.7693, Masked: 2.1580, Reg: 0.216952
Epoch [27/143], Total Loss: 1.7751, NLL: 1.7724, Masked: 2.1738, Reg: 0.224953
Epoch [28/143], Total Loss: 1.7688, NLL: 1.7661, Masked: 2.1531, Reg: 0.213481
Epoch [29/143], Total Loss: 1.7715, NLL: 1.7688, Masked: 2.1686, Reg: 0.219629
Epoch [30/143], Total Loss: 1.7743, NLL: 1.7716, Masked: 2.1615, Reg: 0.214850
Epoch [31/143], Total Loss: 1.7763, NLL: 1.7736, Masked: 2.1784, Reg: 0.223216
Epoch [32/143], Total Loss: 1.7730, NLL: 1.7703, Masked: 2.1684, Reg: 0.215956
Epoch [33/143], Total Loss: 1.7713, NLL: 1.7686, Masked: 2.1621, Reg: 0.214611
Epoch [34/143], Total Loss: 1.7742, NLL: 1.7716, Masked: 2.1642, Reg: 0.217541
Epoch [35/143], Total Loss: 1.7720, NLL: 1.7693, Masked: 2.1666, Reg: 0.215829
Epoch [36/143], Total Loss: 1.7710, NLL: 1.7683, Masked: 2.1591, Reg: 0.218289
Epoch [37/143], Total Loss: 1.7715, NLL: 1.7689, Masked: 2.1660, Reg: 0.218511
Epoch [38/143], Total Loss: 1.7690, NLL: 1.7663, Masked: 2.1527, Reg: 0.215080
Epoch [39/143], Total Loss: 1.7732, NLL: 1.7705, Masked: 2.1723, Reg: 0.222981
Epoch [40/143], Total Loss: 1.7766, NLL: 1.7739, Masked: 2.1766, Reg: 0.218384
Epoch [41/143], Total Loss: 1.7705, NLL: 1.7678, Masked: 2.1609, Reg: 0.216022
Epoch [42/143], Total Loss: 1.7709, NLL: 1.7682, Masked: 2.1536, Reg: 0.216912
Epoch [43/143], Total Loss: 1.7720, NLL: 1.7693, Masked: 2.1619, Reg: 0.218004
Epoch [44/143], Total Loss: 1.7717, NLL: 1.7690, Masked: 2.1597, Reg: 0.217316
Epoch [45/143], Total Loss: 1.7720, NLL: 1.7693, Masked: 2.1624, Reg: 0.215296
Epoch [46/143], Total Loss: 1.7727, NLL: 1.7701, Masked: 2.1638, Reg: 0.219743
Epoch [47/143], Total Loss: 1.7704, NLL: 1.7678, Masked: 2.1543, Reg: 0.215685
Epoch [48/143], Total Loss: 1.7704, NLL: 1.7677, Masked: 2.1588, Reg: 0.215897
Epoch [49/143], Total Loss: 1.7712, NLL: 1.7686, Masked: 2.1518, Reg: 0.216849
Epoch [50/143], Total Loss: 1.7710, NLL: 1.7683, Masked: 2.1574, Reg: 0.217080
Epoch [51/143], Total Loss: 1.7701, NLL: 1.7675, Masked: 2.1584, Reg: 0.215672
Epoch [52/143], Total Loss: 1.7706, NLL: 1.7680, Masked: 2.1563, Reg: 0.219246
Epoch [53/143], Total Loss: 1.7739, NLL: 1.7712, Masked: 2.1871, Reg: 0.217654
Epoch [54/143], Total Loss: 1.7723, NLL: 1.7696, Masked: 2.1659, Reg: 0.218660
Epoch [55/143], Total Loss: 1.7693, NLL: 1.7666, Masked: 2.1544, Reg: 0.213922
Epoch [56/143], Total Loss: 1.7716, NLL: 1.7690, Masked: 2.1700, Reg: 0.215511
Epoch [57/143], Total Loss: 1.7715, NLL: 1.7689, Masked: 2.1660, Reg: 0.215478
Epoch [58/143], Total Loss: 1.7721, NLL: 1.7694, Masked: 2.1700, Reg: 0.216135
Epoch [59/143], Total Loss: 1.7735, NLL: 1.7708, Masked: 2.1639, Reg: 0.216491
Epoch [60/143], Total Loss: 1.7698, NLL: 1.7671, Masked: 2.1561, Reg: 0.216126
Epoch [61/143], Total Loss: 1.7738, NLL: 1.7711, Masked: 2.1717, Reg: 0.221486
Epoch [62/143], Total Loss: 1.7700, NLL: 1.7674, Masked: 2.1526, Reg: 0.215079
Epoch [63/143], Total Loss: 1.7697, NLL: 1.7671, Masked: 2.1536, Reg: 0.213515
Epoch [64/143], Total Loss: 1.7726, NLL: 1.7699, Masked: 2.1635, Reg: 0.216855
Epoch [65/143], Total Loss: 1.7717, NLL: 1.7690, Masked: 2.1704, Reg: 0.219895
Epoch [66/143], Total Loss: 1.7717, NLL: 1.7690, Masked: 2.1568, Reg: 0.214689
Epoch [67/143], Total Loss: 1.7685, NLL: 1.7658, Masked: 2.1508, Reg: 0.215311
Epoch [68/143], Total Loss: 1.7704, NLL: 1.7677, Masked: 2.1575, Reg: 0.217408
Epoch [69/143], Total Loss: 1.7692, NLL: 1.7665, Masked: 2.1517, Reg: 0.215820
Epoch [70/143], Total Loss: 1.7727, NLL: 1.7701, Masked: 2.1552, Reg: 0.215862
Epoch [71/143], Total Loss: 1.7699, NLL: 1.7672, Masked: 2.1614, Reg: 0.215920
Epoch [72/143], Total Loss: 1.7703, NLL: 1.7676, Masked: 2.1577, Reg: 0.216175
Epoch [73/143], Total Loss: 1.7695, NLL: 1.7669, Masked: 2.1620, Reg: 0.215915
Epoch [74/143], Total Loss: 1.7725, NLL: 1.7698, Masked: 2.1603, Reg: 0.214817
Epoch [75/143], Total Loss: 1.7700, NLL: 1.7673, Masked: 2.1642, Reg: 0.215876
Epoch [76/143], Total Loss: 1.7721, NLL: 1.7694, Masked: 2.1683, Reg: 0.215422
Epoch [77/143], Total Loss: 1.7697, NLL: 1.7671, Masked: 2.1591, Reg: 0.215502
Epoch [78/143], Total Loss: 1.7724, NLL: 1.7697, Masked: 2.1750, Reg: 0.217228
Epoch [79/143], Total Loss: 1.7708, NLL: 1.7681, Masked: 2.1621, Reg: 0.214307
Epoch [80/143], Total Loss: 1.7706, NLL: 1.7680, Masked: 2.1597, Reg: 0.216409
Epoch [81/143], Total Loss: 1.7692, NLL: 1.7665, Masked: 2.1522, Reg: 0.213624
Epoch [82/143], Total Loss: 1.7693, NLL: 1.7666, Masked: 2.1510, Reg: 0.215584
Epoch [83/143], Total Loss: 1.7714, NLL: 1.7688, Masked: 2.1535, Reg: 0.216709
Epoch [84/143], Total Loss: 1.7707, NLL: 1.7681, Masked: 2.1584, Reg: 0.215260
Epoch [85/143], Total Loss: 1.7693, NLL: 1.7666, Masked: 2.1469, Reg: 0.214184
Epoch [86/143], Total Loss: 1.7693, NLL: 1.7666, Masked: 2.1579, Reg: 0.216412
Epoch [87/143], Total Loss: 1.7679, NLL: 1.7652, Masked: 2.1443, Reg: 0.214415
Epoch [88/143], Total Loss: 1.7693, NLL: 1.7666, Masked: 2.1489, Reg: 0.214527
Epoch [89/143], Total Loss: 1.7714, NLL: 1.7687, Masked: 2.1696, Reg: 0.217841
Epoch [90/143], Total Loss: 1.7688, NLL: 1.7661, Masked: 2.1469, Reg: 0.213379
Epoch [91/143], Total Loss: 1.7692, NLL: 1.7665, Masked: 2.1489, Reg: 0.214609
Epoch [92/143], Total Loss: 1.7697, NLL: 1.7671, Masked: 2.1542, Reg: 0.215324
Epoch [93/143], Total Loss: 1.7691, NLL: 1.7664, Masked: 2.1519, Reg: 0.217018
Epoch [94/143], Total Loss: 1.7704, NLL: 1.7678, Masked: 2.1567, Reg: 0.215319
Epoch [95/143], Total Loss: 1.7709, NLL: 1.7683, Masked: 2.1582, Reg: 0.216506
Epoch [96/143], Total Loss: 1.7718, NLL: 1.7692, Masked: 2.1537, Reg: 0.213951
Epoch [97/143], Total Loss: 1.7685, NLL: 1.7658, Masked: 2.1460, Reg: 0.215070
Epoch [98/143], Total Loss: 1.7696, NLL: 1.7669, Masked: 2.1507, Reg: 0.215192
Epoch [99/143], Total Loss: 1.7690, NLL: 1.7663, Masked: 2.1510, Reg: 0.215624
Epoch [100/143], Total Loss: 1.7725, NLL: 1.7698, Masked: 2.1599, Reg: 0.217894
Epoch [101/143], Total Loss: 1.7699, NLL: 1.7673, Masked: 2.1531, Reg: 0.213682
Epoch [102/143], Total Loss: 1.7683, NLL: 1.7657, Masked: 2.1471, Reg: 0.214763
Epoch [103/143], Total Loss: 1.7717, NLL: 1.7690, Masked: 2.1587, Reg: 0.214468
Epoch [104/143], Total Loss: 1.7687, NLL: 1.7660, Masked: 2.1478, Reg: 0.216523
Epoch [105/143], Total Loss: 1.7694, NLL: 1.7667, Masked: 2.1530, Reg: 0.214968
Epoch [106/143], Total Loss: 1.7689, NLL: 1.7662, Masked: 2.1542, Reg: 0.214935
Epoch [107/143], Total Loss: 1.7703, NLL: 1.7676, Masked: 2.1580, Reg: 0.216791
Epoch [108/143], Total Loss: 1.7710, NLL: 1.7683, Masked: 2.1599, Reg: 0.214532
Epoch [109/143], Total Loss: 1.7677, NLL: 1.7651, Masked: 2.1475, Reg: 0.215192
Epoch [110/143], Total Loss: 1.7690, NLL: 1.7664, Masked: 2.1484, Reg: 0.214364
Epoch [111/143], Total Loss: 1.7685, NLL: 1.7659, Masked: 2.1510, Reg: 0.216365
Epoch [112/143], Total Loss: 1.7688, NLL: 1.7661, Masked: 2.1485, Reg: 0.215132
Epoch [113/143], Total Loss: 1.7696, NLL: 1.7669, Masked: 2.1564, Reg: 0.214956
Epoch [114/143], Total Loss: 1.7695, NLL: 1.7668, Masked: 2.1490, Reg: 0.215503
Epoch [115/143], Total Loss: 1.7693, NLL: 1.7666, Masked: 2.1498, Reg: 0.215162
Epoch [116/143], Total Loss: 1.7677, NLL: 1.7650, Masked: 2.1447, Reg: 0.215408
Epoch [117/143], Total Loss: 1.7687, NLL: 1.7660, Masked: 2.1566, Reg: 0.215688
Epoch [118/143], Total Loss: 1.7710, NLL: 1.7683, Masked: 2.1702, Reg: 0.219359
Epoch [119/143], Total Loss: 1.7721, NLL: 1.7694, Masked: 2.1633, Reg: 0.214274
Epoch [120/143], Total Loss: 1.7737, NLL: 1.7710, Masked: 2.1626, Reg: 0.216962
Epoch [121/143], Total Loss: 1.7696, NLL: 1.7670, Masked: 2.1487, Reg: 0.215178
Epoch [122/143], Total Loss: 1.7701, NLL: 1.7674, Masked: 2.1491, Reg: 0.214033
Epoch [123/143], Total Loss: 1.7720, NLL: 1.7693, Masked: 2.1814, Reg: 0.218133
Epoch [124/143], Total Loss: 1.7691, NLL: 1.7664, Masked: 2.1469, Reg: 0.214052
Epoch [125/143], Total Loss: 1.7684, NLL: 1.7657, Masked: 2.1481, Reg: 0.214861
Epoch [126/143], Total Loss: 1.7712, NLL: 1.7685, Masked: 2.1704, Reg: 0.217355
Epoch [127/143], Total Loss: 1.7694, NLL: 1.7667, Masked: 2.1507, Reg: 0.214019
Epoch [128/143], Total Loss: 1.7707, NLL: 1.7680, Masked: 2.1592, Reg: 0.216903
Epoch [129/143], Total Loss: 1.7695, NLL: 1.7668, Masked: 2.1510, Reg: 0.213321
Epoch [130/143], Total Loss: 1.7708, NLL: 1.7681, Masked: 2.1531, Reg: 0.215239
Epoch [131/143], Total Loss: 1.7695, NLL: 1.7668, Masked: 2.1496, Reg: 0.215755
Epoch [132/143], Total Loss: 1.7710, NLL: 1.7683, Masked: 2.1451, Reg: 0.215030
Epoch [133/143], Total Loss: 1.7693, NLL: 1.7666, Masked: 2.1512, Reg: 0.215290
Epoch [134/143], Total Loss: 1.7680, NLL: 1.7653, Masked: 2.1441, Reg: 0.215157
Epoch [135/143], Total Loss: 1.7694, NLL: 1.7667, Masked: 2.1512, Reg: 0.214801
Epoch [136/143], Total Loss: 1.7737, NLL: 1.7710, Masked: 2.1827, Reg: 0.216732
Epoch [137/143], Total Loss: 1.7683, NLL: 1.7657, Masked: 2.1446, Reg: 0.213398
Epoch [138/143], Total Loss: 1.7685, NLL: 1.7658, Masked: 2.1491, Reg: 0.214708
Epoch [139/143], Total Loss: 1.7698, NLL: 1.7672, Masked: 2.1486, Reg: 0.215804
Epoch [140/143], Total Loss: 1.7709, NLL: 1.7683, Masked: 2.1511, Reg: 0.214277
Epoch [141/143], Total Loss: 1.7711, NLL: 1.7685, Masked: 2.1601, Reg: 0.216013
Epoch [142/143], Total Loss: 1.7683, NLL: 1.7656, Masked: 2.1481, Reg: 0.213894
Epoch [143/143], Total Loss: 1.7716, NLL: 1.7690, Masked: 2.1597, Reg: 0.214633

==================================================
EVALUATING ON TRAINING DATA
==================================================

==================================================
TEST RESULTS
==================================================
Total Loss: 1.764870
  - ZINB NLL: 1.762216
Total number of masked values: 31957638
  - Number of values with pi >= 0.5469926038510866: 0
  - Number of values with pi < 0.5469926038510866: 31957638
  - Masked Reconstruction: 2.146009
  - Regularization: 0.216078
Mean Absolute Error (MAE): 2.051079
R² Score: 0.340413
==================================================


==================================================
TEST RESULTS
==================================================
Total Loss: 1.819906
  - ZINB NLL: 1.817217
Total number of masked values: 12272703
  - Number of values with pi >= 0.5469926038510866: 0
  - Number of values with pi < 0.5469926038510866: 12272703
  - Masked Reconstruction: 2.174726
  - Regularization: 0.216078
Mean Absolute Error (MAE): 2.143399
R² Score: 0.281642
==================================================


>>> Optimizing zinb_nll on VALIDATION set: 1.817217
>>> Full validation metrics: {'total_loss': 1.8199060781486582, 'zinb_nll': 1.8172166799953455, 'mae': 2.1433987617492676, 'r2': 0.2816418409347534, 'masked_loss': 2.1747263368334457, 'reg_loss': 0.21607841729886132}

Iteration No: 1 ended. Evaluation done at random point.
Time taken: 2954.0405
Function value obtained: 1.8172
Current minimum: 1.8172
Iteration No: 2 started. Evaluating function at random point.

================================================================================
Trial with parameters:
  features: Centr_Nucl
  data_point_length: 4882
  step_size: 0.42457850532272823
  bin_size: 10
  sample_fraction: 0.7137895069998156
  moving_average: True
  first_layer_size_factor: 148
  num_layers: 3
  use_conv: False
  conv_channel: 92
  pool_size: 5
  kernel_size: 3
  epochs: 143
  batch_size: 64
  noise_level: 0.34687485228592463
  pi_threshold: 0.30638650088808567
  learning_rate: 4.9281222976955033e-05
  dropout_rate: 0.12051273301300588
  masked_recon_weight: 0.5408216580718497
  regularizer: l2
  regularization_weight: 6.7977373780145784
================================================================================

Creating datasets with:
  features: ['Centr', 'Nucl']
  bin_size: 10
  moving_average: True
  data_point_length: 4882 (from 4882)
  step_size: 2072 (from fraction 0.42457850532272823)
  layers: [np.int64(2368), np.int64(1184), np.int64(592)] (first=2368, num=3)
  stride: 1 (fixed), padding: same (fixed)


Clipping outliers using 95th percentile * 1.5...
strain_yTW001: Clipping values above 134.25 (P95=89.50). Clipped 27529/1193409 values (2.31%)
strain_FD: Clipping values above 71.92 (P95=47.94). Clipped 95791/4127807 values (2.32%)
strain_dnrp: Clipping values above 243.00 (P95=162.00). Clipped 25649/1119454 values (2.29%)
strain_yEK19: Clipping values above 77.10 (P95=51.40). Clipped 83713/3893623 values (2.15%)
strain_yEK23: Clipping values above 72.00 (P95=48.00). Clipped 86381/3558407 values (2.43%)
strain_yWT03a: Clipping values above 15.00 (P95=10.00). Clipped 10602/347679 values (3.05%)
strain_yWT04a: Clipping values above 58.50 (P95=39.00). Clipped 21095/725406 values (2.91%)
strain_ylic137: Clipping values above 142.50 (P95=95.00). Clipped 28746/1112684 values (2.58%)
Standardizing features: ['Centr', 'Nucl']
Column order in final array (Dataset/Chrom split): ['Value', 'Nucleosome_Distance', 'Centromere_Distance', 'Value_Raw', 'Size_Factor']
Removing 0 empty data points out of 28352
Column order in final array (Dataset/Chrom split): ['Value', 'Nucleosome_Distance', 'Centromere_Distance', 'Value_Raw', 'Size_Factor']
Removing 0 empty data points out of 6320
Column order in final array (Dataset/Chrom split): ['Value', 'Nucleosome_Distance', 'Centromere_Distance', 'Value_Raw', 'Size_Factor']
Removing 0 empty data points out of 11832
Datasets created:
  Train: (28352, 4882, 5), Val: (6320, 4882, 5), Test: (11832, 4882, 5)

Randomly sampled 20237/28352 samples (71.4%)
Applied denoising with 34.7% masking
Applied denoising with 34.7% masking
Applied denoising with 34.7% masking
Epoch [1/143], Total Loss: 19.2099, NLL: 2.7380, Masked: 30.4573, Reg: 138403.259845
Epoch [2/143], Total Loss: 19.1997, NLL: 2.7355, Masked: 30.4429, Reg: 130660.811318
Epoch [3/143], Total Loss: 19.1988, NLL: 2.7330, Masked: 30.4458, Reg: 127792.056090
Epoch [4/143], Total Loss: 19.2015, NLL: 2.7306, Masked: 30.4554, Reg: 125655.462621
Epoch [5/143], Total Loss: 19.1933, NLL: 2.7281, Masked: 30.4448, Reg: 123652.548090
Epoch [6/143], Total Loss: 19.1857, NLL: 2.7257, Masked: 30.4351, Reg: 121686.071432
Epoch [7/143], Total Loss: 19.1943, NLL: 2.7233, Masked: 30.4557, Reg: 119741.003601
Epoch [8/143], Total Loss: 19.1909, NLL: 2.7208, Masked: 30.4538, Reg: 117814.895042
Epoch [9/143], Total Loss: 19.1869, NLL: 2.7184, Masked: 30.4508, Reg: 115907.913239
Epoch [10/143], Total Loss: 19.1771, NLL: 2.7161, Masked: 30.4370, Reg: 114017.750947
Epoch [11/143], Total Loss: 19.1804, NLL: 2.7137, Masked: 30.4476, Reg: 112146.577428
Epoch [12/143], Total Loss: 19.1802, NLL: 2.7113, Masked: 30.4515, Reg: 110291.565991
Epoch [13/143], Total Loss: 19.1736, NLL: 2.7090, Masked: 30.4438, Reg: 108452.853508
Epoch [14/143], Total Loss: 19.1733, NLL: 2.7066, Masked: 30.4475, Reg: 106632.924042
Epoch [15/143], Total Loss: 19.1769, NLL: 2.7043, Masked: 30.4584, Reg: 104828.739383
Epoch [16/143], Total Loss: 19.1633, NLL: 2.7020, Masked: 30.4377, Reg: 103039.948088
Epoch [17/143], Total Loss: 19.1719, NLL: 2.6997, Masked: 30.4578, Reg: 101266.551110
Epoch [18/143], Total Loss: 19.1720, NLL: 2.6974, Masked: 30.4623, Reg: 99510.039317
Epoch [19/143], Total Loss: 19.1675, NLL: 2.6951, Masked: 30.4580, Reg: 97771.659145
Epoch [20/143], Total Loss: 19.1576, NLL: 2.6929, Masked: 30.4439, Reg: 96048.658044
Epoch [21/143], Total Loss: 19.1525, NLL: 2.6906, Masked: 30.4387, Reg: 94340.975475
Epoch [22/143], Total Loss: 19.1564, NLL: 2.6884, Masked: 30.4500, Reg: 92648.609111
Epoch [23/143], Total Loss: 19.1549, NLL: 2.6862, Masked: 30.4513, Reg: 90971.560797
Epoch [24/143], Total Loss: 19.1468, NLL: 2.6839, Masked: 30.4405, Reg: 89309.829524
Epoch [25/143], Total Loss: 19.1592, NLL: 2.6817, Masked: 30.4674, Reg: 87663.429798
Epoch [26/143], Total Loss: 19.1513, NLL: 2.6796, Masked: 30.4568, Reg: 86034.677437
Epoch [27/143], Total Loss: 19.1408, NLL: 2.6774, Masked: 30.4415, Reg: 84422.875996
Epoch [28/143], Total Loss: 19.1420, NLL: 2.6753, Masked: 30.4475, Reg: 82826.316994
Epoch [29/143], Total Loss: 19.1373, NLL: 2.6731, Masked: 30.4428, Reg: 81244.998375
Epoch [30/143], Total Loss: 19.1363, NLL: 2.6710, Masked: 30.4449, Reg: 79678.921415
Epoch [31/143], Total Loss: 19.1406, NLL: 2.6689, Masked: 30.4567, Reg: 78128.084661
Epoch [32/143], Total Loss: 19.1348, NLL: 2.6669, Masked: 30.4499, Reg: 76592.489998
Epoch [33/143], Total Loss: 19.1260, NLL: 2.6648, Masked: 30.4374, Reg: 75072.136344
Epoch [34/143], Total Loss: 19.1346, NLL: 2.6628, Masked: 30.4571, Reg: 73567.934151
Epoch [35/143], Total Loss: 19.1271, NLL: 2.6607, Masked: 30.4469, Reg: 72081.583390
Epoch [36/143], Total Loss: 19.1253, NLL: 2.6587, Masked: 30.4473, Reg: 70610.566472
Epoch [37/143], Total Loss: 19.1233, NLL: 2.6568, Masked: 30.4472, Reg: 69154.713824
Epoch [38/143], Total Loss: 19.1227, NLL: 2.6548, Masked: 30.4497, Reg: 67714.028271
Epoch [39/143], Total Loss: 19.1148, NLL: 2.6529, Masked: 30.4387, Reg: 66288.506892
Epoch [40/143], Total Loss: 19.1231, NLL: 2.6509, Masked: 30.4576, Reg: 64878.150835
Epoch [41/143], Total Loss: 19.1202, NLL: 2.6490, Masked: 30.4558, Reg: 63483.093278
Epoch [42/143], Total Loss: 19.1205, NLL: 2.6472, Masked: 30.4599, Reg: 62105.602090
Epoch [43/143], Total Loss: 19.1172, NLL: 2.6453, Masked: 30.4572, Reg: 60744.104804
Epoch [44/143], Total Loss: 19.1121, NLL: 2.6435, Masked: 30.4512, Reg: 59397.698762
Epoch [45/143], Total Loss: 19.1115, NLL: 2.6417, Masked: 30.4533, Reg: 58066.381833
Epoch [46/143], Total Loss: 19.1053, NLL: 2.6399, Masked: 30.4452, Reg: 56750.153607
Epoch [47/143], Total Loss: 19.1040, NLL: 2.6381, Masked: 30.4461, Reg: 55449.013571
Epoch [48/143], Total Loss: 19.1063, NLL: 2.6364, Masked: 30.4535, Reg: 54164.034099
Epoch [49/143], Total Loss: 19.1019, NLL: 2.6347, Masked: 30.4485, Reg: 52896.177092
Epoch [50/143], Total Loss: 19.0987, NLL: 2.6330, Masked: 30.4457, Reg: 51643.386724
Epoch [51/143], Total Loss: 19.0914, NLL: 2.6313, Masked: 30.4354, Reg: 50405.610065
Epoch [52/143], Total Loss: 19.1014, NLL: 2.6297, Masked: 30.4569, Reg: 49182.847895
Epoch [53/143], Total Loss: 19.0904, NLL: 2.6281, Masked: 30.4396, Reg: 47975.136512
Epoch [54/143], Total Loss: 19.1047, NLL: 2.6265, Masked: 30.4689, Reg: 46784.321072
Epoch [55/143], Total Loss: 19.0904, NLL: 2.6249, Masked: 30.4453, Reg: 45609.516020
Epoch [56/143], Total Loss: 19.0960, NLL: 2.6234, Masked: 30.4585, Reg: 44449.650134
Epoch [57/143], Total Loss: 19.0906, NLL: 2.6219, Masked: 30.4513, Reg: 43304.722543
Epoch [58/143], Total Loss: 19.0863, NLL: 2.6204, Masked: 30.4460, Reg: 42174.767137
Epoch [59/143], Total Loss: 19.0902, NLL: 2.6189, Masked: 30.4560, Reg: 41061.507230
Epoch [60/143], Total Loss: 19.0841, NLL: 2.6175, Masked: 30.4472, Reg: 39964.123485
Epoch [61/143], Total Loss: 19.0811, NLL: 2.6161, Masked: 30.4444, Reg: 38881.603129
Epoch [62/143], Total Loss: 19.0848, NLL: 2.6148, Masked: 30.4536, Reg: 37813.946908
Epoch [63/143], Total Loss: 19.0862, NLL: 2.6134, Masked: 30.4587, Reg: 36761.797963
Epoch [64/143], Total Loss: 19.0723, NLL: 2.6121, Masked: 30.4354, Reg: 35726.344991
Epoch [65/143], Total Loss: 19.0738, NLL: 2.6109, Masked: 30.4406, Reg: 34705.798936
Epoch [66/143], Total Loss: 19.0833, NLL: 2.6096, Masked: 30.4604, Reg: 33700.040937
Epoch [67/143], Total Loss: 19.0753, NLL: 2.6084, Masked: 30.4480, Reg: 32709.673607
Epoch [68/143], Total Loss: 19.0779, NLL: 2.6072, Masked: 30.4549, Reg: 31735.071626
Epoch [69/143], Total Loss: 19.0688, NLL: 2.6061, Masked: 30.4401, Reg: 30776.029394
Epoch [70/143], Total Loss: 19.0681, NLL: 2.6050, Masked: 30.4409, Reg: 29832.289960
Epoch [71/143], Total Loss: 19.0717, NLL: 2.6039, Masked: 30.4495, Reg: 28903.906564
Epoch [72/143], Total Loss: 19.0728, NLL: 2.6028, Masked: 30.4535, Reg: 27990.993883
Epoch [73/143], Total Loss: 19.0739, NLL: 2.6018, Masked: 30.4574, Reg: 27093.265412
Epoch [74/143], Total Loss: 19.0712, NLL: 2.6008, Masked: 30.4543, Reg: 26210.990813
Epoch [75/143], Total Loss: 19.0697, NLL: 2.5999, Masked: 30.4532, Reg: 25344.015336
Epoch [76/143], Total Loss: 19.0664, NLL: 2.5990, Masked: 30.4488, Reg: 24492.270835
Epoch [77/143], Total Loss: 19.0634, NLL: 2.5981, Masked: 30.4449, Reg: 23655.886791
Epoch [78/143], Total Loss: 19.0586, NLL: 2.5973, Masked: 30.4376, Reg: 22834.786702
Epoch [79/143], Total Loss: 9.6561, NLL: 2.5966, Masked: 13.0533, Reg: 22028.872127
Epoch [80/143], Total Loss: 4.7846, NLL: 2.5959, Masked: 4.0469, Reg: 21238.225852
Epoch [81/143], Total Loss: 4.7814, NLL: 2.5952, Masked: 4.0424, Reg: 20462.822172
Epoch [82/143], Total Loss: 4.7815, NLL: 2.5945, Masked: 4.0438, Reg: 19702.625633
Epoch [83/143], Total Loss: 4.7825, NLL: 2.5938, Masked: 4.0470, Reg: 18957.608315
Epoch [84/143], Total Loss: 4.7809, NLL: 2.5932, Masked: 4.0451, Reg: 18227.744386
Epoch [85/143], Total Loss: 4.7804, NLL: 2.5926, Masked: 4.0453, Reg: 17513.032280
Epoch [86/143], Total Loss: 4.7791, NLL: 2.5920, Masked: 4.0440, Reg: 16813.449217
Epoch [87/143], Total Loss: 4.7793, NLL: 2.5915, Masked: 4.0453, Reg: 16128.972113
Epoch [88/143], Total Loss: 4.7778, NLL: 2.5910, Masked: 4.0434, Reg: 15459.577719
Epoch [89/143], Total Loss: 4.7784, NLL: 2.5906, Masked: 4.0454, Reg: 14805.241656
Epoch [90/143], Total Loss: 4.7767, NLL: 2.5902, Masked: 4.0431, Reg: 14165.938162
Epoch [91/143], Total Loss: 4.7774, NLL: 2.5898, Masked: 4.0450, Reg: 13541.644063
Epoch [92/143], Total Loss: 4.7750, NLL: 2.5894, Masked: 4.0413, Reg: 12932.343611
Epoch [93/143], Total Loss: 4.7755, NLL: 2.5891, Masked: 4.0426, Reg: 12337.996181
Epoch [94/143], Total Loss: 4.7759, NLL: 2.5889, Masked: 4.0439, Reg: 11758.567418
Epoch [95/143], Total Loss: 4.7778, NLL: 2.5887, Masked: 4.0478, Reg: 11194.039047
Epoch [96/143], Total Loss: 4.7752, NLL: 2.5885, Masked: 4.0434, Reg: 10644.389320
Epoch [97/143], Total Loss: 4.7759, NLL: 2.5883, Masked: 4.0449, Reg: 10109.554860
Epoch [98/143], Total Loss: 4.7771, NLL: 2.5882, Masked: 4.0472, Reg: 9589.537844
Epoch [99/143], Total Loss: 4.7762, NLL: 2.5881, Masked: 4.0458, Reg: 9084.269907
Epoch [100/143], Total Loss: 4.7743, NLL: 2.5881, Masked: 4.0424, Reg: 8593.734256
Epoch [101/143], Total Loss: 4.7763, NLL: 2.5881, Masked: 4.0460, Reg: 8117.897535
Epoch [102/143], Total Loss: 4.7762, NLL: 2.5882, Masked: 4.0457, Reg: 7656.692289
Epoch [103/143], Total Loss: 4.7745, NLL: 2.5883, Masked: 4.0424, Reg: 7210.088786
Epoch [104/143], Total Loss: 4.7762, NLL: 2.5884, Masked: 4.0454, Reg: 6778.039248
Epoch [105/143], Total Loss: 4.7762, NLL: 2.5885, Masked: 4.0451, Reg: 6360.495707
Epoch [106/143], Total Loss: 4.7763, NLL: 2.5887, Masked: 4.0450, Reg: 5957.407651
Epoch [107/143], Total Loss: 4.7766, NLL: 2.5890, Masked: 4.0450, Reg: 5568.718420
Epoch [108/143], Total Loss: 4.7784, NLL: 2.5892, Masked: 4.0479, Reg: 5194.371925
Epoch [109/143], Total Loss: 4.7749, NLL: 2.5895, Masked: 4.0408, Reg: 4834.305608
Epoch [110/143], Total Loss: 4.7782, NLL: 2.5899, Masked: 4.0462, Reg: 4488.453644
Epoch [111/143], Total Loss: 4.7793, NLL: 2.5903, Masked: 4.0476, Reg: 4156.746461
Epoch [112/143], Total Loss: 4.7782, NLL: 2.5907, Masked: 4.0448, Reg: 3839.109796
Epoch [113/143], Total Loss: 4.7784, NLL: 2.5912, Masked: 4.0443, Reg: 3535.465035
Epoch [114/143], Total Loss: 4.7794, NLL: 2.5916, Masked: 4.0452, Reg: 3245.725805
Epoch [115/143], Total Loss: 4.7788, NLL: 2.5922, Masked: 4.0433, Reg: 2969.801709
Epoch [116/143], Total Loss: 4.7807, NLL: 2.5927, Masked: 4.0457, Reg: 2707.594291
Epoch [117/143], Total Loss: 4.7802, NLL: 2.5933, Masked: 4.0437, Reg: 2458.997464
Epoch [118/143], Total Loss: 4.7797, NLL: 2.5939, Masked: 4.0416, Reg: 2223.897622
Epoch [119/143], Total Loss: 4.7810, NLL: 2.5946, Masked: 4.0428, Reg: 2002.171420
Epoch [120/143], Total Loss: 4.7838, NLL: 2.5953, Masked: 4.0466, Reg: 1793.683522
Epoch [121/143], Total Loss: 4.7836, NLL: 2.5960, Masked: 4.0450, Reg: 1598.289205
Epoch [122/143], Total Loss: 4.7844, NLL: 2.5967, Masked: 4.0451, Reg: 1415.829107
Epoch [123/143], Total Loss: 4.7835, NLL: 2.5975, Masked: 4.0420, Reg: 1246.129279
Epoch [124/143], Total Loss: 4.7863, NLL: 2.5983, Masked: 4.0457, Reg: 1088.999158
Epoch [125/143], Total Loss: 4.7860, NLL: 2.5991, Masked: 4.0436, Reg: 944.229268
Epoch [126/143], Total Loss: 4.7866, NLL: 2.6000, Masked: 4.0432, Reg: 811.587745
Epoch [127/143], Total Loss: 4.7892, NLL: 2.6008, Masked: 4.0464, Reg: 690.818894
Epoch [128/143], Total Loss: 4.7885, NLL: 2.6017, Masked: 4.0434, Reg: 581.638748
Epoch [129/143], Total Loss: 4.7892, NLL: 2.6026, Masked: 4.0432, Reg: 483.731248
Epoch [130/143], Total Loss: 4.7929, NLL: 2.6035, Masked: 4.0483, Reg: 396.743632
Epoch [131/143], Total Loss: 4.7918, NLL: 2.6044, Masked: 4.0446, Reg: 320.281279
Epoch [132/143], Total Loss: 4.7931, NLL: 2.6053, Masked: 4.0453, Reg: 253.901971
Epoch [133/143], Total Loss: 4.7919, NLL: 2.6062, Masked: 4.0415, Reg: 197.109616
Epoch [134/143], Total Loss: 4.7943, NLL: 2.6070, Masked: 4.0443, Reg: 149.347907
Epoch [135/143], Total Loss: 4.7962, NLL: 2.6079, Masked: 4.0462, Reg: 109.993242
Epoch [136/143], Total Loss: 4.7944, NLL: 2.6087, Masked: 4.0415, Reg: 78.350465
Epoch [137/143], Total Loss: 4.7950, NLL: 2.6095, Masked: 4.0411, Reg: 53.649892
Epoch [138/143], Total Loss: 4.7980, NLL: 2.6102, Masked: 4.0454, Reg: 35.049711
Epoch [139/143], Total Loss: 4.7998, NLL: 2.6109, Masked: 4.0474, Reg: 21.646253
Epoch [140/143], Total Loss: 4.7983, NLL: 2.6115, Masked: 4.0434, Reg: 12.495926
Epoch [141/143], Total Loss: 4.7993, NLL: 2.6120, Masked: 4.0444, Reg: 6.651276
Epoch [142/143], Total Loss: 4.8010, NLL: 2.6124, Masked: 4.0468, Reg: 3.211296
Epoch [143/143], Total Loss: 4.7999, NLL: 2.6128, Masked: 4.0440, Reg: 1.379488

==================================================
EVALUATING ON TRAINING DATA
==================================================

==================================================
TEST RESULTS
==================================================
Total Loss: 4.801205
  - ZINB NLL: 2.612915
Total number of masked values: 19170645
  - Number of values with pi >= 0.30638650088808567: 19170645
  - Number of values with pi < 0.30638650088808567: 0
  - Masked Reconstruction: 4.046232
  - Regularization: 0.828345
Mean Absolute Error (MAE): 2.266574
R² Score: -0.142020
==================================================


==================================================
TEST RESULTS
==================================================
Total Loss: 4.740848
  - ZINB NLL: 2.649275
Total number of masked values: 6099092
  - Number of values with pi >= 0.30638650088808567: 6099092
  - Number of values with pi < 0.30638650088808567: 0
  - Masked Reconstruction: 3.867398
  - Regularization: 0.828345
Mean Absolute Error (MAE): 2.428147
R² Score: -0.167763
==================================================


>>> Optimizing zinb_nll on VALIDATION set: 2.649275
>>> Full validation metrics: {'total_loss': 4.740847763230529, 'zinb_nll': 2.6492748858053474, 'mae': 2.428147077560425, 'r2': -0.167763352394104, 'masked_loss': 3.8673984111109867, 'reg_loss': 0.8283449105359613}

Iteration No: 2 ended. Evaluation done at random point.
Time taken: 1224.9073
Function value obtained: 2.6493
Current minimum: 1.8172
Iteration No: 3 started. Evaluating function at random point.

================================================================================
Trial with parameters:
  features: Centr_Nucl
  data_point_length: 2260
  step_size: 0.3866770658410468
  bin_size: 76
  sample_fraction: 0.5688669058684336
  moving_average: True
  first_layer_size_factor: 87
  num_layers: 1
