Device: cuda

================================================================================
Resuming from checkpoint: AE/results/bayesian_optimization/checkpoints/checkpoint_zinb_nll_20260211_112559.pkl
================================================================================

Loaded 60 previous trials
Best score so far: 0.708859


################################################################################
# Starting Bayesian Hyperparameter Optimization
# Optimizing metric: zinb_nll on VALIDATION set
# Number of trials: 150
# Initial random points: 20
# Random state: 42
# Parallel jobs: 1
# Checkpoint will be saved to: AE/results/bayesian_optimization/checkpoints/checkpoint_zinb_nll_20260213_103157.pkl
# Resuming with 60 previous trials
################################################################################

Iteration No: 1 started. Evaluating function at random point.
Iteration No: 1 ended. Evaluation done at random point.
Time taken: 0.0019
Function value obtained: 0.7089
Current minimum: 0.7089
Iteration No: 2 started. Evaluating function at random point.

================================================================================
Trial with parameters:
  features: Nucl
  data_point_length: 1325
  step_size: 0.8347682502045771
  bin_size: 60
  sample_fraction: 0.5843745646401934
  moving_average: True
  first_layer_size_factor: 71
  num_layers: 2
  use_conv: True
  conv_channel: 89
  pool_size: 2
  kernel_size: 7
  epochs: 143
  batch_size: 32
  pi_threshold: 0.6968846237164871
  learning_rate: 0.0007119418600172992
  dropout_rate: 0.3058265802441405
  masked_recon_weight: 0.0010672476836323717
  regularizer: l1
  regularization_weight: 0.04714358681860233
================================================================================

Creating datasets with:
  features: ['Nucl']
  bin_size: 60
  moving_average: True
  data_point_length: 1325 (from 1325)
  step_size: 1106 (from fraction 0.8347682502045771)
  layers: [np.int64(1136), np.int64(568)] (first=1136, num=2)
  stride: 1 (fixed), padding: same (fixed)


Clipping outliers using 95th percentile * 1.5...
strain_yTW001: Clipping values above 134.25 (P95=89.50). Clipped 27529/1193409 values (2.31%)
strain_FD: Clipping values above 71.92 (P95=47.94). Clipped 95791/4127807 values (2.32%)
strain_dnrp: Clipping values above 243.00 (P95=162.00). Clipped 25649/1119454 values (2.29%)
strain_yEK19: Clipping values above 77.10 (P95=51.40). Clipped 83713/3893623 values (2.15%)
strain_yEK23: Clipping values above 72.00 (P95=48.00). Clipped 86381/3558407 values (2.43%)
strain_yWT03a: Clipping values above 15.00 (P95=10.00). Clipped 10602/347679 values (3.05%)
strain_yWT04a: Clipping values above 58.50 (P95=39.00). Clipped 21095/725406 values (2.91%)
strain_ylic137: Clipping values above 142.50 (P95=95.00). Clipped 28746/1112684 values (2.58%)
Standardizing features: ['Nucl']
Column order in final array (Dataset/Chrom split): ['Value', 'Nucleosome_Distance', 'Value_Raw', 'Size_Factor']
Removing 0 empty data points out of 40432
Column order in final array (Dataset/Chrom split): ['Value', 'Nucleosome_Distance', 'Value_Raw', 'Size_Factor']
Removing 0 empty data points out of 22360
Column order in final array (Dataset/Chrom split): ['Value', 'Nucleosome_Distance', 'Value_Raw', 'Size_Factor']
Removing 0 empty data points out of 24552
Datasets created:
  Train: (40432, 1325, 4), Val: (22360, 1325, 4), Test: (24552, 1325, 4)

Randomly sampled 23627/40432 samples (58.4%)
Applied denoising with 15.0% masking
Applied denoising with 15.0% masking
Applied denoising with 15.0% masking
Epoch [1/143], Total Loss: 516.0084, NLL: 3.1534, Masked: 27.3494, Reg: 512.825812
Epoch [2/143], Total Loss: 404.5439, NLL: 3.2082, Masked: 27.3478, Reg: 401.306584
Epoch [3/143], Total Loss: 371.7372, NLL: 3.3057, Masked: 27.3559, Reg: 368.402244
Epoch [4/143], Total Loss: 339.7534, NLL: 3.4552, Masked: 27.3619, Reg: 336.269059
Epoch [5/143], Total Loss: 328.9580, NLL: 3.5160, Masked: 27.3483, Reg: 325.412724
Epoch [6/143], Total Loss: 329.0727, NLL: 3.5160, Masked: 27.3509, Reg: 325.527429
Epoch [7/143], Total Loss: 329.0612, NLL: 3.5160, Masked: 27.3590, Reg: 325.516010
Epoch [8/143], Total Loss: 328.9983, NLL: 3.5160, Masked: 27.3549, Reg: 325.453041
Epoch [9/143], Total Loss: 328.9880, NLL: 3.5160, Masked: 27.3560, Reg: 325.442765
Epoch [10/143], Total Loss: 328.8808, NLL: 3.5160, Masked: 27.3553, Reg: 325.335561
Epoch [11/143], Total Loss: 328.9832, NLL: 3.5160, Masked: 27.3466, Reg: 325.437925
Epoch [12/143], Total Loss: 328.9288, NLL: 3.5160, Masked: 27.3584, Reg: 325.383545
Epoch [13/143], Total Loss: 328.9184, NLL: 3.5160, Masked: 27.3543, Reg: 325.373206
Epoch [14/143], Total Loss: 328.8756, NLL: 3.5160, Masked: 27.3580, Reg: 325.330359
Epoch [15/143], Total Loss: 328.8585, NLL: 3.5160, Masked: 27.3526, Reg: 325.313221
Epoch [16/143], Total Loss: 328.8654, NLL: 3.5160, Masked: 27.3544, Reg: 325.320176
Epoch [17/143], Total Loss: 328.8184, NLL: 3.5160, Masked: 27.3537, Reg: 325.273135
Epoch [18/143], Total Loss: 328.8826, NLL: 3.5160, Masked: 27.3582, Reg: 325.337330
Epoch [19/143], Total Loss: 328.7674, NLL: 3.5160, Masked: 27.3541, Reg: 325.222164
Epoch [20/143], Total Loss: 328.7379, NLL: 3.5160, Masked: 27.3609, Reg: 325.192633
Epoch [21/143], Total Loss: 328.7674, NLL: 3.5160, Masked: 27.3568, Reg: 325.222175
Epoch [22/143], Total Loss: 328.7639, NLL: 3.5160, Masked: 27.3519, Reg: 325.218677
Epoch [23/143], Total Loss: 328.8093, NLL: 3.5160, Masked: 27.3494, Reg: 325.264058
Epoch [24/143], Total Loss: 328.7031, NLL: 3.5160, Masked: 27.3505, Reg: 325.157916
Epoch [25/143], Total Loss: 328.6756, NLL: 3.5160, Masked: 27.3525, Reg: 325.130320
Epoch [26/143], Total Loss: 328.7161, NLL: 3.5160, Masked: 27.3493, Reg: 325.170903
Epoch [27/143], Total Loss: 328.7305, NLL: 3.5160, Masked: 27.3536, Reg: 325.185267
Epoch [28/143], Total Loss: 328.6441, NLL: 3.5160, Masked: 27.3523, Reg: 325.098914
Epoch [29/143], Total Loss: 328.6609, NLL: 3.5160, Masked: 27.3610, Reg: 325.115658
Epoch [30/143], Total Loss: 328.6068, NLL: 3.5160, Masked: 27.3564, Reg: 325.061521
Epoch [31/143], Total Loss: 328.6472, NLL: 3.5160, Masked: 27.3494, Reg: 325.101982
Epoch [32/143], Total Loss: 328.6995, NLL: 3.5160, Masked: 27.3515, Reg: 325.154242
Epoch [33/143], Total Loss: 328.5424, NLL: 3.5160, Masked: 27.3600, Reg: 324.997187
Epoch [34/143], Total Loss: 328.6486, NLL: 3.5160, Masked: 27.3549, Reg: 325.103333
Epoch [35/143], Total Loss: 328.5676, NLL: 3.5160, Masked: 27.3547, Reg: 325.022363
Epoch [36/143], Total Loss: 328.5591, NLL: 3.5160, Masked: 27.3621, Reg: 325.013897
Epoch [37/143], Total Loss: 328.6410, NLL: 3.5160, Masked: 27.3528, Reg: 325.095778
Epoch [38/143], Total Loss: 328.5188, NLL: 3.5160, Masked: 27.3544, Reg: 324.973552
Epoch [39/143], Total Loss: 328.5539, NLL: 3.5160, Masked: 27.3522, Reg: 325.008717
Epoch [40/143], Total Loss: 328.4991, NLL: 3.5160, Masked: 27.3532, Reg: 324.953867
Epoch [41/143], Total Loss: 328.4980, NLL: 3.5160, Masked: 27.3492, Reg: 324.952819
Epoch [42/143], Total Loss: 328.5678, NLL: 3.5160, Masked: 27.3526, Reg: 325.022555
Epoch [43/143], Total Loss: 328.5074, NLL: 3.5160, Masked: 27.3550, Reg: 324.962158
Epoch [44/143], Total Loss: 328.4544, NLL: 3.5160, Masked: 27.3524, Reg: 324.909170
Epoch [45/143], Total Loss: 328.4723, NLL: 3.5160, Masked: 27.3559, Reg: 324.927076
Epoch [46/143], Total Loss: 328.4876, NLL: 3.5160, Masked: 27.3511, Reg: 324.942386
Epoch [47/143], Total Loss: 328.4819, NLL: 3.5160, Masked: 27.3577, Reg: 324.936667
Epoch [48/143], Total Loss: 328.4904, NLL: 3.5160, Masked: 27.3508, Reg: 324.945156
Epoch [49/143], Total Loss: 328.3595, NLL: 3.5160, Masked: 27.3498, Reg: 324.814302
Epoch [50/143], Total Loss: 328.4372, NLL: 3.5160, Masked: 27.3556, Reg: 324.891954
Epoch [51/143], Total Loss: 328.4484, NLL: 3.5160, Masked: 27.3570, Reg: 324.903119
Epoch [52/143], Total Loss: 328.3833, NLL: 3.5160, Masked: 27.3525, Reg: 324.838118
Epoch [53/143], Total Loss: 328.4627, NLL: 3.5160, Masked: 27.3489, Reg: 324.917468
Epoch [54/143], Total Loss: 328.3595, NLL: 3.5160, Masked: 27.3567, Reg: 324.814221
Epoch [55/143], Total Loss: 328.4040, NLL: 3.5160, Masked: 27.3516, Reg: 324.858756
Epoch [56/143], Total Loss: 328.4035, NLL: 3.5160, Masked: 27.3530, Reg: 324.858255
Epoch [57/143], Total Loss: 328.3547, NLL: 3.5160, Masked: 27.3629, Reg: 324.809420
Epoch [58/143], Total Loss: 328.3979, NLL: 3.5160, Masked: 27.3477, Reg: 324.852696
Epoch [59/143], Total Loss: 328.3187, NLL: 3.5160, Masked: 27.3516, Reg: 324.773508
Epoch [60/143], Total Loss: 328.3374, NLL: 3.5160, Masked: 27.3463, Reg: 324.792195
Epoch [61/143], Total Loss: 328.3309, NLL: 3.5160, Masked: 27.3530, Reg: 324.785640
Epoch [62/143], Total Loss: 328.3456, NLL: 3.5160, Masked: 27.3445, Reg: 324.800394
Epoch [63/143], Total Loss: 328.3073, NLL: 3.5160, Masked: 27.3487, Reg: 324.762037
Epoch [64/143], Total Loss: 328.2887, NLL: 3.5160, Masked: 27.3563, Reg: 324.743504
Epoch [65/143], Total Loss: 328.3168, NLL: 3.5160, Masked: 27.3507, Reg: 324.771592
Epoch [66/143], Total Loss: 328.2707, NLL: 3.5160, Masked: 27.3517, Reg: 324.725450
Epoch [67/143], Total Loss: 328.3263, NLL: 3.5160, Masked: 27.3507, Reg: 324.781060
Epoch [68/143], Total Loss: 328.2546, NLL: 3.5160, Masked: 27.3515, Reg: 324.709368
Epoch [69/143], Total Loss: 328.2477, NLL: 3.5160, Masked: 27.3548, Reg: 324.702481
Epoch [70/143], Total Loss: 328.2691, NLL: 3.5160, Masked: 27.3576, Reg: 324.723824
Epoch [71/143], Total Loss: 328.2346, NLL: 3.5160, Masked: 27.3585, Reg: 324.689375
Epoch [72/143], Total Loss: 328.2740, NLL: 3.5160, Masked: 27.3560, Reg: 324.728755
Epoch [73/143], Total Loss: 328.2469, NLL: 3.5160, Masked: 27.3534, Reg: 324.701620
Epoch [74/143], Total Loss: 328.2011, NLL: 3.5160, Masked: 27.3561, Reg: 324.655880
Epoch [75/143], Total Loss: 328.2622, NLL: 3.5160, Masked: 27.3567, Reg: 324.716950
Epoch [76/143], Total Loss: 328.2203, NLL: 3.5160, Masked: 27.3541, Reg: 324.675038
Epoch [77/143], Total Loss: 328.1876, NLL: 3.5160, Masked: 27.3561, Reg: 324.642359
Epoch [78/143], Total Loss: 328.2488, NLL: 3.5160, Masked: 27.3559, Reg: 324.703558
Epoch [79/143], Total Loss: 328.1456, NLL: 3.5160, Masked: 27.3487, Reg: 324.600326
Epoch [80/143], Total Loss: 328.1978, NLL: 3.5160, Masked: 27.3555, Reg: 324.652614
Epoch [81/143], Total Loss: 328.1793, NLL: 3.5160, Masked: 27.3579, Reg: 324.634092
Epoch [82/143], Total Loss: 328.1245, NLL: 3.5160, Masked: 27.3575, Reg: 324.579303
Epoch [83/143], Total Loss: 328.2673, NLL: 3.5160, Masked: 27.3581, Reg: 324.722082
Epoch [84/143], Total Loss: 328.1127, NLL: 3.5160, Masked: 27.3556, Reg: 324.567470
Epoch [85/143], Total Loss: 328.1876, NLL: 3.5160, Masked: 27.3583, Reg: 324.642407
Epoch [86/143], Total Loss: 328.1595, NLL: 3.5160, Masked: 27.3460, Reg: 324.614287
Epoch [87/143], Total Loss: 328.1099, NLL: 3.5160, Masked: 27.3547, Reg: 324.564714
Epoch [88/143], Total Loss: 328.2007, NLL: 3.5160, Masked: 27.3525, Reg: 324.655497
Epoch [89/143], Total Loss: 328.0504, NLL: 3.5160, Masked: 27.3544, Reg: 324.505181
Epoch [90/143], Total Loss: 328.1487, NLL: 3.5160, Masked: 27.3471, Reg: 324.603467
Epoch [91/143], Total Loss: 328.1051, NLL: 3.5160, Masked: 27.3519, Reg: 324.559909
Epoch [92/143], Total Loss: 328.1084, NLL: 3.5160, Masked: 27.3566, Reg: 324.563142
Epoch [93/143], Total Loss: 328.1236, NLL: 3.5160, Masked: 27.3551, Reg: 324.578377
Epoch [94/143], Total Loss: 328.0800, NLL: 3.5160, Masked: 27.3548, Reg: 324.534804
Epoch [95/143], Total Loss: 328.1454, NLL: 3.5160, Masked: 27.3567, Reg: 324.600190
Epoch [96/143], Total Loss: 328.0414, NLL: 3.5160, Masked: 27.3595, Reg: 324.496167
Epoch [97/143], Total Loss: 328.1057, NLL: 3.5160, Masked: 27.3578, Reg: 324.560473
Epoch [98/143], Total Loss: 328.0858, NLL: 3.5160, Masked: 27.3514, Reg: 324.540564
Epoch [99/143], Total Loss: 328.0580, NLL: 3.5160, Masked: 27.3517, Reg: 324.512733
Epoch [100/143], Total Loss: 328.0695, NLL: 3.5160, Masked: 27.3552, Reg: 324.524302
Epoch [101/143], Total Loss: 327.9874, NLL: 3.5160, Masked: 27.3539, Reg: 324.442200
Epoch [102/143], Total Loss: 328.0999, NLL: 3.5160, Masked: 27.3499, Reg: 324.554638
Epoch [103/143], Total Loss: 328.0639, NLL: 3.5160, Masked: 27.3525, Reg: 324.518619
Epoch [104/143], Total Loss: 328.0310, NLL: 3.5160, Masked: 27.3493, Reg: 324.485759
Epoch [105/143], Total Loss: 328.0466, NLL: 3.5160, Masked: 27.3469, Reg: 324.501360
Epoch [106/143], Total Loss: 328.0078, NLL: 3.5160, Masked: 27.3572, Reg: 324.462563
Epoch [107/143], Total Loss: 328.0737, NLL: 3.5160, Masked: 27.3549, Reg: 324.528495
Epoch [108/143], Total Loss: 328.0335, NLL: 3.5160, Masked: 27.3595, Reg: 324.488219
Epoch [109/143], Total Loss: 328.0044, NLL: 3.5160, Masked: 27.3561, Reg: 324.459135
Epoch [110/143], Total Loss: 327.9993, NLL: 3.5160, Masked: 27.3591, Reg: 324.454034
Epoch [111/143], Total Loss: 328.0147, NLL: 3.5160, Masked: 27.3515, Reg: 324.469435
Epoch [112/143], Total Loss: 327.9855, NLL: 3.5160, Masked: 27.3510, Reg: 324.440227
Epoch [113/143], Total Loss: 328.0392, NLL: 3.5160, Masked: 27.3535, Reg: 324.493999
Epoch [114/143], Total Loss: 328.0181, NLL: 3.5160, Masked: 27.3535, Reg: 324.472905
Epoch [115/143], Total Loss: 327.9708, NLL: 3.5160, Masked: 27.3476, Reg: 324.425530
Epoch [116/143], Total Loss: 328.0135, NLL: 3.5160, Masked: 27.3550, Reg: 324.468257
Epoch [117/143], Total Loss: 327.9438, NLL: 3.5160, Masked: 27.3533, Reg: 324.398610
Epoch [118/143], Total Loss: 328.0136, NLL: 3.5160, Masked: 27.3552, Reg: 324.468371
Epoch [119/143], Total Loss: 327.9830, NLL: 3.5160, Masked: 27.3500, Reg: 324.437745
Epoch [120/143], Total Loss: 327.9196, NLL: 3.5160, Masked: 27.3522, Reg: 324.374380
Epoch [121/143], Total Loss: 327.9616, NLL: 3.5160, Masked: 27.3498, Reg: 324.416411
Epoch [122/143], Total Loss: 327.9571, NLL: 3.5160, Masked: 27.3570, Reg: 324.411836
Epoch [123/143], Total Loss: 327.9892, NLL: 3.5160, Masked: 27.3615, Reg: 324.443978
Epoch [124/143], Total Loss: 327.9532, NLL: 3.5160, Masked: 27.3567, Reg: 324.407969
Epoch [125/143], Total Loss: 327.9105, NLL: 3.5160, Masked: 27.3559, Reg: 324.365235
Epoch [126/143], Total Loss: 327.9329, NLL: 3.5160, Masked: 27.3525, Reg: 324.387646
Epoch [127/143], Total Loss: 327.9610, NLL: 3.5160, Masked: 27.3532, Reg: 324.415735
Epoch [128/143], Total Loss: 327.9545, NLL: 3.5160, Masked: 27.3550, Reg: 324.409253
Epoch [129/143], Total Loss: 327.9100, NLL: 3.5160, Masked: 27.3576, Reg: 324.364809
Epoch [130/143], Total Loss: 327.9262, NLL: 3.5160, Masked: 27.3574, Reg: 324.380928
Epoch [131/143], Total Loss: 327.9102, NLL: 3.5160, Masked: 27.3527, Reg: 324.365000
Epoch [132/143], Total Loss: 327.9615, NLL: 3.5160, Masked: 27.3527, Reg: 324.416304
Epoch [133/143], Total Loss: 327.9430, NLL: 3.5160, Masked: 27.3636, Reg: 324.397782
Epoch [134/143], Total Loss: 327.9228, NLL: 3.5160, Masked: 27.3535, Reg: 324.377538
Epoch [135/143], Total Loss: 327.9175, NLL: 3.5160, Masked: 27.3522, Reg: 324.372281
Epoch [136/143], Total Loss: 327.8846, NLL: 3.5160, Masked: 27.3547, Reg: 324.339360
Epoch [137/143], Total Loss: 327.9495, NLL: 3.5160, Masked: 27.3571, Reg: 324.404218
Epoch [138/143], Total Loss: 327.9270, NLL: 3.5160, Masked: 27.3532, Reg: 324.381769
Epoch [139/143], Total Loss: 327.9215, NLL: 3.5160, Masked: 27.3538, Reg: 324.376250
Epoch [140/143], Total Loss: 327.8301, NLL: 3.5160, Masked: 27.3555, Reg: 324.284859
Epoch [141/143], Total Loss: 327.9146, NLL: 3.5160, Masked: 27.3520, Reg: 324.369376
Epoch [142/143], Total Loss: 327.8983, NLL: 3.5160, Masked: 27.3568, Reg: 324.353061
Epoch [143/143], Total Loss: 327.9288, NLL: 3.5160, Masked: 27.3485, Reg: 324.383617

==================================================
EVALUATING ON TRAINING DATA
==================================================

==================================================
TEST RESULTS
==================================================
Total Loss: 313.685555
  - ZINB NLL: 3.516044
Total number of masked values: 4084769
  - Number of values with pi >= 0.6968846237164871: 0
  - Number of values with pi < 0.6968846237164871: 4084769
  - Masked Reconstruction: 27.351835
  - Regularization: 310.140324
Mean Absolute Error (MAE): 26.081814
R² Score: -45.202095
==================================================


==================================================
TEST RESULTS
==================================================
Total Loss: 313.653007
  - ZINB NLL: 3.484667
Total number of masked values: 3828401
  - Number of values with pi >= 0.6968846237164871: 0
  - Number of values with pi < 0.6968846237164871: 3828401
  - Masked Reconstruction: 26.254292
  - Regularization: 310.140324
Mean Absolute Error (MAE): 26.428944
R² Score: -55.668682
==================================================


>>> Optimizing zinb_nll on VALIDATION set: 3.484667
>>> Full validation metrics: {'total_loss': 313.65300696958155, 'zinb_nll': 3.4846673581595926, 'mae': 26.428943634033203, 'r2': -55.66868209838867, 'masked_loss': 26.254291929712448, 'reg_loss': 310.14032412447557}

Iteration No: 2 ended. Evaluation done at random point.
Time taken: 3295.8595
Function value obtained: 3.4847
Current minimum: 0.7089
Iteration No: 3 started. Evaluating function at random point.

================================================================================
Trial with parameters:
  features: Centr
  data_point_length: 710
  step_size: 0.9803166391310946
  bin_size: 24
  sample_fraction: 0.3179548258996156
  moving_average: False
  first_layer_size_factor: 60
  num_layers: 5
  use_conv: True
  conv_channel: 112
  pool_size: 6
  kernel_size: 5
  epochs: 32
  batch_size: 128
  pi_threshold: 0.5253152871382157
  learning_rate: 0.000143301094556357
  dropout_rate: 0.007983126110107099
  masked_recon_weight: 0.008386394780402564
  regularizer: l1
  regularization_weight: 0.6065193093671492
================================================================================

Creating datasets with:
  features: ['Centr']
  bin_size: 24
  moving_average: False
  data_point_length: 29 (from 710)
  step_size: 28 (from fraction 0.9803166391310946)
  layers: [np.int64(960), np.int64(480), np.int64(240), np.int64(120), np.int64(60)] (first=960, num=5)
  stride: 1 (fixed), padding: same (fixed)


Clipping outliers using 95th percentile * 1.5...
strain_yTW001: Clipping values above 134.25 (P95=89.50). Clipped 27529/1193409 values (2.31%)
strain_FD: Clipping values above 71.92 (P95=47.94). Clipped 95791/4127807 values (2.32%)
strain_dnrp: Clipping values above 243.00 (P95=162.00). Clipped 25649/1119454 values (2.29%)
strain_yEK19: Clipping values above 77.10 (P95=51.40). Clipped 83713/3893623 values (2.15%)
strain_yEK23: Clipping values above 72.00 (P95=48.00). Clipped 86381/3558407 values (2.43%)
strain_yWT03a: Clipping values above 15.00 (P95=10.00). Clipped 10602/347679 values (3.05%)
strain_yWT04a: Clipping values above 58.50 (P95=39.00). Clipped 21095/725406 values (2.91%)
strain_ylic137: Clipping values above 142.50 (P95=95.00). Clipped 28746/1112684 values (2.58%)
Standardizing features: ['Centr']
Column order in final array (Dataset/Chrom split): ['Value', 'Centromere_Distance', 'Value_Raw', 'Size_Factor']
Removing 0 empty data points out of 66552
Column order in final array (Dataset/Chrom split): ['Value', 'Centromere_Distance', 'Value_Raw', 'Size_Factor']
Removing 0 empty data points out of 36808
Column order in final array (Dataset/Chrom split): ['Value', 'Centromere_Distance', 'Value_Raw', 'Size_Factor']
Removing 0 empty data points out of 40416
Datasets created:
  Train: (66552, 29, 4), Val: (36808, 29, 4), Test: (40416, 29, 4)

Randomly sampled 21160/66552 samples (31.8%)
Applied denoising with 15.0% masking
Applied denoising with 15.0% masking
Applied denoising with 15.0% masking
Epoch [1/32], Total Loss: 13348.7192, NLL: 2.9669, Masked: 29.2704, Reg: 13345.507419
Epoch [2/32], Total Loss: 2415.1642, NLL: 2.9659, Masked: 29.2655, Reg: 2411.952972
Epoch [3/32], Total Loss: 400.3174, NLL: 2.9650, Masked: 29.2685, Reg: 397.106958
Epoch [4/32], Total Loss: 173.8460, NLL: 2.9642, Masked: 29.2645, Reg: 170.636428
Epoch [5/32], Total Loss: 118.3227, NLL: 2.9634, Masked: 29.2689, Reg: 115.113839
Epoch [6/32], Total Loss: 97.3594, NLL: 2.9627, Masked: 29.2612, Reg: 94.151368
Epoch [7/32], Total Loss: 86.8314, NLL: 2.9620, Masked: 29.2755, Reg: 83.623954
Epoch [8/32], Total Loss: 77.9025, NLL: 2.9613, Masked: 29.2603, Reg: 74.695813
Epoch [9/32], Total Loss: 70.3308, NLL: 2.9607, Masked: 29.2649, Reg: 67.124721
Epoch [10/32], Total Loss: 64.1017, NLL: 2.9601, Masked: 29.2610, Reg: 60.896205
Epoch [11/32], Total Loss: 59.0972, NLL: 2.9595, Masked: 29.2694, Reg: 55.892162
Epoch [12/32], Total Loss: 55.4042, NLL: 2.9590, Masked: 29.2667, Reg: 52.199701
Epoch [13/32], Total Loss: 53.0366, NLL: 2.9586, Masked: 29.2699, Reg: 49.832546
Epoch [14/32], Total Loss: 52.0816, NLL: 2.9582, Masked: 29.2643, Reg: 48.878023
Epoch [15/32], Total Loss: 51.6564, NLL: 2.9578, Masked: 29.2715, Reg: 48.453154
Epoch [16/32], Total Loss: 51.2377, NLL: 2.9575, Masked: 29.2688, Reg: 48.034717
Epoch [17/32], Total Loss: 50.8184, NLL: 2.9573, Masked: 29.2670, Reg: 47.615743
Epoch [18/32], Total Loss: 50.4004, NLL: 2.9570, Masked: 29.2722, Reg: 47.197885
Epoch [19/32], Total Loss: 49.9821, NLL: 2.9569, Masked: 29.2642, Reg: 46.779789
Epoch [20/32], Total Loss: 49.5638, NLL: 2.9568, Masked: 29.2717, Reg: 46.361503
Epoch [21/32], Total Loss: 49.1441, NLL: 2.9568, Masked: 29.2655, Reg: 45.941863
Epoch [22/32], Total Loss: 48.7269, NLL: 2.9568, Masked: 29.2657, Reg: 45.524662
Epoch [23/32], Total Loss: 48.3091, NLL: 2.9568, Masked: 29.2645, Reg: 45.106804
Epoch [24/32], Total Loss: 47.8908, NLL: 2.9570, Masked: 29.2700, Reg: 44.688363
Epoch [25/32], Total Loss: 47.4722, NLL: 2.9572, Masked: 29.2700, Reg: 44.269572
Epoch [26/32], Total Loss: 47.0542, NLL: 2.9575, Masked: 29.2740, Reg: 43.851219
Epoch [27/32], Total Loss: 46.6360, NLL: 2.9578, Masked: 29.2694, Reg: 43.432748
Epoch [28/32], Total Loss: 46.2194, NLL: 2.9582, Masked: 29.2700, Reg: 43.015789
Epoch [29/32], Total Loss: 45.8013, NLL: 2.9586, Masked: 29.2665, Reg: 42.597265
Epoch [30/32], Total Loss: 45.3834, NLL: 2.9592, Masked: 29.2694, Reg: 42.178757
Epoch [31/32], Total Loss: 44.9657, NLL: 2.9598, Masked: 29.2638, Reg: 41.760458
Epoch [32/32], Total Loss: 44.5483, NLL: 2.9605, Masked: 29.2729, Reg: 41.342356

==================================================
EVALUATING ON TRAINING DATA
==================================================

==================================================
TEST RESULTS
==================================================
Total Loss: 44.292904
  - ZINB NLL: 2.960821
Total number of masked values: 58806
  - Number of values with pi >= 0.5253152871382157: 0
  - Number of values with pi < 0.5253152871382157: 58806
  - Masked Reconstruction: 29.271421
  - Regularization: 41.086602
Mean Absolute Error (MAE): 26.003807
R² Score: -34.618999
==================================================


==================================================
TEST RESULTS
==================================================
Total Loss: 44.228562
  - ZINB NLL: 2.924957
Total number of masked values: 99351
  - Number of values with pi >= 0.5253152871382157: 0
  - Number of values with pi < 0.5253152871382157: 99351
  - Masked Reconstruction: 25.875748
  - Regularization: 41.086602
Mean Absolute Error (MAE): 26.447748
R² Score: -43.760387
==================================================


>>> Optimizing zinb_nll on VALIDATION set: 2.924957
>>> Full validation metrics: {'total_loss': 44.22856238219459, 'zinb_nll': 2.9249569275306118, 'mae': 26.4477481842041, 'r2': -43.7603874206543, 'masked_loss': 25.87574819387806, 'reg_loss': 41.08660235176237}

Iteration No: 3 ended. Evaluation done at random point.
Time taken: 105.6434
Function value obtained: 2.9250
Current minimum: 0.7089
Iteration No: 4 started. Evaluating function at random point.

================================================================================
Trial with parameters:
  features: Centr
  data_point_length: 4249
  step_size: 0.3800234901308291
  bin_size: 40
  sample_fraction: 0.3866770658410468
  moving_average: False
  first_layer_size_factor: 66
  num_layers: 2
  use_conv: False
  conv_channel: 20
  pool_size: 7
  kernel_size: 5
  epochs: 77
  batch_size: 128
  pi_threshold: 0.5909087983425684
  learning_rate: 9.541624171184559e-05
  dropout_rate: 0.28522198720269976
  masked_recon_weight: 0.12115379992469595
  regularizer: none
  regularization_weight: 8.160879038628487
================================================================================

Creating datasets with:
  features: ['Centr']
  bin_size: 40
  moving_average: False
  data_point_length: 106 (from 4249)
  step_size: 40 (from fraction 0.3800234901308291)
  layers: [np.int64(1056), np.int64(528)] (first=1056, num=2)
  stride: 1 (fixed), padding: same (fixed)


Clipping outliers using 95th percentile * 1.5...
strain_yTW001: Clipping values above 134.25 (P95=89.50). Clipped 27529/1193409 values (2.31%)
strain_FD: Clipping values above 71.92 (P95=47.94). Clipped 95791/4127807 values (2.32%)
strain_dnrp: Clipping values above 243.00 (P95=162.00). Clipped 25649/1119454 values (2.29%)
strain_yEK19: Clipping values above 77.10 (P95=51.40). Clipped 83713/3893623 values (2.15%)
strain_yEK23: Clipping values above 72.00 (P95=48.00). Clipped 86381/3558407 values (2.43%)
strain_yWT03a: Clipping values above 15.00 (P95=10.00). Clipped 10602/347679 values (3.05%)
strain_yWT04a: Clipping values above 58.50 (P95=39.00). Clipped 21095/725406 values (2.91%)
strain_ylic137: Clipping values above 142.50 (P95=95.00). Clipped 28746/1112684 values (2.58%)
Standardizing features: ['Centr']
Column order in final array (Dataset/Chrom split): ['Value', 'Centromere_Distance', 'Value_Raw', 'Size_Factor']
Removing 0 empty data points out of 27864
Column order in final array (Dataset/Chrom split): ['Value', 'Centromere_Distance', 'Value_Raw', 'Size_Factor']
Removing 0 empty data points out of 15424
Column order in final array (Dataset/Chrom split): ['Value', 'Centromere_Distance', 'Value_Raw', 'Size_Factor']
Removing 0 empty data points out of 16936
Datasets created:
  Train: (27864, 106, 4), Val: (15424, 106, 4), Test: (16936, 106, 4)

Randomly sampled 10774/27864 samples (38.7%)
Applied denoising with 15.0% masking
Applied denoising with 15.0% masking
Applied denoising with 15.0% masking
Epoch [1/77], Total Loss: 3.5716, NLL: 2.3911, Masked: 9.7436
Epoch [2/77], Total Loss: 2.4204, NLL: 2.0789, Masked: 2.8189
Epoch [3/77], Total Loss: 2.3482, NLL: 2.0152, Masked: 2.7479
Epoch [4/77], Total Loss: 2.2124, NLL: 1.8963, Masked: 2.6091
Epoch [5/77], Total Loss: 2.1645, NLL: 1.8556, Masked: 2.5496
Epoch [6/77], Total Loss: 2.1482, NLL: 1.8422, Masked: 2.5254
Epoch [7/77], Total Loss: 2.1408, NLL: 1.8363, Masked: 2.5140
Epoch [8/77], Total Loss: 2.1349, NLL: 1.8317, Masked: 2.5031
Epoch [9/77], Total Loss: 2.1315, NLL: 1.8284, Masked: 2.5017
Epoch [10/77], Total Loss: 2.1298, NLL: 1.8275, Masked: 2.4952
Epoch [11/77], Total Loss: 2.1283, NLL: 1.8261, Masked: 2.4950
Epoch [12/77], Total Loss: 2.1284, NLL: 1.8262, Masked: 2.4937
Epoch [13/77], Total Loss: 2.1260, NLL: 1.8242, Masked: 2.4910
Epoch [14/77], Total Loss: 2.1241, NLL: 1.8229, Masked: 2.4857
Epoch [15/77], Total Loss: 2.1227, NLL: 1.8215, Masked: 2.4861
Epoch [16/77], Total Loss: 2.1211, NLL: 1.8207, Masked: 2.4798
Epoch [17/77], Total Loss: 2.1169, NLL: 1.8175, Masked: 2.4712
Epoch [18/77], Total Loss: 2.1051, NLL: 1.8088, Masked: 2.4459
Epoch [19/77], Total Loss: 2.0893, NLL: 1.7965, Masked: 2.4168
Epoch [20/77], Total Loss: 2.0808, NLL: 1.7900, Masked: 2.4001
Epoch [21/77], Total Loss: 2.0721, NLL: 1.7833, Masked: 2.3833
Epoch [22/77], Total Loss: 2.0619, NLL: 1.7748, Masked: 2.3694
Epoch [23/77], Total Loss: 2.0563, NLL: 1.7703, Masked: 2.3607
Epoch [24/77], Total Loss: 2.0519, NLL: 1.7673, Masked: 2.3492
Epoch [25/77], Total Loss: 2.0482, NLL: 1.7643, Masked: 2.3437
Epoch [26/77], Total Loss: 2.0437, NLL: 1.7608, Masked: 2.3346
Epoch [27/77], Total Loss: 2.0393, NLL: 1.7575, Masked: 2.3256
Epoch [28/77], Total Loss: 2.0334, NLL: 1.7529, Masked: 2.3149
Epoch [29/77], Total Loss: 2.0258, NLL: 1.7469, Masked: 2.3019
Epoch [30/77], Total Loss: 2.0207, NLL: 1.7430, Masked: 2.2920
Epoch [31/77], Total Loss: 2.0147, NLL: 1.7382, Masked: 2.2820
Epoch [32/77], Total Loss: 2.0101, NLL: 1.7349, Masked: 2.2713
Epoch [33/77], Total Loss: 2.0053, NLL: 1.7307, Masked: 2.2664
Epoch [34/77], Total Loss: 2.0024, NLL: 1.7285, Masked: 2.2611
Epoch [35/77], Total Loss: 1.9993, NLL: 1.7260, Masked: 2.2562
Epoch [36/77], Total Loss: 1.9969, NLL: 1.7242, Masked: 2.2504
Epoch [37/77], Total Loss: 1.9952, NLL: 1.7227, Masked: 2.2490
Epoch [38/77], Total Loss: 1.9928, NLL: 1.7211, Masked: 2.2426
Epoch [39/77], Total Loss: 1.9914, NLL: 1.7197, Masked: 2.2425
Epoch [40/77], Total Loss: 1.9892, NLL: 1.7181, Masked: 2.2376
Epoch [41/77], Total Loss: 1.9874, NLL: 1.7166, Masked: 2.2354
Epoch [42/77], Total Loss: 1.9849, NLL: 1.7152, Masked: 2.2257
Epoch [43/77], Total Loss: 1.9826, NLL: 1.7136, Masked: 2.2205
Epoch [44/77], Total Loss: 1.9804, NLL: 1.7119, Masked: 2.2161
Epoch [45/77], Total Loss: 1.9790, NLL: 1.7105, Masked: 2.2169
Epoch [46/77], Total Loss: 1.9764, NLL: 1.7086, Masked: 2.2104
Epoch [47/77], Total Loss: 1.9742, NLL: 1.7071, Masked: 2.2042
Epoch [48/77], Total Loss: 1.9718, NLL: 1.7054, Masked: 2.1989
Epoch [49/77], Total Loss: 1.9699, NLL: 1.7038, Masked: 2.1966
Epoch [50/77], Total Loss: 1.9674, NLL: 1.7020, Masked: 2.1902
Epoch [51/77], Total Loss: 1.9660, NLL: 1.7010, Masked: 2.1874
Epoch [52/77], Total Loss: 1.9641, NLL: 1.6996, Masked: 2.1835
Epoch [53/77], Total Loss: 1.9619, NLL: 1.6979, Masked: 2.1788
Epoch [54/77], Total Loss: 1.9602, NLL: 1.6967, Masked: 2.1752
Epoch [55/77], Total Loss: 1.9587, NLL: 1.6956, Masked: 2.1715
Epoch [56/77], Total Loss: 1.9573, NLL: 1.6944, Masked: 2.1698
Epoch [57/77], Total Loss: 1.9544, NLL: 1.6928, Masked: 2.1600
Epoch [58/77], Total Loss: 1.9542, NLL: 1.6921, Masked: 2.1633
Epoch [59/77], Total Loss: 1.9520, NLL: 1.6908, Masked: 2.1561
Epoch [60/77], Total Loss: 1.9508, NLL: 1.6899, Masked: 2.1533
Epoch [61/77], Total Loss: 1.9497, NLL: 1.6894, Masked: 2.1488
Epoch [62/77], Total Loss: 1.9479, NLL: 1.6877, Masked: 2.1475
Epoch [63/77], Total Loss: 1.9459, NLL: 1.6868, Masked: 2.1392
Epoch [64/77], Total Loss: 1.9448, NLL: 1.6856, Masked: 2.1388
Epoch [65/77], Total Loss: 1.9437, NLL: 1.6851, Masked: 2.1343
Epoch [66/77], Total Loss: 1.9426, NLL: 1.6841, Masked: 2.1343
Epoch [67/77], Total Loss: 1.9420, NLL: 1.6840, Masked: 2.1301
Epoch [68/77], Total Loss: 1.9414, NLL: 1.6834, Masked: 2.1293
Epoch [69/77], Total Loss: 1.9401, NLL: 1.6826, Masked: 2.1255
Epoch [70/77], Total Loss: 1.9398, NLL: 1.6822, Masked: 2.1264
Epoch [71/77], Total Loss: 1.9380, NLL: 1.6811, Masked: 2.1201
Epoch [72/77], Total Loss: 1.9372, NLL: 1.6803, Masked: 2.1205
Epoch [73/77], Total Loss: 1.9361, NLL: 1.6799, Masked: 2.1146
Epoch [74/77], Total Loss: 1.9352, NLL: 1.6795, Masked: 2.1099
Epoch [75/77], Total Loss: 1.9345, NLL: 1.6791, Masked: 2.1086
Epoch [76/77], Total Loss: 1.9337, NLL: 1.6784, Masked: 2.1073
Epoch [77/77], Total Loss: 1.9321, NLL: 1.6776, Masked: 2.1000

==================================================
EVALUATING ON TRAINING DATA
==================================================

==================================================
TEST RESULTS
==================================================
Total Loss: 1.921171
  - ZINB NLL: 1.668519
Total number of masked values: 134094
  - Number of values with pi >= 0.5909087983425684: 0
  - Number of values with pi < 0.5909087983425684: 134094
  - Masked Reconstruction: 2.085383
Mean Absolute Error (MAE): 1.905573
R² Score: 0.482166
==================================================


==================================================
TEST RESULTS
==================================================
Total Loss: 1.847282
  - ZINB NLL: 1.606892
Total number of masked values: 189205
  - Number of values with pi >= 0.5909087983425684: 0
  - Number of values with pi < 0.5909087983425684: 189205
  - Masked Reconstruction: 1.984175
Mean Absolute Error (MAE): 1.823699
R² Score: 0.432149
==================================================


>>> Optimizing zinb_nll on VALIDATION set: 1.606892
>>> Full validation metrics: {'total_loss': 1.8472823883982614, 'zinb_nll': 1.6068920495599137, 'mae': 1.823698878288269, 'r2': 0.4321489930152893, 'masked_loss': 1.9841749173476984}

Iteration No: 4 ended. Evaluation done at random point.
Time taken: 79.1030
Function value obtained: 1.6069
Current minimum: 0.7089
Iteration No: 5 started. Evaluating function at random point.

================================================================================
Trial with parameters:
  features: Nucl
  data_point_length: 2929
  step_size: 0.6900633742478862
  bin_size: 97
  sample_fraction: 0.7052756857650135
  moving_average: True
  first_layer_size_factor: 47
  num_layers: 2
  use_conv: True
  conv_channel: 63
  pool_size: 4
  kernel_size: 5
  epochs: 32
  batch_size: 32
  pi_threshold: 0.58453678109946
  learning_rate: 0.002347073130303155
  dropout_rate: 0.30297998739050575
  masked_recon_weight: 5.072283440670043
  regularizer: l2
  regularization_weight: 25.393217281795962
================================================================================

Creating datasets with:
  features: ['Nucl']
  bin_size: 97
  moving_average: True
  data_point_length: 2929 (from 2929)
  step_size: 2021 (from fraction 0.6900633742478862)
  layers: [np.int64(752), np.int64(376)] (first=752, num=2)
  stride: 1 (fixed), padding: same (fixed)


Clipping outliers using 95th percentile * 1.5...
strain_yTW001: Clipping values above 134.25 (P95=89.50). Clipped 27529/1193409 values (2.31%)
strain_FD: Clipping values above 71.92 (P95=47.94). Clipped 95791/4127807 values (2.32%)
strain_dnrp: Clipping values above 243.00 (P95=162.00). Clipped 25649/1119454 values (2.29%)
strain_yEK19: Clipping values above 77.10 (P95=51.40). Clipped 83713/3893623 values (2.15%)
strain_yEK23: Clipping values above 72.00 (P95=48.00). Clipped 86381/3558407 values (2.43%)
strain_yWT03a: Clipping values above 15.00 (P95=10.00). Clipped 10602/347679 values (3.05%)
strain_yWT04a: Clipping values above 58.50 (P95=39.00). Clipped 21095/725406 values (2.91%)
strain_ylic137: Clipping values above 142.50 (P95=95.00). Clipped 28746/1112684 values (2.58%)
Standardizing features: ['Nucl']
Column order in final array (Dataset/Chrom split): ['Value', 'Nucleosome_Distance', 'Value_Raw', 'Size_Factor']
Removing 0 empty data points out of 22112
Column order in final array (Dataset/Chrom split): ['Value', 'Nucleosome_Distance', 'Value_Raw', 'Size_Factor']
Removing 0 empty data points out of 12232
Column order in final array (Dataset/Chrom split): ['Value', 'Nucleosome_Distance', 'Value_Raw', 'Size_Factor']
Removing 0 empty data points out of 13432
Datasets created:
  Train: (22112, 2929, 4), Val: (12232, 2929, 4), Test: (13432, 2929, 4)

Randomly sampled 15595/22112 samples (70.5%)
Applied denoising with 15.0% masking
Applied denoising with 15.0% masking
Applied denoising with 15.0% masking
Epoch [1/32], Total Loss: 139.8126, NLL: 3.2564, Masked: 26.9220, Reg: 169184.715917
Epoch [2/32], Total Loss: 139.9626, NLL: 3.4170, Masked: 26.9200, Reg: 36330.802968
Epoch [3/32], Total Loss: 140.1352, NLL: 3.5616, Masked: 26.9255, Reg: 4349.163156
Epoch [4/32], Total Loss: 140.1713, NLL: 3.6317, Masked: 26.9188, Reg: 237.810218
Epoch [5/32], Total Loss: 140.2119, NLL: 3.6503, Masked: 26.9231, Reg: 8.749404
Epoch [6/32], Total Loss: 140.2045, NLL: 3.6530, Masked: 26.9211, Reg: 4.574773
Epoch [7/32], Total Loss: 140.2169, NLL: 3.6532, Masked: 26.9235, Reg: 5.249550
Epoch [8/32], Total Loss: 140.1899, NLL: 3.6532, Masked: 26.9182, Reg: 5.375114
Epoch [9/32], Total Loss: 140.2315, NLL: 3.6532, Masked: 26.9264, Reg: 4.868534
Epoch [10/32], Total Loss: 140.2328, NLL: 3.6532, Masked: 26.9267, Reg: 4.965752
Epoch [11/32], Total Loss: 140.2310, NLL: 3.6532, Masked: 26.9263, Reg: 4.945977
Epoch [12/32], Total Loss: 140.2112, NLL: 3.6532, Masked: 26.9224, Reg: 4.989403
Epoch [13/32], Total Loss: 140.2148, NLL: 3.6532, Masked: 26.9231, Reg: 4.976411
Epoch [14/32], Total Loss: 140.2024, NLL: 3.6532, Masked: 26.9207, Reg: 4.991369
Epoch [15/32], Total Loss: 140.2188, NLL: 3.6532, Masked: 26.9239, Reg: 5.003421
Epoch [16/32], Total Loss: 140.2217, NLL: 3.6532, Masked: 26.9245, Reg: 5.006189
Epoch [17/32], Total Loss: 140.1923, NLL: 3.6532, Masked: 26.9187, Reg: 5.011143
Epoch [18/32], Total Loss: 140.2002, NLL: 3.6532, Masked: 26.9202, Reg: 5.015013
Epoch [19/32], Total Loss: 140.2031, NLL: 3.6532, Masked: 26.9208, Reg: 5.007741
Epoch [20/32], Total Loss: 140.1860, NLL: 3.6532, Masked: 26.9174, Reg: 5.007742
Epoch [21/32], Total Loss: 140.2137, NLL: 3.6532, Masked: 26.9229, Reg: 5.014143
Epoch [22/32], Total Loss: 140.2158, NLL: 3.6532, Masked: 26.9233, Reg: 5.007157
Epoch [23/32], Total Loss: 140.2300, NLL: 3.6532, Masked: 26.9261, Reg: 5.005476
Epoch [24/32], Total Loss: 140.2042, NLL: 3.6532, Masked: 26.9210, Reg: 5.007295
Epoch [25/32], Total Loss: 140.2507, NLL: 3.6532, Masked: 26.9302, Reg: 5.003764
Epoch [26/32], Total Loss: 140.2303, NLL: 3.6532, Masked: 26.9262, Reg: 4.999169
Epoch [27/32], Total Loss: 140.2223, NLL: 3.6532, Masked: 26.9246, Reg: 4.996059
Epoch [28/32], Total Loss: 140.2507, NLL: 3.6532, Masked: 26.9302, Reg: 4.993383
Epoch [29/32], Total Loss: 140.2258, NLL: 3.6532, Masked: 26.9253, Reg: 4.993315
Epoch [30/32], Total Loss: 140.2184, NLL: 3.6532, Masked: 26.9238, Reg: 4.993051
Epoch [31/32], Total Loss: 140.2269, NLL: 3.6532, Masked: 26.9255, Reg: 4.996296
Epoch [32/32], Total Loss: 140.2034, NLL: 3.6532, Masked: 26.9209, Reg: 5.001625

==================================================
EVALUATING ON TRAINING DATA
==================================================

==================================================
TEST RESULTS
==================================================
Total Loss: 140.265276
  - ZINB NLL: 3.653432
Total number of masked values: 6323295
  - Number of values with pi >= 0.58453678109946: 0
  - Number of values with pi < 0.58453678109946: 6323295
  - Masked Reconstruction: 26.933008
  - Regularization: 4.989928
Mean Absolute Error (MAE): 26.128801
R² Score: -50.224960
==================================================


==================================================
TEST RESULTS
==================================================
Total Loss: 136.972915
  - ZINB NLL: 3.625715
Total number of masked values: 4928430
  - Number of values with pi >= 0.58453678109946: 0
  - Number of values with pi < 0.58453678109946: 4928430
  - Masked Reconstruction: 26.289384
  - Regularization: 4.989928
Mean Absolute Error (MAE): 26.382109
R² Score: -64.623436
==================================================


>>> Optimizing zinb_nll on VALIDATION set: 3.625715
>>> Full validation metrics: {'total_loss': 136.97291520781732, 'zinb_nll': 3.625714714968415, 'mae': 26.382108688354492, 'r2': -64.6234359741211, 'masked_loss': 26.289383678673296, 'reg_loss': 4.98992809571206}

Iteration No: 5 ended. Evaluation done at random point.
Time taken: 794.5303
Function value obtained: 3.6257
Current minimum: 0.7089
Iteration No: 6 started. Evaluating function at random point.

================================================================================
Trial with parameters:
  features: Nucl
  data_point_length: 2523
  step_size: 0.3215575873678085
  bin_size: 38
  sample_fraction: 0.7516309394977055
  moving_average: False
  first_layer_size_factor: 90
  num_layers: 2
  use_conv: False
  conv_channel: 59
  pool_size: 8
  kernel_size: 9
  epochs: 117
  batch_size: 32
  pi_threshold: 0.4024273291045296
  learning_rate: 1.3222110082400287e-05
  dropout_rate: 0.35533144484289375
  masked_recon_weight: 0.0027769194556163863
  regularizer: l2
  regularization_weight: 0.00025824648340043807
================================================================================

Creating datasets with:
  features: ['Nucl']
  bin_size: 38
  moving_average: False
  data_point_length: 66 (from 2523)
  step_size: 21 (from fraction 0.3215575873678085)
  layers: [np.int64(1440), np.int64(720)] (first=1440, num=2)
  stride: 1 (fixed), padding: same (fixed)


Clipping outliers using 95th percentile * 1.5...
strain_yTW001: Clipping values above 134.25 (P95=89.50). Clipped 27529/1193409 values (2.31%)
strain_FD: Clipping values above 71.92 (P95=47.94). Clipped 95791/4127807 values (2.32%)
strain_dnrp: Clipping values above 243.00 (P95=162.00). Clipped 25649/1119454 values (2.29%)
strain_yEK19: Clipping values above 77.10 (P95=51.40). Clipped 83713/3893623 values (2.15%)
strain_yEK23: Clipping values above 72.00 (P95=48.00). Clipped 86381/3558407 values (2.43%)
strain_yWT03a: Clipping values above 15.00 (P95=10.00). Clipped 10602/347679 values (3.05%)
strain_yWT04a: Clipping values above 58.50 (P95=39.00). Clipped 21095/725406 values (2.91%)
strain_ylic137: Clipping values above 142.50 (P95=95.00). Clipped 28746/1112684 values (2.58%)
Standardizing features: ['Nucl']
Column order in final array (Dataset/Chrom split): ['Value', 'Nucleosome_Distance', 'Value_Raw', 'Size_Factor']
Removing 0 empty data points out of 55880
Column order in final array (Dataset/Chrom split): ['Value', 'Nucleosome_Distance', 'Value_Raw', 'Size_Factor']
Removing 0 empty data points out of 30944
Column order in final array (Dataset/Chrom split): ['Value', 'Nucleosome_Distance', 'Value_Raw', 'Size_Factor']
Removing 0 empty data points out of 33968
Datasets created:
  Train: (55880, 66, 4), Val: (30944, 66, 4), Test: (33968, 66, 4)

Randomly sampled 42001/55880 samples (75.2%)
Applied denoising with 15.0% masking
Applied denoising with 15.0% masking
Applied denoising with 15.0% masking
Epoch [1/117], Total Loss: 2.0546, NLL: 2.0392, Masked: 5.5534, Reg: 0.349585
Epoch [2/117], Total Loss: 1.8263, NLL: 1.8190, Masked: 2.6325, Reg: 0.321753
Epoch [3/117], Total Loss: 1.8176, NLL: 1.8104, Masked: 2.6127, Reg: 0.295415
Epoch [4/117], Total Loss: 1.8133, NLL: 1.8061, Masked: 2.5994, Reg: 0.269484
Epoch [5/117], Total Loss: 1.8103, NLL: 1.8031, Masked: 2.5894, Reg: 0.245918
Epoch [6/117], Total Loss: 1.8059, NLL: 1.7988, Masked: 2.5722, Reg: 0.226274
Epoch [7/117], Total Loss: 1.7899, NLL: 1.7829, Masked: 2.5101, Reg: 0.212312
Epoch [8/117], Total Loss: 1.7725, NLL: 1.7656, Masked: 2.4833, Reg: 0.202092
Epoch [9/117], Total Loss: 1.7629, NLL: 1.7561, Masked: 2.4631, Reg: 0.193114
Epoch [10/117], Total Loss: 1.7522, NLL: 1.7455, Masked: 2.4318, Reg: 0.186020
Epoch [11/117], Total Loss: 1.7436, NLL: 1.7368, Masked: 2.4161, Reg: 0.179952
Epoch [12/117], Total Loss: 1.7384, NLL: 1.7317, Masked: 2.4068, Reg: 0.174109
Epoch [13/117], Total Loss: 1.7342, NLL: 1.7275, Masked: 2.3924, Reg: 0.168707
Epoch [14/117], Total Loss: 1.7306, NLL: 1.7240, Masked: 2.3837, Reg: 0.163921
Epoch [15/117], Total Loss: 1.7280, NLL: 1.7214, Masked: 2.3790, Reg: 0.159441
Epoch [16/117], Total Loss: 1.7260, NLL: 1.7194, Masked: 2.3762, Reg: 0.155087
Epoch [17/117], Total Loss: 1.7248, NLL: 1.7182, Masked: 2.3754, Reg: 0.150833
Epoch [18/117], Total Loss: 1.7239, NLL: 1.7174, Masked: 2.3703, Reg: 0.146802
Epoch [19/117], Total Loss: 1.7228, NLL: 1.7163, Masked: 2.3674, Reg: 0.142968
Epoch [20/117], Total Loss: 1.7220, NLL: 1.7155, Masked: 2.3672, Reg: 0.139401
Epoch [21/117], Total Loss: 1.7214, NLL: 1.7148, Masked: 2.3676, Reg: 0.135976
Epoch [22/117], Total Loss: 1.7210, NLL: 1.7144, Masked: 2.3658, Reg: 0.132710
Epoch [23/117], Total Loss: 1.7205, NLL: 1.7139, Masked: 2.3627, Reg: 0.129715
Epoch [24/117], Total Loss: 1.7200, NLL: 1.7134, Masked: 2.3630, Reg: 0.126831
Epoch [25/117], Total Loss: 1.7197, NLL: 1.7131, Masked: 2.3631, Reg: 0.124181
Epoch [26/117], Total Loss: 1.7191, NLL: 1.7125, Masked: 2.3602, Reg: 0.121609
Epoch [27/117], Total Loss: 1.7186, NLL: 1.7120, Masked: 2.3624, Reg: 0.119132
Epoch [28/117], Total Loss: 1.7183, NLL: 1.7117, Masked: 2.3596, Reg: 0.116786
Epoch [29/117], Total Loss: 1.7182, NLL: 1.7116, Masked: 2.3617, Reg: 0.114523
Epoch [30/117], Total Loss: 1.7176, NLL: 1.7111, Masked: 2.3579, Reg: 0.112418
Epoch [31/117], Total Loss: 1.7172, NLL: 1.7107, Masked: 2.3594, Reg: 0.110352
Epoch [32/117], Total Loss: 1.7172, NLL: 1.7106, Masked: 2.3593, Reg: 0.108377
Epoch [33/117], Total Loss: 1.7169, NLL: 1.7103, Masked: 2.3570, Reg: 0.106498
Epoch [34/117], Total Loss: 1.7165, NLL: 1.7099, Masked: 2.3577, Reg: 0.104750
Epoch [35/117], Total Loss: 1.7164, NLL: 1.7098, Masked: 2.3574, Reg: 0.103026
Epoch [36/117], Total Loss: 1.7160, NLL: 1.7094, Masked: 2.3556, Reg: 0.101388
Epoch [37/117], Total Loss: 1.7158, NLL: 1.7093, Masked: 2.3564, Reg: 0.099777
Epoch [38/117], Total Loss: 1.7157, NLL: 1.7091, Masked: 2.3569, Reg: 0.098282
Epoch [39/117], Total Loss: 1.7155, NLL: 1.7089, Masked: 2.3555, Reg: 0.096822
Epoch [40/117], Total Loss: 1.7152, NLL: 1.7087, Masked: 2.3544, Reg: 0.095399
Epoch [41/117], Total Loss: 1.7148, NLL: 1.7083, Masked: 2.3528, Reg: 0.094058
Epoch [42/117], Total Loss: 1.7147, NLL: 1.7081, Masked: 2.3519, Reg: 0.092767
Epoch [43/117], Total Loss: 1.7143, NLL: 1.7078, Masked: 2.3520, Reg: 0.091544
Epoch [44/117], Total Loss: 1.7141, NLL: 1.7075, Masked: 2.3507, Reg: 0.090397
Epoch [45/117], Total Loss: 1.7138, NLL: 1.7073, Masked: 2.3506, Reg: 0.089307
Epoch [46/117], Total Loss: 1.7133, NLL: 1.7068, Masked: 2.3470, Reg: 0.088286
Epoch [47/117], Total Loss: 1.7129, NLL: 1.7064, Masked: 2.3443, Reg: 0.087440
Epoch [48/117], Total Loss: 1.7120, NLL: 1.7055, Masked: 2.3419, Reg: 0.086746
Epoch [49/117], Total Loss: 1.7104, NLL: 1.7039, Masked: 2.3345, Reg: 0.086313
Epoch [50/117], Total Loss: 1.7074, NLL: 1.7010, Masked: 2.3229, Reg: 0.086372
Epoch [51/117], Total Loss: 1.7022, NLL: 1.6958, Masked: 2.3094, Reg: 0.087019
Epoch [52/117], Total Loss: 1.6969, NLL: 1.6905, Masked: 2.2949, Reg: 0.087744
Epoch [53/117], Total Loss: 1.6919, NLL: 1.6856, Masked: 2.2880, Reg: 0.088380
Epoch [54/117], Total Loss: 1.6883, NLL: 1.6820, Masked: 2.2792, Reg: 0.088857
Epoch [55/117], Total Loss: 1.6850, NLL: 1.6787, Masked: 2.2732, Reg: 0.089123
Epoch [56/117], Total Loss: 1.6824, NLL: 1.6761, Masked: 2.2672, Reg: 0.089287
Epoch [57/117], Total Loss: 1.6806, NLL: 1.6742, Masked: 2.2695, Reg: 0.089342
Epoch [58/117], Total Loss: 1.6790, NLL: 1.6727, Masked: 2.2639, Reg: 0.089250
Epoch [59/117], Total Loss: 1.6777, NLL: 1.6714, Masked: 2.2593, Reg: 0.089007
Epoch [60/117], Total Loss: 1.6766, NLL: 1.6703, Masked: 2.2577, Reg: 0.088700
Epoch [61/117], Total Loss: 1.6756, NLL: 1.6694, Masked: 2.2559, Reg: 0.088360
Epoch [62/117], Total Loss: 1.6750, NLL: 1.6688, Masked: 2.2541, Reg: 0.087911
Epoch [63/117], Total Loss: 1.6744, NLL: 1.6682, Masked: 2.2541, Reg: 0.087484
Epoch [64/117], Total Loss: 1.6738, NLL: 1.6675, Masked: 2.2531, Reg: 0.086959
Epoch [65/117], Total Loss: 1.6733, NLL: 1.6670, Masked: 2.2494, Reg: 0.086414
Epoch [66/117], Total Loss: 1.6729, NLL: 1.6667, Masked: 2.2489, Reg: 0.085813
Epoch [67/117], Total Loss: 1.6725, NLL: 1.6662, Masked: 2.2491, Reg: 0.085283
Epoch [68/117], Total Loss: 1.6722, NLL: 1.6659, Masked: 2.2486, Reg: 0.084662
Epoch [69/117], Total Loss: 1.6721, NLL: 1.6658, Masked: 2.2497, Reg: 0.084067
Epoch [70/117], Total Loss: 1.6719, NLL: 1.6656, Masked: 2.2500, Reg: 0.083529
Epoch [71/117], Total Loss: 1.6717, NLL: 1.6654, Masked: 2.2486, Reg: 0.082970
Epoch [72/117], Total Loss: 1.6714, NLL: 1.6652, Masked: 2.2489, Reg: 0.082456
Epoch [73/117], Total Loss: 1.6711, NLL: 1.6649, Masked: 2.2477, Reg: 0.081915
Epoch [74/117], Total Loss: 1.6711, NLL: 1.6649, Masked: 2.2484, Reg: 0.081372
Epoch [75/117], Total Loss: 1.6707, NLL: 1.6645, Masked: 2.2467, Reg: 0.080833
Epoch [76/117], Total Loss: 1.6705, NLL: 1.6643, Masked: 2.2469, Reg: 0.080290
Epoch [77/117], Total Loss: 1.6708, NLL: 1.6646, Masked: 2.2471, Reg: 0.079765
Epoch [78/117], Total Loss: 1.6705, NLL: 1.6642, Masked: 2.2469, Reg: 0.079273
Epoch [79/117], Total Loss: 1.6704, NLL: 1.6642, Masked: 2.2481, Reg: 0.078839
Epoch [80/117], Total Loss: 1.6705, NLL: 1.6642, Masked: 2.2471, Reg: 0.078354
Epoch [81/117], Total Loss: 1.6701, NLL: 1.6638, Masked: 2.2449, Reg: 0.077903
Epoch [82/117], Total Loss: 1.6701, NLL: 1.6639, Masked: 2.2427, Reg: 0.077429
Epoch [83/117], Total Loss: 1.6701, NLL: 1.6639, Masked: 2.2457, Reg: 0.077015
Epoch [84/117], Total Loss: 1.6699, NLL: 1.6637, Masked: 2.2455, Reg: 0.076625
Epoch [85/117], Total Loss: 1.6699, NLL: 1.6637, Masked: 2.2461, Reg: 0.076212
Epoch [86/117], Total Loss: 1.6698, NLL: 1.6636, Masked: 2.2441, Reg: 0.075776
Epoch [87/117], Total Loss: 1.6696, NLL: 1.6634, Masked: 2.2455, Reg: 0.075433
Epoch [88/117], Total Loss: 1.6696, NLL: 1.6634, Masked: 2.2457, Reg: 0.075046
Epoch [89/117], Total Loss: 1.6696, NLL: 1.6634, Masked: 2.2435, Reg: 0.074697
Epoch [90/117], Total Loss: 1.6696, NLL: 1.6633, Masked: 2.2470, Reg: 0.074363
Epoch [91/117], Total Loss: 1.6694, NLL: 1.6632, Masked: 2.2438, Reg: 0.074062
Epoch [92/117], Total Loss: 1.6693, NLL: 1.6631, Masked: 2.2436, Reg: 0.073750
Epoch [93/117], Total Loss: 1.6693, NLL: 1.6631, Masked: 2.2455, Reg: 0.073423
Epoch [94/117], Total Loss: 1.6692, NLL: 1.6630, Masked: 2.2433, Reg: 0.073075
Epoch [95/117], Total Loss: 1.6691, NLL: 1.6628, Masked: 2.2436, Reg: 0.072768
Epoch [96/117], Total Loss: 1.6692, NLL: 1.6630, Masked: 2.2444, Reg: 0.072554
Epoch [97/117], Total Loss: 1.6692, NLL: 1.6630, Masked: 2.2431, Reg: 0.072236
Epoch [98/117], Total Loss: 1.6690, NLL: 1.6628, Masked: 2.2437, Reg: 0.072044
Epoch [99/117], Total Loss: 1.6690, NLL: 1.6628, Masked: 2.2423, Reg: 0.071793
Epoch [100/117], Total Loss: 1.6690, NLL: 1.6628, Masked: 2.2421, Reg: 0.071520
Epoch [101/117], Total Loss: 1.6690, NLL: 1.6628, Masked: 2.2434, Reg: 0.071309
Epoch [102/117], Total Loss: 1.6688, NLL: 1.6626, Masked: 2.2432, Reg: 0.071119
Epoch [103/117], Total Loss: 1.6690, NLL: 1.6628, Masked: 2.2438, Reg: 0.070903
Epoch [104/117], Total Loss: 1.6690, NLL: 1.6628, Masked: 2.2456, Reg: 0.070744
Epoch [105/117], Total Loss: 1.6688, NLL: 1.6626, Masked: 2.2407, Reg: 0.070585
Epoch [106/117], Total Loss: 1.6690, NLL: 1.6628, Masked: 2.2423, Reg: 0.070420
Epoch [107/117], Total Loss: 1.6686, NLL: 1.6624, Masked: 2.2425, Reg: 0.070253
Epoch [108/117], Total Loss: 1.6688, NLL: 1.6625, Masked: 2.2428, Reg: 0.070086
Epoch [109/117], Total Loss: 1.6686, NLL: 1.6624, Masked: 2.2422, Reg: 0.070005
Epoch [110/117], Total Loss: 1.6686, NLL: 1.6623, Masked: 2.2429, Reg: 0.069904
Epoch [111/117], Total Loss: 1.6686, NLL: 1.6623, Masked: 2.2418, Reg: 0.069736
Epoch [112/117], Total Loss: 1.6687, NLL: 1.6625, Masked: 2.2435, Reg: 0.069624
Epoch [113/117], Total Loss: 1.6686, NLL: 1.6623, Masked: 2.2423, Reg: 0.069510
Epoch [114/117], Total Loss: 1.6684, NLL: 1.6622, Masked: 2.2437, Reg: 0.069491
Epoch [115/117], Total Loss: 1.6684, NLL: 1.6622, Masked: 2.2438, Reg: 0.069378
Epoch [116/117], Total Loss: 1.6683, NLL: 1.6621, Masked: 2.2408, Reg: 0.069288
Epoch [117/117], Total Loss: 1.6684, NLL: 1.6622, Masked: 2.2423, Reg: 0.069217

==================================================
EVALUATING ON TRAINING DATA
==================================================

==================================================
TEST RESULTS
==================================================
Total Loss: 1.661325
  - ZINB NLL: 1.655170
Total number of masked values: 312899
  - Number of values with pi >= 0.4024273291045296: 0
  - Number of values with pi < 0.4024273291045296: 312899
  - Masked Reconstruction: 2.216299
  - Regularization: 0.069190
Mean Absolute Error (MAE): 1.940983
R² Score: 0.475383
==================================================


==================================================
TEST RESULTS
==================================================
Total Loss: 1.586899
  - ZINB NLL: 1.581486
Total number of masked values: 226544
  - Number of values with pi >= 0.4024273291045296: 0
  - Number of values with pi < 0.4024273291045296: 226544
  - Masked Reconstruction: 1.949395
  - Regularization: 0.069190
Mean Absolute Error (MAE): 1.793326
R² Score: 0.453789
==================================================


>>> Optimizing zinb_nll on VALIDATION set: 1.581486
>>> Full validation metrics: {'total_loss': 1.5868992288332073, 'zinb_nll': 1.581485914900483, 'mae': 1.7933255434036255, 'r2': 0.4537888765335083, 'masked_loss': 1.9493946325815945, 'reg_loss': 0.06919030762189354}

Iteration No: 6 ended. Evaluation done at random point.
Time taken: 687.5260
Function value obtained: 1.5815
Current minimum: 0.7089
Iteration No: 7 started. Evaluating function at random point.

================================================================================
Trial with parameters:
  features: Nucl
  data_point_length: 2639
  step_size: 0.6724566789822879
  bin_size: 70
  sample_fraction: 0.3544985908044068
  moving_average: False
  first_layer_size_factor: 83
  num_layers: 2
  use_conv: False
  conv_channel: 83
  pool_size: 6
  kernel_size: 9
  epochs: 105
  batch_size: 32
  pi_threshold: 0.34219770393210824
  learning_rate: 0.0002342090710043416
  dropout_rate: 0.10922021860841682
  masked_recon_weight: 0.046348938420483286
  regularizer: none
  regularization_weight: 0.001863867977972393
================================================================================

Creating datasets with:
  features: ['Nucl']
  bin_size: 70
  moving_average: False
  data_point_length: 37 (from 2639)
  step_size: 24 (from fraction 0.6724566789822879)
  layers: [np.int64(1328), np.int64(664)] (first=1328, num=2)
  stride: 1 (fixed), padding: same (fixed)


Clipping outliers using 95th percentile * 1.5...
strain_yTW001: Clipping values above 134.25 (P95=89.50). Clipped 27529/1193409 values (2.31%)
strain_FD: Clipping values above 71.92 (P95=47.94). Clipped 95791/4127807 values (2.32%)
strain_dnrp: Clipping values above 243.00 (P95=162.00). Clipped 25649/1119454 values (2.29%)
strain_yEK19: Clipping values above 77.10 (P95=51.40). Clipped 83713/3893623 values (2.15%)
strain_yEK23: Clipping values above 72.00 (P95=48.00). Clipped 86381/3558407 values (2.43%)
strain_yWT03a: Clipping values above 15.00 (P95=10.00). Clipped 10602/347679 values (3.05%)
strain_yWT04a: Clipping values above 58.50 (P95=39.00). Clipped 21095/725406 values (2.91%)
strain_ylic137: Clipping values above 142.50 (P95=95.00). Clipped 28746/1112684 values (2.58%)
Standardizing features: ['Nucl']
Column order in final array (Dataset/Chrom split): ['Value', 'Nucleosome_Distance', 'Value_Raw', 'Size_Factor']
Removing 0 empty data points out of 26592
Column order in final array (Dataset/Chrom split): ['Value', 'Nucleosome_Distance', 'Value_Raw', 'Size_Factor']
Removing 0 empty data points out of 14720
Column order in final array (Dataset/Chrom split): ['Value', 'Nucleosome_Distance', 'Value_Raw', 'Size_Factor']
Removing 0 empty data points out of 16168
Datasets created:
  Train: (26592, 37, 4), Val: (14720, 37, 4), Test: (16168, 37, 4)

Randomly sampled 9426/26592 samples (35.4%)
Applied denoising with 15.0% masking
Applied denoising with 15.0% masking
Applied denoising with 15.0% masking
Epoch [1/105], Total Loss: 2.1009, NLL: 1.9368, Masked: 3.5403
Epoch [2/105], Total Loss: 1.8863, NLL: 1.7851, Masked: 2.1838
Epoch [3/105], Total Loss: 1.8332, NLL: 1.7375, Masked: 2.0649
Epoch [4/105], Total Loss: 1.8120, NLL: 1.7191, Masked: 2.0043
Epoch [5/105], Total Loss: 1.7948, NLL: 1.7039, Masked: 1.9631
Epoch [6/105], Total Loss: 1.7838, NLL: 1.6942, Masked: 1.9331
Epoch [7/105], Total Loss: 1.7761, NLL: 1.6876, Masked: 1.9090
Epoch [8/105], Total Loss: 1.7678, NLL: 1.6810, Masked: 1.8727
Epoch [9/105], Total Loss: 1.7607, NLL: 1.6750, Masked: 1.8490
Epoch [10/105], Total Loss: 1.7528, NLL: 1.6683, Masked: 1.8230
Epoch [11/105], Total Loss: 1.7467, NLL: 1.6636, Masked: 1.7923
Epoch [12/105], Total Loss: 1.7412, NLL: 1.6593, Masked: 1.7675
Epoch [13/105], Total Loss: 1.7354, NLL: 1.6546, Masked: 1.7436
Epoch [14/105], Total Loss: 1.7312, NLL: 1.6514, Masked: 1.7209
Epoch [15/105], Total Loss: 1.7270, NLL: 1.6481, Masked: 1.7036
Epoch [16/105], Total Loss: 1.7226, NLL: 1.6449, Masked: 1.6764
Epoch [17/105], Total Loss: 1.7184, NLL: 1.6417, Masked: 1.6549
Epoch [18/105], Total Loss: 1.7153, NLL: 1.6391, Masked: 1.6439
Epoch [19/105], Total Loss: 1.7118, NLL: 1.6367, Masked: 1.6216
Epoch [20/105], Total Loss: 1.7086, NLL: 1.6344, Masked: 1.6007
Epoch [21/105], Total Loss: 1.7055, NLL: 1.6323, Masked: 1.5807
Epoch [22/105], Total Loss: 1.7025, NLL: 1.6299, Masked: 1.5656
Epoch [23/105], Total Loss: 1.7009, NLL: 1.6289, Masked: 1.5534
Epoch [24/105], Total Loss: 1.6984, NLL: 1.6274, Masked: 1.5315
Epoch [25/105], Total Loss: 1.6959, NLL: 1.6254, Masked: 1.5209
Epoch [26/105], Total Loss: 1.6943, NLL: 1.6244, Masked: 1.5078
Epoch [27/105], Total Loss: 1.6920, NLL: 1.6227, Masked: 1.4953
Epoch [28/105], Total Loss: 1.6904, NLL: 1.6218, Masked: 1.4787
Epoch [29/105], Total Loss: 1.6883, NLL: 1.6202, Masked: 1.4683
