Device: cuda
Checkpoint metadata saved to: AE/results/bayesian_optimization/checkpoint_combined_20260209_161031_metadata.json

################################################################################
# Starting Bayesian Hyperparameter Optimization
# Optimizing metric: combined on VALIDATION set
# Number of trials: 150
# Initial random points: 20
# Random state: 42
# Parallel jobs: 1
# Checkpoint will be saved to: AE/results/bayesian_optimization/checkpoint_combined_20260209_161031.pkl
################################################################################

Iteration No: 1 started. Evaluating function at random point.

================================================================================
Trial with parameters:
  features: Nucl
  data_point_length: 1325
  step_size: 0.8347682502045771
  bin_size: 60
  sample_fraction: 0.5843745646401934
  moving_average: True
  first_layer_size_factor: 71
  num_layers: 2
  use_conv: True
  conv_channel: 89
  pool_size: 2
  kernel_size: 7
  epochs: 143
  batch_size: 32
  noise_level: 0.892990403362096
  pi_threshold: 0.5469926038510866
  learning_rate: 0.0006838478430964049
  dropout_rate: 0.003533152609858704
  masked_recon_weight: 0.0012366582530130826
  regularizer: l2
  regularization_weight: 0.006295450333384259
================================================================================

Creating datasets with:
  features: ['Nucl']
  bin_size: 60
  moving_average: True
  data_point_length: 1325 (from 1325)
  step_size: 1106 (from fraction 0.8347682502045771)
  layers: [np.int64(1136), np.int64(568)] (first=1136, num=2)
  stride: 1 (fixed), padding: same (fixed)


Clipping outliers using 95th percentile * 1.5...
strain_yTW001: Clipping values above 134.25 (P95=89.50). Clipped 27529/1193409 values (2.31%)
strain_FD: Clipping values above 71.92 (P95=47.94). Clipped 95791/4127807 values (2.32%)
strain_dnrp: Clipping values above 243.00 (P95=162.00). Clipped 25649/1119454 values (2.29%)
strain_yEK19: Clipping values above 77.10 (P95=51.40). Clipped 83713/3893623 values (2.15%)
strain_yEK23: Clipping values above 72.00 (P95=48.00). Clipped 86381/3558407 values (2.43%)
strain_yWT03a: Clipping values above 15.00 (P95=10.00). Clipped 10602/347679 values (3.05%)
strain_yWT04a: Clipping values above 58.50 (P95=39.00). Clipped 21095/725406 values (2.91%)
strain_ylic137: Clipping values above 142.50 (P95=95.00). Clipped 28746/1112684 values (2.58%)
Standardizing features: ['Nucl']
Column order in final array (Dataset/Chrom split): ['Value', 'Nucleosome_Distance', 'Value_Raw', 'Size_Factor']
Removing 0 empty data points out of 55392
Column order in final array (Dataset/Chrom split): ['Value', 'Nucleosome_Distance', 'Value_Raw', 'Size_Factor']
Removing 0 empty data points out of 12152
Column order in final array (Dataset/Chrom split): ['Value', 'Nucleosome_Distance', 'Value_Raw', 'Size_Factor']
Removing 0 empty data points out of 19800
Datasets created:
  Train: (55392, 1325, 4), Val: (12152, 1325, 4), Test: (19800, 1325, 4)


ERROR during training: invalid literal for int() with base 10: 'same'
Parameters that caused error: {'features': 'Nucl', 'data_point_length': np.int64(1325), 'step_size': 0.8347682502045771, 'bin_size': np.int64(60), 'sample_fraction': 0.5843745646401934, 'moving_average': True, 'first_layer_size_factor': np.int64(71), 'num_layers': np.int64(2), 'use_conv': True, 'conv_channel': np.int64(89), 'pool_size': np.int64(2), 'kernel_size': 7, 'epochs': np.int64(143), 'batch_size': 32, 'noise_level': 0.892990403362096, 'pi_threshold': 0.5469926038510866, 'learning_rate': 0.0006838478430964049, 'dropout_rate': 0.003533152609858704, 'masked_recon_weight': 0.0012366582530130826, 'regularizer': 'l2', 'regularization_weight': 0.006295450333384259}

